Archive member included to satisfy reference by file (symbol)

c:/st/stm32cubeide_1.11.2/stm32cubeide/plugins/com.st.stm32cube.ide.mcu.externaltools.gnu-tools-for-stm32.10.3-2021.10.win32_1.0.200.202301161003/tools/bin/../lib/gcc/arm-none-eabi/10.3.1/../../../../arm-none-eabi/lib/thumb/v7e-m+fp/hard\libc_nano.a(lib_a-errno.o)
                              ./Core/Src/syscalls.o (__errno)
c:/st/stm32cubeide_1.11.2/stm32cubeide/plugins/com.st.stm32cube.ide.mcu.externaltools.gnu-tools-for-stm32.10.3-2021.10.win32_1.0.200.202301161003/tools/bin/../lib/gcc/arm-none-eabi/10.3.1/../../../../arm-none-eabi/lib/thumb/v7e-m+fp/hard\libc_nano.a(lib_a-exit.o)
                              c:/st/stm32cubeide_1.11.2/stm32cubeide/plugins/com.st.stm32cube.ide.mcu.externaltools.gnu-tools-for-stm32.10.3-2021.10.win32_1.0.200.202301161003/tools/bin/../lib/gcc/arm-none-eabi/10.3.1/../../../../arm-none-eabi/lib/thumb/v7e-m+fp/hard/crt0.o (exit)
c:/st/stm32cubeide_1.11.2/stm32cubeide/plugins/com.st.stm32cube.ide.mcu.externaltools.gnu-tools-for-stm32.10.3-2021.10.win32_1.0.200.202301161003/tools/bin/../lib/gcc/arm-none-eabi/10.3.1/../../../../arm-none-eabi/lib/thumb/v7e-m+fp/hard\libc_nano.a(lib_a-impure.o)
                              c:/st/stm32cubeide_1.11.2/stm32cubeide/plugins/com.st.stm32cube.ide.mcu.externaltools.gnu-tools-for-stm32.10.3-2021.10.win32_1.0.200.202301161003/tools/bin/../lib/gcc/arm-none-eabi/10.3.1/../../../../arm-none-eabi/lib/thumb/v7e-m+fp/hard\libc_nano.a(lib_a-exit.o) (_global_impure_ptr)
c:/st/stm32cubeide_1.11.2/stm32cubeide/plugins/com.st.stm32cube.ide.mcu.externaltools.gnu-tools-for-stm32.10.3-2021.10.win32_1.0.200.202301161003/tools/bin/../lib/gcc/arm-none-eabi/10.3.1/../../../../arm-none-eabi/lib/thumb/v7e-m+fp/hard\libc_nano.a(lib_a-init.o)
                              c:/st/stm32cubeide_1.11.2/stm32cubeide/plugins/com.st.stm32cube.ide.mcu.externaltools.gnu-tools-for-stm32.10.3-2021.10.win32_1.0.200.202301161003/tools/bin/../lib/gcc/arm-none-eabi/10.3.1/../../../../arm-none-eabi/lib/thumb/v7e-m+fp/hard/crt0.o (__libc_init_array)
c:/st/stm32cubeide_1.11.2/stm32cubeide/plugins/com.st.stm32cube.ide.mcu.externaltools.gnu-tools-for-stm32.10.3-2021.10.win32_1.0.200.202301161003/tools/bin/../lib/gcc/arm-none-eabi/10.3.1/../../../../arm-none-eabi/lib/thumb/v7e-m+fp/hard\libc_nano.a(lib_a-memcpy-stub.o)
                              ./Middlewares/Third_Party/FreeRTOS/Source/queue.o (memcpy)
c:/st/stm32cubeide_1.11.2/stm32cubeide/plugins/com.st.stm32cube.ide.mcu.externaltools.gnu-tools-for-stm32.10.3-2021.10.win32_1.0.200.202301161003/tools/bin/../lib/gcc/arm-none-eabi/10.3.1/../../../../arm-none-eabi/lib/thumb/v7e-m+fp/hard\libc_nano.a(lib_a-memset.o)
                              c:/st/stm32cubeide_1.11.2/stm32cubeide/plugins/com.st.stm32cube.ide.mcu.externaltools.gnu-tools-for-stm32.10.3-2021.10.win32_1.0.200.202301161003/tools/bin/../lib/gcc/arm-none-eabi/10.3.1/../../../../arm-none-eabi/lib/thumb/v7e-m+fp/hard/crt0.o (memset)
c:/st/stm32cubeide_1.11.2/stm32cubeide/plugins/com.st.stm32cube.ide.mcu.externaltools.gnu-tools-for-stm32.10.3-2021.10.win32_1.0.200.202301161003/tools/bin/../lib/gcc/arm-none-eabi/10.3.1/thumb/v7e-m+fp/hard\libgcc.a(_aeabi_uldivmod.o)
                              ./Drivers/STM32F4xx_HAL_Driver/Src/stm32f4xx_hal_rcc.o (__aeabi_uldivmod)
c:/st/stm32cubeide_1.11.2/stm32cubeide/plugins/com.st.stm32cube.ide.mcu.externaltools.gnu-tools-for-stm32.10.3-2021.10.win32_1.0.200.202301161003/tools/bin/../lib/gcc/arm-none-eabi/10.3.1/thumb/v7e-m+fp/hard\libgcc.a(_udivmoddi4.o)
                              c:/st/stm32cubeide_1.11.2/stm32cubeide/plugins/com.st.stm32cube.ide.mcu.externaltools.gnu-tools-for-stm32.10.3-2021.10.win32_1.0.200.202301161003/tools/bin/../lib/gcc/arm-none-eabi/10.3.1/thumb/v7e-m+fp/hard\libgcc.a(_aeabi_uldivmod.o) (__udivmoddi4)
c:/st/stm32cubeide_1.11.2/stm32cubeide/plugins/com.st.stm32cube.ide.mcu.externaltools.gnu-tools-for-stm32.10.3-2021.10.win32_1.0.200.202301161003/tools/bin/../lib/gcc/arm-none-eabi/10.3.1/thumb/v7e-m+fp/hard\libgcc.a(_dvmd_tls.o)
                              c:/st/stm32cubeide_1.11.2/stm32cubeide/plugins/com.st.stm32cube.ide.mcu.externaltools.gnu-tools-for-stm32.10.3-2021.10.win32_1.0.200.202301161003/tools/bin/../lib/gcc/arm-none-eabi/10.3.1/thumb/v7e-m+fp/hard\libgcc.a(_aeabi_uldivmod.o) (__aeabi_ldiv0)

Discarded input sections

 .text          0x0000000000000000        0x0 c:/st/stm32cubeide_1.11.2/stm32cubeide/plugins/com.st.stm32cube.ide.mcu.externaltools.gnu-tools-for-stm32.10.3-2021.10.win32_1.0.200.202301161003/tools/bin/../lib/gcc/arm-none-eabi/10.3.1/thumb/v7e-m+fp/hard/crti.o
 .data          0x0000000000000000        0x0 c:/st/stm32cubeide_1.11.2/stm32cubeide/plugins/com.st.stm32cube.ide.mcu.externaltools.gnu-tools-for-stm32.10.3-2021.10.win32_1.0.200.202301161003/tools/bin/../lib/gcc/arm-none-eabi/10.3.1/thumb/v7e-m+fp/hard/crti.o
[...]
Memory Configuration

Name             Origin             Length             Attributes
CCMRAM           0x0000000010000000 0x0000000000010000 xrw
RAM              0x0000000020000000 0x0000000000020000 xrw
FLASH            0x0000000008000000 0x0000000000080000 xr
*default*        0x0000000000000000 0xffffffffffffffff

Linker script and memory map

LOAD c:/st/stm32cubeide_1.11.2/stm32cubeide/plugins/com.st.stm32cube.ide.mcu.externaltools.gnu-tools-for-stm32.10.3-2021.10.win32_1.0.200.202301161003/tools/bin/../lib/gcc/arm-none-eabi/10.3.1/thumb/v7e-m+fp/hard/crti.o
LOAD c:/st/stm32cubeide_1.11.2/stm32cubeide/plugins/com.st.stm32cube.ide.mcu.externaltools.gnu-tools-for-stm32.10.3-2021.10.win32_1.0.200.202301161003/tools/bin/../lib/gcc/arm-none-eabi/10.3.1/thumb/v7e-m+fp/hard/crtbegin.o
LOAD c:/st/stm32cubeide_1.11.2/stm32cubeide/plugins/com.st.stm32cube.ide.mcu.externaltools.gnu-tools-for-stm32.10.3-2021.10.win32_1.0.200.202301161003/tools/bin/../lib/gcc/arm-none-eabi/10.3.1/../../../../arm-none-eabi/lib/thumb/v7e-m+fp/hard/crt0.o
LOAD ./Core/Src/freertos.o
LOAD ./Core/Src/gpio.o
LOAD ./Core/Src/main.o
LOAD ./Core/Src/stm32f4xx_hal_msp.o
LOAD ./Core/Src/stm32f4xx_hal_timebase_tim.o
LOAD ./Core/Src/stm32f4xx_it.o
LOAD ./Core/Src/syscalls.o
LOAD ./Core/Src/sysmem.o
LOAD ./Core/Src/system_stm32f4xx.o
LOAD ./Core/Startup/startup_stm32f407vetx.o
LOAD ./Drivers/STM32F4xx_HAL_Driver/Src/stm32f4xx_hal.o
LOAD ./Drivers/STM32F4xx_HAL_Driver/Src/stm32f4xx_hal_cortex.o
LOAD ./Drivers/STM32F4xx_HAL_Driver/Src/stm32f4xx_hal_dma.o
LOAD ./Drivers/STM32F4xx_HAL_Driver/Src/stm32f4xx_hal_dma_ex.o
LOAD ./Drivers/STM32F4xx_HAL_Driver/Src/stm32f4xx_hal_exti.o
LOAD ./Drivers/STM32F4xx_HAL_Driver/Src/stm32f4xx_hal_flash.o
LOAD ./Drivers/STM32F4xx_HAL_Driver/Src/stm32f4xx_hal_flash_ex.o
LOAD ./Drivers/STM32F4xx_HAL_Driver/Src/stm32f4xx_hal_flash_ramfunc.o
LOAD ./Drivers/STM32F4xx_HAL_Driver/Src/stm32f4xx_hal_gpio.o
LOAD ./Drivers/STM32F4xx_HAL_Driver/Src/stm32f4xx_hal_pwr.o
LOAD ./Drivers/STM32F4xx_HAL_Driver/Src/stm32f4xx_hal_pwr_ex.o
LOAD ./Drivers/STM32F4xx_HAL_Driver/Src/stm32f4xx_hal_rcc.o
LOAD ./Drivers/STM32F4xx_HAL_Driver/Src/stm32f4xx_hal_rcc_ex.o
LOAD ./Drivers/STM32F4xx_HAL_Driver/Src/stm32f4xx_hal_tim.o
LOAD ./Drivers/STM32F4xx_HAL_Driver/Src/stm32f4xx_hal_tim_ex.o
LOAD ./Middlewares/Third_Party/FreeRTOS/Source/CMSIS_RTOS/cmsis_os.o
LOAD ./Middlewares/Third_Party/FreeRTOS/Source/croutine.o
LOAD ./Middlewares/Third_Party/FreeRTOS/Source/event_groups.o
LOAD ./Middlewares/Third_Party/FreeRTOS/Source/list.o
LOAD ./Middlewares/Third_Party/FreeRTOS/Source/queue.o
LOAD ./Middlewares/Third_Party/FreeRTOS/Source/stream_buffer.o
LOAD ./Middlewares/Third_Party/FreeRTOS/Source/tasks.o
LOAD ./Middlewares/Third_Party/FreeRTOS/Source/timers.o
LOAD ./Middlewares/Third_Party/FreeRTOS/Source/portable/GCC/ARM_CM4F/port.o
START GROUP
LOAD c:/st/stm32cubeide_1.11.2/stm32cubeide/plugins/com.st.stm32cube.ide.mcu.externaltools.gnu-tools-for-stm32.10.3-2021.10.win32_1.0.200.202301161003/tools/bin/../lib/gcc/arm-none-eabi/10.3.1/../../../../arm-none-eabi/lib/thumb/v7e-m+fp/hard\libc_nano.a
LOAD c:/st/stm32cubeide_1.11.2/stm32cubeide/plugins/com.st.stm32cube.ide.mcu.externaltools.gnu-tools-for-stm32.10.3-2021.10.win32_1.0.200.202301161003/tools/bin/../lib/gcc/arm-none-eabi/10.3.1/../../../../arm-none-eabi/lib/thumb/v7e-m+fp/hard\libm.a
END GROUP
START GROUP
LOAD c:/st/stm32cubeide_1.11.2/stm32cubeide/plugins/com.st.stm32cube.ide.mcu.externaltools.gnu-tools-for-stm32.10.3-2021.10.win32_1.0.200.202301161003/tools/bin/../lib/gcc/arm-none-eabi/10.3.1/thumb/v7e-m+fp/hard\libgcc.a
LOAD c:/st/stm32cubeide_1.11.2/stm32cubeide/plugins/com.st.stm32cube.ide.mcu.externaltools.gnu-tools-for-stm32.10.3-2021.10.win32_1.0.200.202301161003/tools/bin/../lib/gcc/arm-none-eabi/10.3.1/../../../../arm-none-eabi/lib/thumb/v7e-m+fp/hard\libc_nano.a
END GROUP
START GROUP
LOAD c:/st/stm32cubeide_1.11.2/stm32cubeide/plugins/com.st.stm32cube.ide.mcu.externaltools.gnu-tools-for-stm32.10.3-2021.10.win32_1.0.200.202301161003/tools/bin/../lib/gcc/arm-none-eabi/10.3.1/thumb/v7e-m+fp/hard\libgcc.a
LOAD c:/st/stm32cubeide_1.11.2/stm32cubeide/plugins/com.st.stm32cube.ide.mcu.externaltools.gnu-tools-for-stm32.10.3-2021.10.win32_1.0.200.202301161003/tools/bin/../lib/gcc/arm-none-eabi/10.3.1/../../../../arm-none-eabi/lib/thumb/v7e-m+fp/hard\libc_nano.a
LOAD c:/st/stm32cubeide_1.11.2/stm32cubeide/plugins/com.st.stm32cube.ide.mcu.externaltools.gnu-tools-for-stm32.10.3-2021.10.win32_1.0.200.202301161003/tools/bin/../lib/gcc/arm-none-eabi/10.3.1/../../../../arm-none-eabi/lib/thumb/v7e-m+fp/hard\libnosys.a
END GROUP
START GROUP
LOAD c:/st/stm32cubeide_1.11.2/stm32cubeide/plugins/com.st.stm32cube.ide.mcu.externaltools.gnu-tools-for-stm32.10.3-2021.10.win32_1.0.200.202301161003/tools/bin/../lib/gcc/arm-none-eabi/10.3.1/thumb/v7e-m+fp/hard\libgcc.a
LOAD c:/st/stm32cubeide_1.11.2/stm32cubeide/plugins/com.st.stm32cube.ide.mcu.externaltools.gnu-tools-for-stm32.10.3-2021.10.win32_1.0.200.202301161003/tools/bin/../lib/gcc/arm-none-eabi/10.3.1/../../../../arm-none-eabi/lib/thumb/v7e-m+fp/hard\libc_nano.a
LOAD c:/st/stm32cubeide_1.11.2/stm32cubeide/plugins/com.st.stm32cube.ide.mcu.externaltools.gnu-tools-for-stm32.10.3-2021.10.win32_1.0.200.202301161003/tools/bin/../lib/gcc/arm-none-eabi/10.3.1/../../../../arm-none-eabi/lib/thumb/v7e-m+fp/hard\libnosys.a
END GROUP
LOAD c:/st/stm32cubeide_1.11.2/stm32cubeide/plugins/com.st.stm32cube.ide.mcu.externaltools.gnu-tools-for-stm32.10.3-2021.10.win32_1.0.200.202301161003/tools/bin/../lib/gcc/arm-none-eabi/10.3.1/thumb/v7e-m+fp/hard/crtend.o
LOAD c:/st/stm32cubeide_1.11.2/stm32cubeide/plugins/com.st.stm32cube.ide.mcu.externaltools.gnu-tools-for-stm32.10.3-2021.10.win32_1.0.200.202301161003/tools/bin/../lib/gcc/arm-none-eabi/10.3.1/thumb/v7e-m+fp/hard/crtn.o
                0x0000000020020000                _estack = (ORIGIN (RAM) + LENGTH (RAM))
                0x0000000000001000                _Min_Heap_Size = 0x1000
                0x0000000000002000                _Min_Stack_Size = 0x2000

.isr_vector     0x0000000008000000      0x188
                0x0000000008000000                . = ALIGN (0x4)
 *(.isr_vector)
 .isr_vector    0x0000000008000000      0x188 ./Core/Startup/startup_stm32f407vetx.o
                0x0000000008000000                g_pfnVectors
                0x0000000008000188                . = ALIGN (0x4)

.text           0x0000000008000190     0x5574
                0x0000000008000190                . = ALIGN (0x4)
 *(.text)
 .text          0x0000000008000190       0x40 c:/st/stm32cubeide_1.11.2/stm32cubeide/plugins/com.st.stm32cube.ide.mcu.externaltools.gnu-tools-for-stm32.10.3-2021.10.win32_1.0.200.202301161003/tools/bin/../lib/gcc/arm-none-eabi/10.3.1/thumb/v7e-m+fp/hard/crtbegin.o
 .text          0x00000000080001d0       0x30 c:/st/stm32cubeide_1.11.2/stm32cubeide/plugins/com.st.stm32cube.ide.mcu.externaltools.gnu-tools-for-stm32.10.3-2021.10.win32_1.0.200.202301161003/tools/bin/../lib/gcc/arm-none-eabi/10.3.1/thumb/v7e-m+fp/hard\libgcc.a(_aeabi_uldivmod.o)
                0x00000000080001d0                __aeabi_uldivmod
 .text          0x0000000008000200      0x2d0 c:/st/stm32cubeide_1.11.2/stm32cubeide/plugins/com.st.stm32cube.ide.mcu.externaltools.gnu-tools-for-stm32.10.3-2021.10.win32_1.0.200.202301161003/tools/bin/../lib/gcc/arm-none-eabi/10.3.1/thumb/v7e-m+fp/hard\libgcc.a(_udivmoddi4.o)
                0x0000000008000200                __udivmoddi4
 .text          0x00000000080004d0        0x4 c:/st/stm32cubeide_1.11.2/stm32cubeide/plugins/com.st.stm32cube.ide.mcu.externaltools.gnu-tools-for-stm32.10.3-2021.10.win32_1.0.200.202301161003/tools/bin/../lib/gcc/arm-none-eabi/10.3.1/thumb/v7e-m+fp/hard\libgcc.a(_dvmd_tls.o)
                0x00000000080004d0                __aeabi_idiv0
                0x00000000080004d0                __aeabi_ldiv0
 *(.text*)
 .text.vApplicationGetIdleTaskMemory
                0x00000000080004d4       0x34 ./Core/Src/freertos.o
                0x00000000080004d4                vApplicationGetIdleTaskMemory
 .text.vApplicationGetTimerTaskMemory
                0x0000000008000508       0x34 ./Core/Src/freertos.o
                0x0000000008000508                vApplicationGetTimerTaskMemory
 .text.MX_FREERTOS_Init
                0x000000000800053c      0x44c ./Core/Src/freertos.o
                0x000000000800053c                MX_FREERTOS_Init
 .text.DefaultTaskRun
                0x0000000008000988       0x10 ./Core/Src/freertos.o
                0x0000000008000988                DefaultTaskRun
 .text.ScannerCheckOutRun
                0x0000000008000998       0x10 ./Core/Src/freertos.o
                0x0000000008000998                ScannerCheckOutRun
 .text.ScannerCheckOut1Run
                0x00000000080009a8       0x10 ./Core/Src/freertos.o
                0x00000000080009a8                ScannerCheckOut1Run
 .text.ShoppingTaskRun
                0x00000000080009b8       0x60 ./Core/Src/freertos.o
                0x00000000080009b8                ShoppingTaskRun
 .text.ReturnCardRun
                0x0000000008000a18       0x40 ./Core/Src/freertos.o
                0x0000000008000a18                ReturnCardRun
 .text.CashierTask01Run
                0x0000000008000a58       0x40 ./Core/Src/freertos.o
                0x0000000008000a58                CashierTask01Run
 .text.CashierTask02Run
                0x0000000008000a98       0x10 ./Core/Src/freertos.o
                0x0000000008000a98                CashierTask02Run
 .text.CashierTask03Run
                0x0000000008000aa8       0x10 ./Core/Src/freertos.o
                0x0000000008000aa8                CashierTask03Run
 .text.entryTmrCb
                0x0000000008000ab8       0x84 ./Core/Src/freertos.o
                0x0000000008000ab8                entryTmrCb
 .text.ShoppingChecktmrCb
                0x0000000008000b3c       0x38 ./Core/Src/freertos.o
                0x0000000008000b3c                ShoppingChecktmrCb
 .text.CashierTmr01Cb
                0x0000000008000b74       0x38 ./Core/Src/freertos.o
                0x0000000008000b74                CashierTmr01Cb
 .text.CashierTmr02Cb
                0x0000000008000bac       0x14 ./Core/Src/freertos.o
                0x0000000008000bac                CashierTmr02Cb
 .text.CashierTmr03CashierTmr02
                0x0000000008000bc0       0x14 ./Core/Src/freertos.o
                0x0000000008000bc0                CashierTmr03CashierTmr02
 .text.ScannerTmr01CB
                0x0000000008000bd4       0x14 ./Core/Src/freertos.o
                0x0000000008000bd4                ScannerTmr01CB
 .text.ScannerTmr02CB
                0x0000000008000be8       0x14 ./Core/Src/freertos.o
                0x0000000008000be8                ScannerTmr02CB
 .text.ReturnCardTmrCb
                0x0000000008000bfc       0x1c ./Core/Src/freertos.o
                0x0000000008000bfc                ReturnCardTmrCb
 .text.SetupEmtryTmr
                0x0000000008000c18       0x1c ./Core/Src/freertos.o
 .text.ShoppingCalculateNextPeriod
                0x0000000008000c34       0x28 ./Core/Src/freertos.o
 .text.ShoppingGetCurrentTime
                0x0000000008000c5c        0xe ./Core/Src/freertos.o
 *fill*         0x0000000008000c6a        0x2 
 .text.ReturncalcNextPeriod
                0x0000000008000c6c       0x34 ./Core/Src/freertos.o
 .text.MX_GPIO_Init
                0x0000000008000ca0       0x34 ./Core/Src/gpio.o
                0x0000000008000ca0                MX_GPIO_Init
 .text.main     0x0000000008000cd4       0x1a ./Core/Src/main.o
                0x0000000008000cd4                main
 *fill*         0x0000000008000cee        0x2 
 .text.SystemClock_Config
                0x0000000008000cf0       0xd0 ./Core/Src/main.o
                0x0000000008000cf0                SystemClock_Config
 .text.HAL_TIM_PeriodElapsedCallback
                0x0000000008000dc0       0x1e ./Core/Src/main.o
                0x0000000008000dc0                HAL_TIM_PeriodElapsedCallback
 .text.Error_Handler
                0x0000000008000dde        0xa ./Core/Src/main.o
                0x0000000008000dde                Error_Handler
 .text.HAL_MspInit
                0x0000000008000de8       0x58 ./Core/Src/stm32f4xx_hal_msp.o
                0x0000000008000de8                HAL_MspInit
 .text.HAL_InitTick
                0x0000000008000e40       0xf8 ./Core/Src/stm32f4xx_hal_timebase_tim.o
                0x0000000008000e40                HAL_InitTick
 .text.NMI_Handler
                0x0000000008000f38        0x6 ./Core/Src/stm32f4xx_it.o
                0x0000000008000f38                NMI_Handler
 .text.HardFault_Handler
                0x0000000008000f3e        0x6 ./Core/Src/stm32f4xx_it.o
                0x0000000008000f3e                HardFault_Handler
 .text.MemManage_Handler
                0x0000000008000f44        0x6 ./Core/Src/stm32f4xx_it.o
                0x0000000008000f44                MemManage_Handler
 .text.BusFault_Handler
                0x0000000008000f4a        0x6 ./Core/Src/stm32f4xx_it.o
                0x0000000008000f4a                BusFault_Handler
 .text.UsageFault_Handler
                0x0000000008000f50        0x6 ./Core/Src/stm32f4xx_it.o
                0x0000000008000f50                UsageFault_Handler
 .text.DebugMon_Handler
                0x0000000008000f56        0xe ./Core/Src/stm32f4xx_it.o
                0x0000000008000f56                DebugMon_Handler
 .text.TIM2_IRQHandler
                0x0000000008000f64       0x14 ./Core/Src/stm32f4xx_it.o
                0x0000000008000f64                TIM2_IRQHandler
 .text.SystemInit
                0x0000000008000f78       0x24 ./Core/Src/system_stm32f4xx.o
                0x0000000008000f78                SystemInit
 .text.Reset_Handler
                0x0000000008000f9c       0x50 ./Core/Startup/startup_stm32f407vetx.o
                0x0000000008000f9c                Reset_Handler
 .text.Default_Handler
                0x0000000008000fec        0x2 ./Core/Startup/startup_stm32f407vetx.o
                0x0000000008000fec                RTC_Alarm_IRQHandler
                0x0000000008000fec                HASH_RNG_IRQHandler
                0x0000000008000fec                EXTI2_IRQHandler
                0x0000000008000fec                TIM8_CC_IRQHandler
                0x0000000008000fec                TIM1_CC_IRQHandler
                0x0000000008000fec                DMA2_Stream5_IRQHandler
                0x0000000008000fec                DMA1_Stream5_IRQHandler
                0x0000000008000fec                PVD_IRQHandler
                0x0000000008000fec                SDIO_IRQHandler
                0x0000000008000fec                TAMP_STAMP_IRQHandler
                0x0000000008000fec                CAN2_RX1_IRQHandler
                0x0000000008000fec                EXTI3_IRQHandler
                0x0000000008000fec                TIM8_TRG_COM_TIM14_IRQHandler
                0x0000000008000fec                TIM1_UP_TIM10_IRQHandler
                0x0000000008000fec                TIM8_UP_TIM13_IRQHandler
                0x0000000008000fec                I2C3_ER_IRQHandler
                0x0000000008000fec                EXTI0_IRQHandler
                0x0000000008000fec                I2C2_EV_IRQHandler
                0x0000000008000fec                DMA1_Stream2_IRQHandler
                0x0000000008000fec                CAN1_RX0_IRQHandler
                0x0000000008000fec                FPU_IRQHandler
                0x0000000008000fec                OTG_HS_WKUP_IRQHandler
                0x0000000008000fec                CAN2_SCE_IRQHandler
                0x0000000008000fec                DMA2_Stream2_IRQHandler
                0x0000000008000fec                SPI1_IRQHandler
                0x0000000008000fec                TIM6_DAC_IRQHandler
                0x0000000008000fec                TIM1_BRK_TIM9_IRQHandler
                0x0000000008000fec                DCMI_IRQHandler
                0x0000000008000fec                CAN2_RX0_IRQHandler
                0x0000000008000fec                DMA2_Stream3_IRQHandler
                0x0000000008000fec                USART6_IRQHandler
                0x0000000008000fec                USART3_IRQHandler
                0x0000000008000fec                CAN1_RX1_IRQHandler
                0x0000000008000fec                UART5_IRQHandler
                0x0000000008000fec                DMA2_Stream0_IRQHandler
                0x0000000008000fec                TIM4_IRQHandler
                0x0000000008000fec                I2C1_EV_IRQHandler
                0x0000000008000fec                DMA1_Stream6_IRQHandler
                0x0000000008000fec                DMA1_Stream1_IRQHandler
                0x0000000008000fec                UART4_IRQHandler
                0x0000000008000fec                TIM3_IRQHandler
                0x0000000008000fec                RCC_IRQHandler
                0x0000000008000fec                TIM8_BRK_TIM12_IRQHandler
                0x0000000008000fec                Default_Handler
                0x0000000008000fec                EXTI15_10_IRQHandler
                0x0000000008000fec                ADC_IRQHandler
                0x0000000008000fec                DMA1_Stream7_IRQHandler
                0x0000000008000fec                TIM7_IRQHandler
                0x0000000008000fec                CAN2_TX_IRQHandler
                0x0000000008000fec                TIM5_IRQHandler
                0x0000000008000fec                DMA2_Stream7_IRQHandler
                0x0000000008000fec                I2C3_EV_IRQHandler
                0x0000000008000fec                EXTI9_5_IRQHandler
                0x0000000008000fec                RTC_WKUP_IRQHandler
                0x0000000008000fec                ETH_WKUP_IRQHandler
                0x0000000008000fec                SPI2_IRQHandler
                0x0000000008000fec                OTG_HS_EP1_IN_IRQHandler
                0x0000000008000fec                DMA1_Stream0_IRQHandler
                0x0000000008000fec                CAN1_TX_IRQHandler
                0x0000000008000fec                EXTI4_IRQHandler
                0x0000000008000fec                FSMC_IRQHandler
                0x0000000008000fec                ETH_IRQHandler
                0x0000000008000fec                OTG_HS_EP1_OUT_IRQHandler
                0x0000000008000fec                WWDG_IRQHandler
                0x0000000008000fec                OTG_FS_WKUP_IRQHandler
                0x0000000008000fec                TIM1_TRG_COM_TIM11_IRQHandler
                0x0000000008000fec                OTG_HS_IRQHandler
                0x0000000008000fec                EXTI1_IRQHandler
                0x0000000008000fec                USART2_IRQHandler
                0x0000000008000fec                I2C2_ER_IRQHandler
                0x0000000008000fec                DMA2_Stream1_IRQHandler
                0x0000000008000fec                CAN1_SCE_IRQHandler
                0x0000000008000fec                FLASH_IRQHandler
                0x0000000008000fec                DMA2_Stream4_IRQHandler
                0x0000000008000fec                USART1_IRQHandler
                0x0000000008000fec                OTG_FS_IRQHandler
                0x0000000008000fec                SPI3_IRQHandler
                0x0000000008000fec                DMA1_Stream4_IRQHandler
                0x0000000008000fec                I2C1_ER_IRQHandler
                0x0000000008000fec                DMA2_Stream6_IRQHandler
                0x0000000008000fec                DMA1_Stream3_IRQHandler
 *fill*         0x0000000008000fee        0x2 
 .text.HAL_Init
                0x0000000008000ff0       0x44 ./Drivers/STM32F4xx_HAL_Driver/Src/stm32f4xx_hal.o
                0x0000000008000ff0                HAL_Init
 .text.HAL_IncTick
                0x0000000008001034       0x28 ./Drivers/STM32F4xx_HAL_Driver/Src/stm32f4xx_hal.o
                0x0000000008001034                HAL_IncTick
 .text.HAL_GetTick
                0x000000000800105c       0x18 ./Drivers/STM32F4xx_HAL_Driver/Src/stm32f4xx_hal.o
                0x000000000800105c                HAL_GetTick
 .text.__NVIC_SetPriorityGrouping
                0x0000000008001074       0x48 ./Drivers/STM32F4xx_HAL_Driver/Src/stm32f4xx_hal_cortex.o
 .text.__NVIC_GetPriorityGrouping
                0x00000000080010bc       0x1c ./Drivers/STM32F4xx_HAL_Driver/Src/stm32f4xx_hal_cortex.o
 .text.__NVIC_EnableIRQ
                0x00000000080010d8       0x3c ./Drivers/STM32F4xx_HAL_Driver/Src/stm32f4xx_hal_cortex.o
 .text.__NVIC_SetPriority
                0x0000000008001114       0x54 ./Drivers/STM32F4xx_HAL_Driver/Src/stm32f4xx_hal_cortex.o
 .text.NVIC_EncodePriority
                0x0000000008001168       0x66 ./Drivers/STM32F4xx_HAL_Driver/Src/stm32f4xx_hal_cortex.o
 .text.HAL_NVIC_SetPriorityGrouping
                0x00000000080011ce       0x16 ./Drivers/STM32F4xx_HAL_Driver/Src/stm32f4xx_hal_cortex.o
                0x00000000080011ce                HAL_NVIC_SetPriorityGrouping
 .text.HAL_NVIC_SetPriority
                0x00000000080011e4       0x38 ./Drivers/STM32F4xx_HAL_Driver/Src/stm32f4xx_hal_cortex.o
                0x00000000080011e4                HAL_NVIC_SetPriority
 .text.HAL_NVIC_EnableIRQ
                0x000000000800121c       0x1c ./Drivers/STM32F4xx_HAL_Driver/Src/stm32f4xx_hal_cortex.o
                0x000000000800121c                HAL_NVIC_EnableIRQ
 .text.HAL_RCC_OscConfig
                0x0000000008001238      0x4f0 ./Drivers/STM32F4xx_HAL_Driver/Src/stm32f4xx_hal_rcc.o
                0x0000000008001238                HAL_RCC_OscConfig
 .text.HAL_RCC_ClockConfig
                0x0000000008001728      0x1cc ./Drivers/STM32F4xx_HAL_Driver/Src/stm32f4xx_hal_rcc.o
                0x0000000008001728                HAL_RCC_ClockConfig
 .text.HAL_RCC_GetSysClockFreq
                0x00000000080018f4      0x20c ./Drivers/STM32F4xx_HAL_Driver/Src/stm32f4xx_hal_rcc.o
                0x00000000080018f4                HAL_RCC_GetSysClockFreq
 .text.HAL_RCC_GetHCLKFreq
                0x0000000008001b00       0x18 ./Drivers/STM32F4xx_HAL_Driver/Src/stm32f4xx_hal_rcc.o
                0x0000000008001b00                HAL_RCC_GetHCLKFreq
 .text.HAL_RCC_GetPCLK1Freq
                0x0000000008001b18       0x28 ./Drivers/STM32F4xx_HAL_Driver/Src/stm32f4xx_hal_rcc.o
                0x0000000008001b18                HAL_RCC_GetPCLK1Freq
 .text.HAL_RCC_GetClockConfig
                0x0000000008001b40       0x64 ./Drivers/STM32F4xx_HAL_Driver/Src/stm32f4xx_hal_rcc.o
                0x0000000008001b40                HAL_RCC_GetClockConfig
 .text.HAL_TIM_Base_Init
                0x0000000008001ba4       0x9e ./Drivers/STM32F4xx_HAL_Driver/Src/stm32f4xx_hal_tim.o
                0x0000000008001ba4                HAL_TIM_Base_Init
 .text.HAL_TIM_Base_MspInit
                0x0000000008001c42       0x14 ./Drivers/STM32F4xx_HAL_Driver/Src/stm32f4xx_hal_tim.o
                0x0000000008001c42                HAL_TIM_Base_MspInit
 *fill*         0x0000000008001c56        0x2 
 .text.HAL_TIM_Base_Start_IT
                0x0000000008001c58       0xe0 ./Drivers/STM32F4xx_HAL_Driver/Src/stm32f4xx_hal_tim.o
                0x0000000008001c58                HAL_TIM_Base_Start_IT
 .text.HAL_TIM_IRQHandler
                0x0000000008001d38      0x210 ./Drivers/STM32F4xx_HAL_Driver/Src/stm32f4xx_hal_tim.o
                0x0000000008001d38                HAL_TIM_IRQHandler
 .text.HAL_TIM_OC_DelayElapsedCallback
                0x0000000008001f48       0x14 ./Drivers/STM32F4xx_HAL_Driver/Src/stm32f4xx_hal_tim.o
                0x0000000008001f48                HAL_TIM_OC_DelayElapsedCallback
 .text.HAL_TIM_IC_CaptureCallback
                0x0000000008001f5c       0x14 ./Drivers/STM32F4xx_HAL_Driver/Src/stm32f4xx_hal_tim.o
                0x0000000008001f5c                HAL_TIM_IC_CaptureCallback
 .text.HAL_TIM_PWM_PulseFinishedCallback
                0x0000000008001f70       0x14 ./Drivers/STM32F4xx_HAL_Driver/Src/stm32f4xx_hal_tim.o
                0x0000000008001f70                HAL_TIM_PWM_PulseFinishedCallback
 .text.HAL_TIM_TriggerCallback
                0x0000000008001f84       0x14 ./Drivers/STM32F4xx_HAL_Driver/Src/stm32f4xx_hal_tim.o
                0x0000000008001f84                HAL_TIM_TriggerCallback
 .text.TIM_Base_SetConfig
                0x0000000008001f98      0x140 ./Drivers/STM32F4xx_HAL_Driver/Src/stm32f4xx_hal_tim.o
                0x0000000008001f98                TIM_Base_SetConfig
 .text.HAL_TIMEx_CommutCallback
                0x00000000080020d8       0x14 ./Drivers/STM32F4xx_HAL_Driver/Src/stm32f4xx_hal_tim_ex.o
                0x00000000080020d8                HAL_TIMEx_CommutCallback
 .text.HAL_TIMEx_BreakCallback
                0x00000000080020ec       0x14 ./Drivers/STM32F4xx_HAL_Driver/Src/stm32f4xx_hal_tim_ex.o
                0x00000000080020ec                HAL_TIMEx_BreakCallback
 .text.makeFreeRtosPriority
                0x0000000008002100       0x30 ./Middlewares/Third_Party/FreeRTOS/Source/CMSIS_RTOS/cmsis_os.o
 .text.inHandlerMode
                0x0000000008002130       0x24 ./Middlewares/Third_Party/FreeRTOS/Source/CMSIS_RTOS/cmsis_os.o
 .text.osKernelStart
                0x0000000008002154        0xe ./Middlewares/Third_Party/FreeRTOS/Source/CMSIS_RTOS/cmsis_os.o
                0x0000000008002154                osKernelStart
 .text.osThreadCreate
                0x0000000008002162       0x4a ./Middlewares/Third_Party/FreeRTOS/Source/CMSIS_RTOS/cmsis_os.o
                0x0000000008002162                osThreadCreate
 .text.osDelay  0x00000000080021ac       0x28 ./Middlewares/Third_Party/FreeRTOS/Source/CMSIS_RTOS/cmsis_os.o
                0x00000000080021ac                osDelay
 .text.osTimerCreate
                0x00000000080021d4       0x40 ./Middlewares/Third_Party/FreeRTOS/Source/CMSIS_RTOS/cmsis_os.o
                0x00000000080021d4                osTimerCreate
 .text.osTimerStart
                0x0000000008002214       0x88 ./Middlewares/Third_Party/FreeRTOS/Source/CMSIS_RTOS/cmsis_os.o
                0x0000000008002214                osTimerStart
 .text.osTimerStop
                0x000000000800229c       0x78 ./Middlewares/Third_Party/FreeRTOS/Source/CMSIS_RTOS/cmsis_os.o
                0x000000000800229c                osTimerStop
 .text.osSignalSet
                0x0000000008002314       0x80 ./Middlewares/Third_Party/FreeRTOS/Source/CMSIS_RTOS/cmsis_os.o
                0x0000000008002314                osSignalSet
 .text.osSignalWait
                0x0000000008002394       0x98 ./Middlewares/Third_Party/FreeRTOS/Source/CMSIS_RTOS/cmsis_os.o
                0x0000000008002394                osSignalWait
 .text.osSemaphoreCreate
                0x000000000800242c       0x3e ./Middlewares/Third_Party/FreeRTOS/Source/CMSIS_RTOS/cmsis_os.o
                0x000000000800242c                osSemaphoreCreate
 *fill*         0x000000000800246a        0x2 
 .text.osSemaphoreWait
                0x000000000800246c       0x9c ./Middlewares/Third_Party/FreeRTOS/Source/CMSIS_RTOS/cmsis_os.o
                0x000000000800246c                osSemaphoreWait
 .text.osSemaphoreRelease
                0x0000000008002508       0x6c ./Middlewares/Third_Party/FreeRTOS/Source/CMSIS_RTOS/cmsis_os.o
                0x0000000008002508                osSemaphoreRelease
 .text.osMessageCreate
                0x0000000008002574       0x2c ./Middlewares/Third_Party/FreeRTOS/Source/CMSIS_RTOS/cmsis_os.o
                0x0000000008002574                osMessageCreate
 .text.osMessagePut
                0x00000000080025a0       0x80 ./Middlewares/Third_Party/FreeRTOS/Source/CMSIS_RTOS/cmsis_os.o
                0x00000000080025a0                osMessagePut
 .text.osMessageGet
                0x0000000008002620       0xe8 ./Middlewares/Third_Party/FreeRTOS/Source/CMSIS_RTOS/cmsis_os.o
                0x0000000008002620                osMessageGet
 .text.vListInitialise
                0x0000000008002708       0x40 ./Middlewares/Third_Party/FreeRTOS/Source/list.o
                0x0000000008002708                vListInitialise
 .text.vListInitialiseItem
                0x0000000008002748       0x1a ./Middlewares/Third_Party/FreeRTOS/Source/list.o
                0x0000000008002748                vListInitialiseItem
 .text.vListInsertEnd
                0x0000000008002762       0x48 ./Middlewares/Third_Party/FreeRTOS/Source/list.o
                0x0000000008002762                vListInsertEnd
 .text.vListInsert
                0x00000000080027aa       0x72 ./Middlewares/Third_Party/FreeRTOS/Source/list.o
                0x00000000080027aa                vListInsert
 .text.uxListRemove
                0x000000000800281c       0x54 ./Middlewares/Third_Party/FreeRTOS/Source/list.o
                0x000000000800281c                uxListRemove
 .text.xQueueGenericReset
                0x0000000008002870       0xd0 ./Middlewares/Third_Party/FreeRTOS/Source/queue.o
                0x0000000008002870                xQueueGenericReset
 .text.xQueueGenericCreateStatic
                0x0000000008002940       0xe8 ./Middlewares/Third_Party/FreeRTOS/Source/queue.o
                0x0000000008002940                xQueueGenericCreateStatic
 .text.prvInitialiseNewQueue
                0x0000000008002a28       0x3e ./Middlewares/Third_Party/FreeRTOS/Source/queue.o
 .text.xQueueCreateCountingSemaphoreStatic
                0x0000000008002a66       0x6e ./Middlewares/Third_Party/FreeRTOS/Source/queue.o
                0x0000000008002a66                xQueueCreateCountingSemaphoreStatic
 .text.xQueueGenericSend
                0x0000000008002ad4      0x1fc ./Middlewares/Third_Party/FreeRTOS/Source/queue.o
                0x0000000008002ad4                xQueueGenericSend
 .text.xQueueGenericSendFromISR
                0x0000000008002cd0      0x136 ./Middlewares/Third_Party/FreeRTOS/Source/queue.o
                0x0000000008002cd0                xQueueGenericSendFromISR
 .text.xQueueGiveFromISR
                0x0000000008002e06      0x11a ./Middlewares/Third_Party/FreeRTOS/Source/queue.o
                0x0000000008002e06                xQueueGiveFromISR
 .text.xQueueReceive
                0x0000000008002f20      0x1c0 ./Middlewares/Third_Party/FreeRTOS/Source/queue.o
                0x0000000008002f20                xQueueReceive
 .text.xQueueSemaphoreTake
                0x00000000080030e0      0x218 ./Middlewares/Third_Party/FreeRTOS/Source/queue.o
                0x00000000080030e0                xQueueSemaphoreTake
 .text.xQueueReceiveFromISR
                0x00000000080032f8      0x100 ./Middlewares/Third_Party/FreeRTOS/Source/queue.o
                0x00000000080032f8                xQueueReceiveFromISR
 .text.prvGetDisinheritPriorityAfterTimeout
                0x00000000080033f8       0x30 ./Middlewares/Third_Party/FreeRTOS/Source/queue.o
 .text.prvCopyDataToQueue
                0x0000000008003428       0xd4 ./Middlewares/Third_Party/FreeRTOS/Source/queue.o
 .text.prvCopyDataFromQueue
                0x00000000080034fc       0x4c ./Middlewares/Third_Party/FreeRTOS/Source/queue.o
 .text.prvUnlockQueue
                0x0000000008003548       0xa4 ./Middlewares/Third_Party/FreeRTOS/Source/queue.o
 .text.prvIsQueueEmpty
                0x00000000080035ec       0x2c ./Middlewares/Third_Party/FreeRTOS/Source/queue.o
 .text.prvIsQueueFull
                0x0000000008003618       0x30 ./Middlewares/Third_Party/FreeRTOS/Source/queue.o
 .text.vQueueAddToRegistry
                0x0000000008003648       0x54 ./Middlewares/Third_Party/FreeRTOS/Source/queue.o
                0x0000000008003648                vQueueAddToRegistry
 .text.vQueueWaitForMessageRestricted
                0x000000000800369c       0x68 ./Middlewares/Third_Party/FreeRTOS/Source/queue.o
                0x000000000800369c                vQueueWaitForMessageRestricted
 .text.xTaskCreateStatic
                0x0000000008003704       0xb2 ./Middlewares/Third_Party/FreeRTOS/Source/tasks.o
                0x0000000008003704                xTaskCreateStatic
 .text.prvInitialiseNewTask
                0x00000000080037b6      0x114 ./Middlewares/Third_Party/FreeRTOS/Source/tasks.o
 *fill*         0x00000000080038ca        0x2 
 .text.prvAddNewTaskToReadyList
                0x00000000080038cc       0xd4 ./Middlewares/Third_Party/FreeRTOS/Source/tasks.o
 .text.vTaskDelay
                0x00000000080039a0       0x68 ./Middlewares/Third_Party/FreeRTOS/Source/tasks.o
                0x00000000080039a0                vTaskDelay
 .text.vTaskStartScheduler
                0x0000000008003a08       0xcc ./Middlewares/Third_Party/FreeRTOS/Source/tasks.o
                0x0000000008003a08                vTaskStartScheduler
 .text.vTaskSuspendAll
                0x0000000008003ad4       0x1c ./Middlewares/Third_Party/FreeRTOS/Source/tasks.o
                0x0000000008003ad4                vTaskSuspendAll
 .text.xTaskResumeAll
                0x0000000008003af0      0x138 ./Middlewares/Third_Party/FreeRTOS/Source/tasks.o
                0x0000000008003af0                xTaskResumeAll
 .text.xTaskGetTickCount
                0x0000000008003c28       0x20 ./Middlewares/Third_Party/FreeRTOS/Source/tasks.o
                0x0000000008003c28                xTaskGetTickCount
 .text.xTaskIncrementTick
                0x0000000008003c48      0x170 ./Middlewares/Third_Party/FreeRTOS/Source/tasks.o
                0x0000000008003c48                xTaskIncrementTick
 .text.vTaskSwitchContext
                0x0000000008003db8       0xb8 ./Middlewares/Third_Party/FreeRTOS/Source/tasks.o
                0x0000000008003db8                vTaskSwitchContext
 .text.vTaskPlaceOnEventList
                0x0000000008003e70       0x48 ./Middlewares/Third_Party/FreeRTOS/Source/tasks.o
                0x0000000008003e70                vTaskPlaceOnEventList
 .text.vTaskPlaceOnEventListRestricted
                0x0000000008003eb8       0x58 ./Middlewares/Third_Party/FreeRTOS/Source/tasks.o
                0x0000000008003eb8                vTaskPlaceOnEventListRestricted
 .text.xTaskRemoveFromEventList
                0x0000000008003f10       0xc4 ./Middlewares/Third_Party/FreeRTOS/Source/tasks.o
                0x0000000008003f10                xTaskRemoveFromEventList
 .text.vTaskInternalSetTimeOutState
                0x0000000008003fd4       0x2c ./Middlewares/Third_Party/FreeRTOS/Source/tasks.o
                0x0000000008003fd4                vTaskInternalSetTimeOutState
 .text.xTaskCheckForTimeOut
                0x0000000008004000       0xc4 ./Middlewares/Third_Party/FreeRTOS/Source/tasks.o
                0x0000000008004000                xTaskCheckForTimeOut
 .text.vTaskMissedYield
                0x00000000080040c4       0x18 ./Middlewares/Third_Party/FreeRTOS/Source/tasks.o
                0x00000000080040c4                vTaskMissedYield
 .text.prvIdleTask
                0x00000000080040dc       0x30 ./Middlewares/Third_Party/FreeRTOS/Source/tasks.o
 .text.prvInitialiseTaskLists
                0x000000000800410c       0x80 ./Middlewares/Third_Party/FreeRTOS/Source/tasks.o
 .text.prvCheckTasksWaitingTermination
                0x000000000800418c       0x5c ./Middlewares/Third_Party/FreeRTOS/Source/tasks.o
 .text.prvDeleteTCB
                0x00000000080041e8       0x14 ./Middlewares/Third_Party/FreeRTOS/Source/tasks.o
 .text.prvResetNextTaskUnblockTime
                0x00000000080041fc       0x40 ./Middlewares/Third_Party/FreeRTOS/Source/tasks.o
 .text.xTaskGetSchedulerState
                0x000000000800423c       0x3c ./Middlewares/Third_Party/FreeRTOS/Source/tasks.o
                0x000000000800423c                xTaskGetSchedulerState
 .text.xTaskPriorityInherit
                0x0000000008004278       0xec ./Middlewares/Third_Party/FreeRTOS/Source/tasks.o
                0x0000000008004278                xTaskPriorityInherit
 .text.xTaskPriorityDisinherit
                0x0000000008004364      0x118 ./Middlewares/Third_Party/FreeRTOS/Source/tasks.o
                0x0000000008004364                xTaskPriorityDisinherit
 .text.vTaskPriorityDisinheritAfterTimeout
                0x000000000800447c      0x124 ./Middlewares/Third_Party/FreeRTOS/Source/tasks.o
                0x000000000800447c                vTaskPriorityDisinheritAfterTimeout
 .text.pvTaskIncrementMutexHeldCount
                0x00000000080045a0       0x2c ./Middlewares/Third_Party/FreeRTOS/Source/tasks.o
                0x00000000080045a0                pvTaskIncrementMutexHeldCount
 .text.xTaskNotifyWait
                0x00000000080045cc       0xc0 ./Middlewares/Third_Party/FreeRTOS/Source/tasks.o
                0x00000000080045cc                xTaskNotifyWait
 .text.xTaskGenericNotify
                0x000000000800468c      0x17c ./Middlewares/Third_Party/FreeRTOS/Source/tasks.o
                0x000000000800468c                xTaskGenericNotify
 .text.xTaskGenericNotifyFromISR
                0x0000000008004808      0x1c8 ./Middlewares/Third_Party/FreeRTOS/Source/tasks.o
                0x0000000008004808                xTaskGenericNotifyFromISR
 .text.prvAddCurrentTaskToDelayedList
                0x00000000080049d0       0xcc ./Middlewares/Third_Party/FreeRTOS/Source/tasks.o
 .text.xTimerCreateTimerTask
                0x0000000008004a9c       0x90 ./Middlewares/Third_Party/FreeRTOS/Source/timers.o
                0x0000000008004a9c                xTimerCreateTimerTask
 .text.xTimerCreateStatic
                0x0000000008004b2c       0x7c ./Middlewares/Third_Party/FreeRTOS/Source/timers.o
                0x0000000008004b2c                xTimerCreateStatic
 .text.prvInitialiseNewTimer
                0x0000000008004ba8       0x76 ./Middlewares/Third_Party/FreeRTOS/Source/timers.o
 *fill*         0x0000000008004c1e        0x2 
 .text.xTimerGenericCommand
                0x0000000008004c20       0x9c ./Middlewares/Third_Party/FreeRTOS/Source/timers.o
                0x0000000008004c20                xTimerGenericCommand
 .text.prvProcessExpiredTimer
                0x0000000008004cbc       0x98 ./Middlewares/Third_Party/FreeRTOS/Source/timers.o
 .text.prvTimerTask
                0x0000000008004d54       0x24 ./Middlewares/Third_Party/FreeRTOS/Source/timers.o
 .text.prvProcessTimerOrBlockTask
                0x0000000008004d78       0x9c ./Middlewares/Third_Party/FreeRTOS/Source/timers.o
 .text.prvGetNextExpireTime
                0x0000000008004e14       0x48 ./Middlewares/Third_Party/FreeRTOS/Source/timers.o
 .text.prvSampleTimeNow
                0x0000000008004e5c       0x40 ./Middlewares/Third_Party/FreeRTOS/Source/timers.o
 .text.prvInsertTimerInActiveList
                0x0000000008004e9c       0x84 ./Middlewares/Third_Party/FreeRTOS/Source/timers.o
 .text.prvProcessReceivedCommands
                0x0000000008004f20      0x178 ./Middlewares/Third_Party/FreeRTOS/Source/timers.o
 .text.prvSwitchTimerLists
                0x0000000008005098       0xc8 ./Middlewares/Third_Party/FreeRTOS/Source/timers.o
 .text.prvCheckForValidListAndQueue
                0x0000000008005160       0x80 ./Middlewares/Third_Party/FreeRTOS/Source/timers.o
 .text.pxPortInitialiseStack
                0x00000000080051e0       0x68 ./Middlewares/Third_Party/FreeRTOS/Source/portable/GCC/ARM_CM4F/port.o
                0x00000000080051e0                pxPortInitialiseStack
 .text.prvTaskExitError
                0x0000000008005248       0x58 ./Middlewares/Third_Party/FreeRTOS/Source/portable/GCC/ARM_CM4F/port.o
 .text.SVC_Handler
                0x00000000080052a0       0x28 ./Middlewares/Third_Party/FreeRTOS/Source/portable/GCC/ARM_CM4F/port.o
                0x00000000080052a0                SVC_Handler
 .text.prvPortStartFirstTask
                0x00000000080052c8       0x28 ./Middlewares/Third_Party/FreeRTOS/Source/portable/GCC/ARM_CM4F/port.o
 .text.xPortStartScheduler
                0x00000000080052f0      0x144 ./Middlewares/Third_Party/FreeRTOS/Source/portable/GCC/ARM_CM4F/port.o
                0x00000000080052f0                xPortStartScheduler
 .text.vPortEnterCritical
                0x0000000008005434       0x60 ./Middlewares/Third_Party/FreeRTOS/Source/portable/GCC/ARM_CM4F/port.o
                0x0000000008005434                vPortEnterCritical
 .text.vPortExitCritical
                0x0000000008005494       0x54 ./Middlewares/Third_Party/FreeRTOS/Source/portable/GCC/ARM_CM4F/port.o
                0x0000000008005494                vPortExitCritical
 *fill*         0x00000000080054e8        0x8 
 .text.PendSV_Handler
                0x00000000080054f0       0x68 ./Middlewares/Third_Party/FreeRTOS/Source/portable/GCC/ARM_CM4F/port.o
                0x00000000080054f0                PendSV_Handler
 .text.SysTick_Handler
                0x0000000008005558       0x44 ./Middlewares/Third_Party/FreeRTOS/Source/portable/GCC/ARM_CM4F/port.o
                0x0000000008005558                SysTick_Handler
 .text.vPortSetupTimerInterrupt
                0x000000000800559c       0x48 ./Middlewares/Third_Party/FreeRTOS/Source/portable/GCC/ARM_CM4F/port.o
                0x000000000800559c                vPortSetupTimerInterrupt
 .text.vPortEnableVFP
                0x00000000080055e4       0x14 ./Middlewares/Third_Party/FreeRTOS/Source/portable/GCC/ARM_CM4F/port.o
 .text.vPortValidateInterruptPriority
                0x00000000080055f8       0x80 ./Middlewares/Third_Party/FreeRTOS/Source/portable/GCC/ARM_CM4F/port.o
                0x00000000080055f8                vPortValidateInterruptPriority
 .text.__libc_init_array
                0x0000000008005678       0x48 c:/st/stm32cubeide_1.11.2/stm32cubeide/plugins/com.st.stm32cube.ide.mcu.externaltools.gnu-tools-for-stm32.10.3-2021.10.win32_1.0.200.202301161003/tools/bin/../lib/gcc/arm-none-eabi/10.3.1/../../../../arm-none-eabi/lib/thumb/v7e-m+fp/hard\libc_nano.a(lib_a-init.o)
                0x0000000008005678                __libc_init_array
 .text.memcpy   0x00000000080056c0       0x1c c:/st/stm32cubeide_1.11.2/stm32cubeide/plugins/com.st.stm32cube.ide.mcu.externaltools.gnu-tools-for-stm32.10.3-2021.10.win32_1.0.200.202301161003/tools/bin/../lib/gcc/arm-none-eabi/10.3.1/../../../../arm-none-eabi/lib/thumb/v7e-m+fp/hard\libc_nano.a(lib_a-memcpy-stub.o)
                0x00000000080056c0                memcpy
 .text.memset   0x00000000080056dc       0x10 c:/st/stm32cubeide_1.11.2/stm32cubeide/plugins/com.st.stm32cube.ide.mcu.externaltools.gnu-tools-for-stm32.10.3-2021.10.win32_1.0.200.202301161003/tools/bin/../lib/gcc/arm-none-eabi/10.3.1/../../../../arm-none-eabi/lib/thumb/v7e-m+fp/hard\libc_nano.a(lib_a-memset.o)
                0x00000000080056dc                memset
 *(.glue_7)
 .glue_7        0x00000000080056ec        0x0 linker stubs
 *(.glue_7t)
 .glue_7t       0x00000000080056ec        0x0 linker stubs
 *(.eh_frame)
 .eh_frame      0x00000000080056ec        0x0 c:/st/stm32cubeide_1.11.2/stm32cubeide/plugins/com.st.stm32cube.ide.mcu.externaltools.gnu-tools-for-stm32.10.3-2021.10.win32_1.0.200.202301161003/tools/bin/../lib/gcc/arm-none-eabi/10.3.1/thumb/v7e-m+fp/hard/crtbegin.o
 *(.init)
 .init          0x00000000080056ec        0x4 c:/st/stm32cubeide_1.11.2/stm32cubeide/plugins/com.st.stm32cube.ide.mcu.externaltools.gnu-tools-for-stm32.10.3-2021.10.win32_1.0.200.202301161003/tools/bin/../lib/gcc/arm-none-eabi/10.3.1/thumb/v7e-m+fp/hard/crti.o
                0x00000000080056ec                _init
 .init          0x00000000080056f0        0x8 c:/st/stm32cubeide_1.11.2/stm32cubeide/plugins/com.st.stm32cube.ide.mcu.externaltools.gnu-tools-for-stm32.10.3-2021.10.win32_1.0.200.202301161003/tools/bin/../lib/gcc/arm-none-eabi/10.3.1/thumb/v7e-m+fp/hard/crtn.o
 *(.fini)
 .fini          0x00000000080056f8        0x4 c:/st/stm32cubeide_1.11.2/stm32cubeide/plugins/com.st.stm32cube.ide.mcu.externaltools.gnu-tools-for-stm32.10.3-2021.10.win32_1.0.200.202301161003/tools/bin/../lib/gcc/arm-none-eabi/10.3.1/thumb/v7e-m+fp/hard/crti.o
                0x00000000080056f8                _fini
 .fini          0x00000000080056fc        0x8 c:/st/stm32cubeide_1.11.2/stm32cubeide/plugins/com.st.stm32cube.ide.mcu.externaltools.gnu-tools-for-stm32.10.3-2021.10.win32_1.0.200.202301161003/tools/bin/../lib/gcc/arm-none-eabi/10.3.1/thumb/v7e-m+fp/hard/crtn.o
                0x0000000008005704                . = ALIGN (0x4)
                0x0000000008005704                _etext = .

.vfp11_veneer   0x0000000008005704        0x0
 .vfp11_veneer  0x0000000008005704        0x0 linker stubs

.v4_bx          0x0000000008005704        0x0
 .v4_bx         0x0000000008005704        0x0 linker stubs

.iplt           0x0000000008005704        0x0
 .iplt          0x0000000008005704        0x0 c:/st/stm32cubeide_1.11.2/stm32cubeide/plugins/com.st.stm32cube.ide.mcu.externaltools.gnu-tools-for-stm32.10.3-2021.10.win32_1.0.200.202301161003/tools/bin/../lib/gcc/arm-none-eabi/10.3.1/thumb/v7e-m+fp/hard/crtbegin.o

.rodata         0x0000000008005704      0x240
                0x0000000008005704                . = ALIGN (0x4)
 *(.rodata)
 .rodata        0x0000000008005704      0x20c ./Core/Src/freertos.o
 .rodata        0x0000000008005910        0x1 ./Middlewares/Third_Party/FreeRTOS/Source/CMSIS_RTOS/cmsis_os.o
 *fill*         0x0000000008005911        0x3 
 .rodata        0x0000000008005914        0x5 ./Middlewares/Third_Party/FreeRTOS/Source/tasks.o
 *fill*         0x0000000008005919        0x3 
 .rodata        0x000000000800591c        0xd ./Middlewares/Third_Party/FreeRTOS/Source/timers.o
 *(.rodata*)
 *fill*         0x0000000008005929        0x3 
 .rodata.AHBPrescTable
                0x000000000800592c       0x10 ./Core/Src/system_stm32f4xx.o
                0x000000000800592c                AHBPrescTable
 .rodata.APBPrescTable
                0x000000000800593c        0x8 ./Core/Src/system_stm32f4xx.o
                0x000000000800593c                APBPrescTable
                0x0000000008005944                . = ALIGN (0x4)

.ARM.extab      0x0000000008005944        0x0
                0x0000000008005944                . = ALIGN (0x4)
 *(.ARM.extab* .gnu.linkonce.armextab.*)
                0x0000000008005944                . = ALIGN (0x4)

.ARM            0x0000000008005944        0x8
                0x0000000008005944                . = ALIGN (0x4)
                0x0000000008005944                __exidx_start = .
 *(.ARM.exidx*)
 .ARM.exidx     0x0000000008005944        0x8 c:/st/stm32cubeide_1.11.2/stm32cubeide/plugins/com.st.stm32cube.ide.mcu.externaltools.gnu-tools-for-stm32.10.3-2021.10.win32_1.0.200.202301161003/tools/bin/../lib/gcc/arm-none-eabi/10.3.1/thumb/v7e-m+fp/hard\libgcc.a(_udivmoddi4.o)
                0x000000000800594c                __exidx_end = .
                0x000000000800594c                . = ALIGN (0x4)

.rel.dyn        0x000000000800594c        0x0
 .rel.iplt      0x000000000800594c        0x0 c:/st/stm32cubeide_1.11.2/stm32cubeide/plugins/com.st.stm32cube.ide.mcu.externaltools.gnu-tools-for-stm32.10.3-2021.10.win32_1.0.200.202301161003/tools/bin/../lib/gcc/arm-none-eabi/10.3.1/thumb/v7e-m+fp/hard/crtbegin.o

.preinit_array  0x000000000800594c        0x0
                0x000000000800594c                . = ALIGN (0x4)
                0x000000000800594c                PROVIDE (__preinit_array_start = .)
 *(.preinit_array*)
                0x000000000800594c                PROVIDE (__preinit_array_end = .)
                0x000000000800594c                . = ALIGN (0x4)

.init_array     0x000000000800594c        0x4
                0x000000000800594c                . = ALIGN (0x4)
                0x000000000800594c                PROVIDE (__init_array_start = .)
 *(SORT_BY_NAME(.init_array.*))
 *(.init_array*)
 .init_array    0x000000000800594c        0x4 c:/st/stm32cubeide_1.11.2/stm32cubeide/plugins/com.st.stm32cube.ide.mcu.externaltools.gnu-tools-for-stm32.10.3-2021.10.win32_1.0.200.202301161003/tools/bin/../lib/gcc/arm-none-eabi/10.3.1/thumb/v7e-m+fp/hard/crtbegin.o
                0x0000000008005950                PROVIDE (__init_array_end = .)
                0x0000000008005950                . = ALIGN (0x4)

.fini_array     0x0000000008005950        0x4
                0x0000000008005950                . = ALIGN (0x4)
                [!provide]                        PROVIDE (__fini_array_start = .)
 *(SORT_BY_NAME(.fini_array.*))
 *(.fini_array*)
 .fini_array    0x0000000008005950        0x4 c:/st/stm32cubeide_1.11.2/stm32cubeide/plugins/com.st.stm32cube.ide.mcu.externaltools.gnu-tools-for-stm32.10.3-2021.10.win32_1.0.200.202301161003/tools/bin/../lib/gcc/arm-none-eabi/10.3.1/thumb/v7e-m+fp/hard/crtbegin.o
                [!provide]                        PROVIDE (__fini_array_end = .)
                0x0000000008005954                . = ALIGN (0x4)
                0x0000000008005954                _sidata = LOADADDR (.data)

.data           0x0000000020000000       0x10 load address 0x0000000008005954
                0x0000000020000000                . = ALIGN (0x4)
                0x0000000020000000                _sdata = .
 *(.data)
 *(.data*)
 .data.SystemCoreClock
                0x0000000020000000        0x4 ./Core/Src/system_stm32f4xx.o
                0x0000000020000000                SystemCoreClock
 .data.uwTickPrio
                0x0000000020000004        0x4 ./Drivers/STM32F4xx_HAL_Driver/Src/stm32f4xx_hal.o
                0x0000000020000004                uwTickPrio
 .data.uwTickFreq
                0x0000000020000008        0x1 ./Drivers/STM32F4xx_HAL_Driver/Src/stm32f4xx_hal.o
                0x0000000020000008                uwTickFreq
 *fill*         0x0000000020000009        0x3 
 .data.uxCriticalNesting
                0x000000002000000c        0x4 ./Middlewares/Third_Party/FreeRTOS/Source/portable/GCC/ARM_CM4F/port.o
 *(.RamFunc)
 *(.RamFunc*)
                0x0000000020000010                . = ALIGN (0x4)
                0x0000000020000010                _edata = .
                0x0000000008005964                _siccmram = LOADADDR (.ccmram)

.igot.plt       0x0000000020000010        0x0 load address 0x0000000008005964
 .igot.plt      0x0000000020000010        0x0 c:/st/stm32cubeide_1.11.2/stm32cubeide/plugins/com.st.stm32cube.ide.mcu.externaltools.gnu-tools-for-stm32.10.3-2021.10.win32_1.0.200.202301161003/tools/bin/../lib/gcc/arm-none-eabi/10.3.1/thumb/v7e-m+fp/hard/crtbegin.o

.ccmram         0x0000000010000000        0x0 load address 0x0000000008005964
                0x0000000010000000                . = ALIGN (0x4)
                0x0000000010000000                _sccmram = .
 *(.ccmram)
 *(.ccmram*)
                0x0000000010000000                . = ALIGN (0x4)
                0x0000000010000000                _eccmram = .
                0x0000000010000000                . = ALIGN (0x4)

.bss            0x0000000020000010     0x389c
                0x0000000020000010                _sbss = .
                0x0000000020000010                __bss_start__ = _sbss
 *(.bss)
 .bss           0x0000000020000010       0x1c c:/st/stm32cubeide_1.11.2/stm32cubeide/plugins/com.st.stm32cube.ide.mcu.externaltools.gnu-tools-for-stm32.10.3-2021.10.win32_1.0.200.202301161003/tools/bin/../lib/gcc/arm-none-eabi/10.3.1/thumb/v7e-m+fp/hard/crtbegin.o
 *(.bss*)
 .bss.id        0x000000002000002c        0x2 ./Core/Src/freertos.o
 .bss.emtryCart
                0x000000002000002e        0x1 ./Core/Src/freertos.o
 *fill*         0x000000002000002f        0x1 
 .bss.lastcurrenttime
                0x0000000020000030        0x4 ./Core/Src/freertos.o
                0x0000000020000030                lastcurrenttime
 .bss.defaultTaskHandle
                0x0000000020000034        0x4 ./Core/Src/freertos.o
                0x0000000020000034                defaultTaskHandle
 .bss.defaultTaskBuffer
                0x0000000020000038      0x200 ./Core/Src/freertos.o
                0x0000000020000038                defaultTaskBuffer
 .bss.defaultTaskControlBlock
                0x0000000020000238       0xa8 ./Core/Src/freertos.o
                0x0000000020000238                defaultTaskControlBlock
 .bss.scannerCheckOutHandle
                0x00000000200002e0        0x4 ./Core/Src/freertos.o
                0x00000000200002e0                scannerCheckOutHandle
 .bss.scannerCheckOutBuffer
                0x00000000200002e4      0x400 ./Core/Src/freertos.o
                0x00000000200002e4                scannerCheckOutBuffer
 .bss.scannerCheckOutControlBlock
                0x00000000200006e4       0xa8 ./Core/Src/freertos.o
                0x00000000200006e4                scannerCheckOutControlBlock
 .bss.scannerCheckOut1Handle
                0x000000002000078c        0x4 ./Core/Src/freertos.o
                0x000000002000078c                scannerCheckOut1Handle
 .bss.scannerCheckOut1Buffer
                0x0000000020000790      0x400 ./Core/Src/freertos.o
                0x0000000020000790                scannerCheckOut1Buffer
 .bss.scannerCheckOut1ControlBlock
                0x0000000020000b90       0xa8 ./Core/Src/freertos.o
                0x0000000020000b90                scannerCheckOut1ControlBlock
 .bss.shoppingtaskHandle
                0x0000000020000c38        0x4 ./Core/Src/freertos.o
                0x0000000020000c38                shoppingtaskHandle
 .bss.shoppingtaskBuffer
                0x0000000020000c3c      0x400 ./Core/Src/freertos.o
                0x0000000020000c3c                shoppingtaskBuffer
 .bss.shoppingtaskControlBlock
                0x000000002000103c       0xa8 ./Core/Src/freertos.o
                0x000000002000103c                shoppingtaskControlBlock
 .bss.returnCardHandle
                0x00000000200010e4        0x4 ./Core/Src/freertos.o
                0x00000000200010e4                returnCardHandle
 .bss.returnCardBuffer
                0x00000000200010e8      0x400 ./Core/Src/freertos.o
                0x00000000200010e8                returnCardBuffer
 .bss.returnCardControlBlock
                0x00000000200014e8       0xa8 ./Core/Src/freertos.o
                0x00000000200014e8                returnCardControlBlock
 .bss.cashierTask01Handle
                0x0000000020001590        0x4 ./Core/Src/freertos.o
                0x0000000020001590                cashierTask01Handle
 .bss.cashierTask01Buffer
                0x0000000020001594      0x400 ./Core/Src/freertos.o
                0x0000000020001594                cashierTask01Buffer
 .bss.cashierTask01ControlBlock
                0x0000000020001994       0xa8 ./Core/Src/freertos.o
                0x0000000020001994                cashierTask01ControlBlock
 .bss.cashierTask02Handle
                0x0000000020001a3c        0x4 ./Core/Src/freertos.o
                0x0000000020001a3c                cashierTask02Handle
 .bss.cashierTask02Buffer
                0x0000000020001a40      0x400 ./Core/Src/freertos.o
                0x0000000020001a40                cashierTask02Buffer
 .bss.cashierTask02ControlBlock
                0x0000000020001e40       0xa8 ./Core/Src/freertos.o
                0x0000000020001e40                cashierTask02ControlBlock
 .bss.cashierTask03Handle
                0x0000000020001ee8        0x4 ./Core/Src/freertos.o
                0x0000000020001ee8                cashierTask03Handle
 .bss.cashierTask03Buffer
                0x0000000020001eec      0x400 ./Core/Src/freertos.o
                0x0000000020001eec                cashierTask03Buffer
 .bss.cashierTask03ControlBlock
                0x00000000200022ec       0xa8 ./Core/Src/freertos.o
                0x00000000200022ec                cashierTask03ControlBlock
 .bss.cashierQueue01Handle
                0x0000000020002394        0x4 ./Core/Src/freertos.o
                0x0000000020002394                cashierQueue01Handle
 .bss.cashierQueue01Buffer
                0x0000000020002398      0x100 ./Core/Src/freertos.o
                0x0000000020002398                cashierQueue01Buffer
 .bss.cashierQueue01ControlBlock
                0x0000000020002498       0x48 ./Core/Src/freertos.o
                0x0000000020002498                cashierQueue01ControlBlock
 .bss.cashierQueue02Handle
                0x00000000200024e0        0x4 ./Core/Src/freertos.o
                0x00000000200024e0                cashierQueue02Handle
 .bss.cashierQueue02Buffer
                0x00000000200024e4      0x100 ./Core/Src/freertos.o
                0x00000000200024e4                cashierQueue02Buffer
 .bss.cashierQueue02ControlBlock
                0x00000000200025e4       0x48 ./Core/Src/freertos.o
                0x00000000200025e4                cashierQueue02ControlBlock
 .bss.cashierQueue03Handle
                0x000000002000262c        0x4 ./Core/Src/freertos.o
                0x000000002000262c                cashierQueue03Handle
 .bss.cashierQueue03Buffer
                0x0000000020002630      0x100 ./Core/Src/freertos.o
                0x0000000020002630                cashierQueue03Buffer
 .bss.cashierQueue03ControlBlock
                0x0000000020002730       0x48 ./Core/Src/freertos.o
                0x0000000020002730                cashierQueue03ControlBlock
 .bss.scannerTerm01Handle
                0x0000000020002778        0x4 ./Core/Src/freertos.o
                0x0000000020002778                scannerTerm01Handle
 .bss.scannerTerm01Buffer
                0x000000002000277c      0x100 ./Core/Src/freertos.o
                0x000000002000277c                scannerTerm01Buffer
 .bss.scannerTerm01ControlBlock
                0x000000002000287c       0x48 ./Core/Src/freertos.o
                0x000000002000287c                scannerTerm01ControlBlock
 .bss.scannerTerm02Handle
                0x00000000200028c4        0x4 ./Core/Src/freertos.o
                0x00000000200028c4                scannerTerm02Handle
 .bss.scannerTerm02Buffer
                0x00000000200028c8      0x100 ./Core/Src/freertos.o
                0x00000000200028c8                scannerTerm02Buffer
 .bss.scannerTerm02ControlBlock
                0x00000000200029c8       0x48 ./Core/Src/freertos.o
                0x00000000200029c8                scannerTerm02ControlBlock
 .bss.shoppingQueueHandle
                0x0000000020002a10        0x4 ./Core/Src/freertos.o
                0x0000000020002a10                shoppingQueueHandle
 .bss.shoppingQueueBuffer
                0x0000000020002a14      0x100 ./Core/Src/freertos.o
                0x0000000020002a14                shoppingQueueBuffer
 .bss.shoppingQueueControlBlock
                0x0000000020002b14       0x48 ./Core/Src/freertos.o
                0x0000000020002b14                shoppingQueueControlBlock
 .bss.returCashierHandle
                0x0000000020002b5c        0x4 ./Core/Src/freertos.o
                0x0000000020002b5c                returCashierHandle
 .bss.returCashierBuffer
                0x0000000020002b60      0x100 ./Core/Src/freertos.o
                0x0000000020002b60                returCashierBuffer
 .bss.returCashierControlBlock
                0x0000000020002c60       0x48 ./Core/Src/freertos.o
                0x0000000020002c60                returCashierControlBlock
 .bss.entryTmrHandle
                0x0000000020002ca8        0x4 ./Core/Src/freertos.o
                0x0000000020002ca8                entryTmrHandle
 .bss.entryTmrControlBlock
                0x0000000020002cac       0x28 ./Core/Src/freertos.o
                0x0000000020002cac                entryTmrControlBlock
 .bss.ShoppingChecktmrHandle
                0x0000000020002cd4        0x4 ./Core/Src/freertos.o
                0x0000000020002cd4                ShoppingChecktmrHandle
 .bss.myTimer02ControlBlock
                0x0000000020002cd8       0x28 ./Core/Src/freertos.o
                0x0000000020002cd8                myTimer02ControlBlock
 .bss.CashierTmr01Handle
                0x0000000020002d00        0x4 ./Core/Src/freertos.o
                0x0000000020002d00                CashierTmr01Handle
 .bss.CashierTmr01ControlBlock
                0x0000000020002d04       0x28 ./Core/Src/freertos.o
                0x0000000020002d04                CashierTmr01ControlBlock
 .bss.CashierTmr02Handle
                0x0000000020002d2c        0x4 ./Core/Src/freertos.o
                0x0000000020002d2c                CashierTmr02Handle
 .bss.CashierTmr02ControlBlock
                0x0000000020002d30       0x28 ./Core/Src/freertos.o
                0x0000000020002d30                CashierTmr02ControlBlock
 .bss.CashierTmr03Handle
                0x0000000020002d58        0x4 ./Core/Src/freertos.o
                0x0000000020002d58                CashierTmr03Handle
 .bss.CashierTmr03ControlBlock
                0x0000000020002d5c       0x28 ./Core/Src/freertos.o
                0x0000000020002d5c                CashierTmr03ControlBlock
 .bss.scannerTmr01Handle
                0x0000000020002d84        0x4 ./Core/Src/freertos.o
                0x0000000020002d84                scannerTmr01Handle
 .bss.scannerTmr01ControlBlock
                0x0000000020002d88       0x28 ./Core/Src/freertos.o
                0x0000000020002d88                scannerTmr01ControlBlock
 .bss.scannerTmr02Handle
                0x0000000020002db0        0x4 ./Core/Src/freertos.o
                0x0000000020002db0                scannerTmr02Handle
 .bss.scannerTmr02ControlBlock
                0x0000000020002db4       0x28 ./Core/Src/freertos.o
                0x0000000020002db4                scannerTmr02ControlBlock
 .bss.returnCardTmrHandle
                0x0000000020002ddc        0x4 ./Core/Src/freertos.o
                0x0000000020002ddc                returnCardTmrHandle
 .bss.returnCardTmrControlBlock
                0x0000000020002de0       0x28 ./Core/Src/freertos.o
                0x0000000020002de0                returnCardTmrControlBlock
 .bss.cartSemHandle
                0x0000000020002e08        0x4 ./Core/Src/freertos.o
                0x0000000020002e08                cartSemHandle
 .bss.cartSemControlBlock
                0x0000000020002e0c       0x48 ./Core/Src/freertos.o
                0x0000000020002e0c                cartSemControlBlock
 .bss.handheldScannerHandle
                0x0000000020002e54        0x4 ./Core/Src/freertos.o
                0x0000000020002e54                handheldScannerHandle
 .bss.handheldScannerControlBlock
                0x0000000020002e58       0x48 ./Core/Src/freertos.o
                0x0000000020002e58                handheldScannerControlBlock
 .bss.xIdleTaskTCBBuffer
                0x0000000020002ea0       0xa8 ./Core/Src/freertos.o
 .bss.xIdleStack
                0x0000000020002f48      0x200 ./Core/Src/freertos.o
 .bss.xTimerTaskTCBBuffer
                0x0000000020003148       0xa8 ./Core/Src/freertos.o
 .bss.xTimerStack
                0x00000000200031f0      0x400 ./Core/Src/freertos.o
 .bss.htim2     0x00000000200035f0       0x48 ./Core/Src/stm32f4xx_hal_timebase_tim.o
                0x00000000200035f0                htim2
 .bss.uwTick    0x0000000020003638        0x4 ./Drivers/STM32F4xx_HAL_Driver/Src/stm32f4xx_hal.o
                0x0000000020003638                uwTick
 .bss.xQueueRegistry
                0x000000002000363c       0x40 ./Middlewares/Third_Party/FreeRTOS/Source/queue.o
                0x000000002000363c                xQueueRegistry
 .bss.pxCurrentTCB
                0x000000002000367c        0x4 ./Middlewares/Third_Party/FreeRTOS/Source/tasks.o
                0x000000002000367c                pxCurrentTCB
 .bss.pxReadyTasksLists
                0x0000000020003680       0x8c ./Middlewares/Third_Party/FreeRTOS/Source/tasks.o
 .bss.xDelayedTaskList1
                0x000000002000370c       0x14 ./Middlewares/Third_Party/FreeRTOS/Source/tasks.o
 .bss.xDelayedTaskList2
                0x0000000020003720       0x14 ./Middlewares/Third_Party/FreeRTOS/Source/tasks.o
 .bss.pxDelayedTaskList
                0x0000000020003734        0x4 ./Middlewares/Third_Party/FreeRTOS/Source/tasks.o
 .bss.pxOverflowDelayedTaskList
                0x0000000020003738        0x4 ./Middlewares/Third_Party/FreeRTOS/Source/tasks.o
 .bss.xPendingReadyList
                0x000000002000373c       0x14 ./Middlewares/Third_Party/FreeRTOS/Source/tasks.o
 .bss.xTasksWaitingTermination
                0x0000000020003750       0x14 ./Middlewares/Third_Party/FreeRTOS/Source/tasks.o
 .bss.uxDeletedTasksWaitingCleanUp
                0x0000000020003764        0x4 ./Middlewares/Third_Party/FreeRTOS/Source/tasks.o
 .bss.xSuspendedTaskList
                0x0000000020003768       0x14 ./Middlewares/Third_Party/FreeRTOS/Source/tasks.o
 .bss.uxCurrentNumberOfTasks
                0x000000002000377c        0x4 ./Middlewares/Third_Party/FreeRTOS/Source/tasks.o
 .bss.xTickCount
                0x0000000020003780        0x4 ./Middlewares/Third_Party/FreeRTOS/Source/tasks.o
 .bss.uxTopReadyPriority
                0x0000000020003784        0x4 ./Middlewares/Third_Party/FreeRTOS/Source/tasks.o
 .bss.xSchedulerRunning
                0x0000000020003788        0x4 ./Middlewares/Third_Party/FreeRTOS/Source/tasks.o
 .bss.xPendedTicks
                0x000000002000378c        0x4 ./Middlewares/Third_Party/FreeRTOS/Source/tasks.o
 .bss.xYieldPending
                0x0000000020003790        0x4 ./Middlewares/Third_Party/FreeRTOS/Source/tasks.o
 .bss.xNumOfOverflows
                0x0000000020003794        0x4 ./Middlewares/Third_Party/FreeRTOS/Source/tasks.o
 .bss.uxTaskNumber
                0x0000000020003798        0x4 ./Middlewares/Third_Party/FreeRTOS/Source/tasks.o
 .bss.xNextTaskUnblockTime
                0x000000002000379c        0x4 ./Middlewares/Third_Party/FreeRTOS/Source/tasks.o
 .bss.xIdleTaskHandle
                0x00000000200037a0        0x4 ./Middlewares/Third_Party/FreeRTOS/Source/tasks.o
 .bss.uxSchedulerSuspended
                0x00000000200037a4        0x4 ./Middlewares/Third_Party/FreeRTOS/Source/tasks.o
 .bss.xActiveTimerList1
                0x00000000200037a8       0x14 ./Middlewares/Third_Party/FreeRTOS/Source/timers.o
 .bss.xActiveTimerList2
                0x00000000200037bc       0x14 ./Middlewares/Third_Party/FreeRTOS/Source/timers.o
 .bss.pxCurrentTimerList
                0x00000000200037d0        0x4 ./Middlewares/Third_Party/FreeRTOS/Source/timers.o
 .bss.pxOverflowTimerList
                0x00000000200037d4        0x4 ./Middlewares/Third_Party/FreeRTOS/Source/timers.o
 .bss.xTimerQueue
                0x00000000200037d8        0x4 ./Middlewares/Third_Party/FreeRTOS/Source/timers.o
 .bss.xTimerTaskHandle
                0x00000000200037dc        0x4 ./Middlewares/Third_Party/FreeRTOS/Source/timers.o
 .bss.xLastTime.2
                0x00000000200037e0        0x4 ./Middlewares/Third_Party/FreeRTOS/Source/timers.o
 .bss.ucStaticTimerQueueStorage.1
                0x00000000200037e4       0x78 ./Middlewares/Third_Party/FreeRTOS/Source/timers.o
 .bss.xStaticTimerQueue.0
                0x000000002000385c       0x48 ./Middlewares/Third_Party/FreeRTOS/Source/timers.o
 .bss.ucMaxSysCallPriority
                0x00000000200038a4        0x1 ./Middlewares/Third_Party/FreeRTOS/Source/portable/GCC/ARM_CM4F/port.o
 *fill*         0x00000000200038a5        0x3 
 .bss.ulMaxPRIGROUPValue
                0x00000000200038a8        0x4 ./Middlewares/Third_Party/FreeRTOS/Source/portable/GCC/ARM_CM4F/port.o
 *(COMMON)
                0x00000000200038ac                . = ALIGN (0x4)
                0x00000000200038ac                _ebss = .
                0x00000000200038ac                __bss_end__ = _ebss

._user_heap_stack
                0x00000000200038ac     0x3004
                0x00000000200038b0                . = ALIGN (0x8)
 *fill*         0x00000000200038ac        0x4 
                [!provide]                        PROVIDE (end = .)
                0x00000000200038b0                PROVIDE (_end = .)
                0x00000000200048b0                . = (. + _Min_Heap_Size)
 *fill*         0x00000000200038b0     0x1000 
                0x00000000200068b0                . = (. + _Min_Stack_Size)
 *fill*         0x00000000200048b0     0x2000 
                0x00000000200068b0                . = ALIGN (0x8)

/DISCARD/
 libc.a(*)
 libm.a(*)
 libgcc.a(*)

.ARM.attributes
                0x0000000000000000       0x30
 *(.ARM.attributes)
 .ARM.attributes
                0x0000000000000000       0x1e c:/st/stm32cubeide_1.11.2/stm32cubeide/plugins/com.st.stm32cube.ide.mcu.externaltools.gnu-tools-for-stm32.10.3-2021.10.win32_1.0.200.202301161003/tools/bin/../lib/gcc/arm-none-eabi/10.3.1/thumb/v7e-m+fp/hard/crti.o
 .ARM.attributes
                0x000000000000001e       0x34 c:/st/stm32cubeide_1.11.2/stm32cubeide/plugins/com.st.stm32cube.ide.mcu.externaltools.gnu-tools-for-stm32.10.3-2021.10.win32_1.0.200.202301161003/tools/bin/../lib/gcc/arm-none-eabi/10.3.1/thumb/v7e-m+fp/hard/crtbegin.o
 .ARM.attributes
                0x0000000000000052       0x34 ./Core/Src/freertos.o
 .ARM.attributes
                0x0000000000000086       0x34 ./Core/Src/gpio.o
 .ARM.attributes
                0x00000000000000ba       0x34 ./Core/Src/main.o
 .ARM.attributes
                0x00000000000000ee       0x34 ./Core/Src/stm32f4xx_hal_msp.o
 .ARM.attributes
                0x0000000000000122       0x34 ./Core/Src/stm32f4xx_hal_timebase_tim.o
 .ARM.attributes
                0x0000000000000156       0x34 ./Core/Src/stm32f4xx_it.o
 .ARM.attributes
                0x000000000000018a       0x34 ./Core/Src/system_stm32f4xx.o
 .ARM.attributes
                0x00000000000001be       0x21 ./Core/Startup/startup_stm32f407vetx.o
 .ARM.attributes
                0x00000000000001df       0x34 ./Drivers/STM32F4xx_HAL_Driver/Src/stm32f4xx_hal.o
 .ARM.attributes
                0x0000000000000213       0x34 ./Drivers/STM32F4xx_HAL_Driver/Src/stm32f4xx_hal_cortex.o
 .ARM.attributes
                0x0000000000000247       0x34 ./Drivers/STM32F4xx_HAL_Driver/Src/stm32f4xx_hal_rcc.o
 .ARM.attributes
                0x000000000000027b       0x34 ./Drivers/STM32F4xx_HAL_Driver/Src/stm32f4xx_hal_tim.o
 .ARM.attributes
                0x00000000000002af       0x34 ./Drivers/STM32F4xx_HAL_Driver/Src/stm32f4xx_hal_tim_ex.o
 .ARM.attributes
                0x00000000000002e3       0x34 ./Middlewares/Third_Party/FreeRTOS/Source/CMSIS_RTOS/cmsis_os.o
 .ARM.attributes
                0x0000000000000317       0x34 ./Middlewares/Third_Party/FreeRTOS/Source/list.o
 .ARM.attributes
                0x000000000000034b       0x34 ./Middlewares/Third_Party/FreeRTOS/Source/queue.o
 .ARM.attributes
                0x000000000000037f       0x34 ./Middlewares/Third_Party/FreeRTOS/Source/tasks.o
 .ARM.attributes
                0x00000000000003b3       0x34 ./Middlewares/Third_Party/FreeRTOS/Source/timers.o
 .ARM.attributes
                0x00000000000003e7       0x34 ./Middlewares/Third_Party/FreeRTOS/Source/portable/GCC/ARM_CM4F/port.o
 .ARM.attributes
                0x000000000000041b       0x34 c:/st/stm32cubeide_1.11.2/stm32cubeide/plugins/com.st.stm32cube.ide.mcu.externaltools.gnu-tools-for-stm32.10.3-2021.10.win32_1.0.200.202301161003/tools/bin/../lib/gcc/arm-none-eabi/10.3.1/../../../../arm-none-eabi/lib/thumb/v7e-m+fp/hard\libc_nano.a(lib_a-init.o)
 .ARM.attributes
                0x000000000000044f       0x34 c:/st/stm32cubeide_1.11.2/stm32cubeide/plugins/com.st.stm32cube.ide.mcu.externaltools.gnu-tools-for-stm32.10.3-2021.10.win32_1.0.200.202301161003/tools/bin/../lib/gcc/arm-none-eabi/10.3.1/../../../../arm-none-eabi/lib/thumb/v7e-m+fp/hard\libc_nano.a(lib_a-memcpy-stub.o)
 .ARM.attributes
                0x0000000000000483       0x34 c:/st/stm32cubeide_1.11.2/stm32cubeide/plugins/com.st.stm32cube.ide.mcu.externaltools.gnu-tools-for-stm32.10.3-2021.10.win32_1.0.200.202301161003/tools/bin/../lib/gcc/arm-none-eabi/10.3.1/../../../../arm-none-eabi/lib/thumb/v7e-m+fp/hard\libc_nano.a(lib_a-memset.o)
 .ARM.attributes
                0x00000000000004b7       0x1e c:/st/stm32cubeide_1.11.2/stm32cubeide/plugins/com.st.stm32cube.ide.mcu.externaltools.gnu-tools-for-stm32.10.3-2021.10.win32_1.0.200.202301161003/tools/bin/../lib/gcc/arm-none-eabi/10.3.1/thumb/v7e-m+fp/hard\libgcc.a(_aeabi_uldivmod.o)
 .ARM.attributes
                0x00000000000004d5       0x34 c:/st/stm32cubeide_1.11.2/stm32cubeide/plugins/com.st.stm32cube.ide.mcu.externaltools.gnu-tools-for-stm32.10.3-2021.10.win32_1.0.200.202301161003/tools/bin/../lib/gcc/arm-none-eabi/10.3.1/thumb/v7e-m+fp/hard\libgcc.a(_udivmoddi4.o)
 .ARM.attributes
                0x0000000000000509       0x1e c:/st/stm32cubeide_1.11.2/stm32cubeide/plugins/com.st.stm32cube.ide.mcu.externaltools.gnu-tools-for-stm32.10.3-2021.10.win32_1.0.200.202301161003/tools/bin/../lib/gcc/arm-none-eabi/10.3.1/thumb/v7e-m+fp/hard\libgcc.a(_dvmd_tls.o)
 .ARM.attributes
                0x0000000000000527       0x1e c:/st/stm32cubeide_1.11.2/stm32cubeide/plugins/com.st.stm32cube.ide.mcu.externaltools.gnu-tools-for-stm32.10.3-2021.10.win32_1.0.200.202301161003/tools/bin/../lib/gcc/arm-none-eabi/10.3.1/thumb/v7e-m+fp/hard/crtn.o
OUTPUT(Module_001_SuperMaketCheckOut.elf elf32-littlearm)
LOAD linker stubs
LOAD c:/st/stm32cubeide_1.11.2/stm32cubeide/plugins/com.st.stm32cube.ide.mcu.externaltools.gnu-tools-for-stm32.10.3-2021.10.win32_1.0.200.202301161003/tools/bin/../lib/gcc/arm-none-eabi/10.3.1/../../../../arm-none-eabi/lib/thumb/v7e-m+fp/hard\libc.a
LOAD c:/st/stm32cubeide_1.11.2/stm32cubeide/plugins/com.st.stm32cube.ide.mcu.externaltools.gnu-tools-for-stm32.10.3-2021.10.win32_1.0.200.202301161003/tools/bin/../lib/gcc/arm-none-eabi/10.3.1/../../../../arm-none-eabi/lib/thumb/v7e-m+fp/hard\libm.a
LOAD c:/st/stm32cubeide_1.11.2/stm32cubeide/plugins/com.st.stm32cube.ide.mcu.externaltools.gnu-tools-for-stm32.10.3-2021.10.win32_1.0.200.202301161003/tools/bin/../lib/gcc/arm-none-eabi/10.3.1/thumb/v7e-m+fp/hard\libgcc.a

.debug_info     0x0000000000000000    0x10f3f
 .debug_info    0x0000000000000000     0x1525 ./Core/Src/freertos.o
 .debug_info    0x0000000000001525      0x28b ./Core/Src/gpio.o
 .debug_info    0x00000000000017b0      0xb99 ./Core/Src/main.o
 .debug_info    0x0000000000002349      0x4f6 ./Core/Src/stm32f4xx_hal_msp.o
 .debug_info    0x000000000000283f      0xc4b ./Core/Src/stm32f4xx_hal_timebase_tim.o
 .debug_info    0x000000000000348a      0x6f8 ./Core/Src/stm32f4xx_it.o
 .debug_info    0x0000000000003b82      0x523 ./Core/Src/system_stm32f4xx.o
 .debug_info    0x00000000000040a5       0x22 ./Core/Startup/startup_stm32f407vetx.o
 .debug_info    0x00000000000040c7      0x97c ./Drivers/STM32F4xx_HAL_Driver/Src/stm32f4xx_hal.o
 .debug_info    0x0000000000004a43      0xe1b ./Drivers/STM32F4xx_HAL_Driver/Src/stm32f4xx_hal_cortex.o
 .debug_info    0x000000000000585e      0x966 ./Drivers/STM32F4xx_HAL_Driver/Src/stm32f4xx_hal_rcc.o
 .debug_info    0x00000000000061c4     0x2bbe ./Drivers/STM32F4xx_HAL_Driver/Src/stm32f4xx_hal_tim.o
 .debug_info    0x0000000000008d82     0x15e0 ./Drivers/STM32F4xx_HAL_Driver/Src/stm32f4xx_hal_tim_ex.o
 .debug_info    0x000000000000a362     0x1bee ./Middlewares/Third_Party/FreeRTOS/Source/CMSIS_RTOS/cmsis_os.o
 .debug_info    0x000000000000bf50      0x2d1 ./Middlewares/Third_Party/FreeRTOS/Source/list.o
 .debug_info    0x000000000000c221     0x18b5 ./Middlewares/Third_Party/FreeRTOS/Source/queue.o
 .debug_info    0x000000000000dad6     0x1d22 ./Middlewares/Third_Party/FreeRTOS/Source/tasks.o
 .debug_info    0x000000000000f7f8     0x1240 ./Middlewares/Third_Party/FreeRTOS/Source/timers.o
 .debug_info    0x0000000000010a38      0x507 ./Middlewares/Third_Party/FreeRTOS/Source/portable/GCC/ARM_CM4F/port.o

.debug_abbrev   0x0000000000000000     0x288c
 .debug_abbrev  0x0000000000000000      0x2b3 ./Core/Src/freertos.o
 .debug_abbrev  0x00000000000002b3       0xc9 ./Core/Src/gpio.o
 .debug_abbrev  0x000000000000037c      0x22f ./Core/Src/main.o
 .debug_abbrev  0x00000000000005ab      0x115 ./Core/Src/stm32f4xx_hal_msp.o
 .debug_abbrev  0x00000000000006c0      0x1e6 ./Core/Src/stm32f4xx_hal_timebase_tim.o
 .debug_abbrev  0x00000000000008a6      0x171 ./Core/Src/stm32f4xx_it.o
 .debug_abbrev  0x0000000000000a17      0x116 ./Core/Src/system_stm32f4xx.o
 .debug_abbrev  0x0000000000000b2d       0x12 ./Core/Startup/startup_stm32f407vetx.o
 .debug_abbrev  0x0000000000000b3f      0x20d ./Drivers/STM32F4xx_HAL_Driver/Src/stm32f4xx_hal.o
 .debug_abbrev  0x0000000000000d4c      0x316 ./Drivers/STM32F4xx_HAL_Driver/Src/stm32f4xx_hal_cortex.o
 .debug_abbrev  0x0000000000001062      0x2aa ./Drivers/STM32F4xx_HAL_Driver/Src/stm32f4xx_hal_rcc.o
 .debug_abbrev  0x000000000000130c      0x25d ./Drivers/STM32F4xx_HAL_Driver/Src/stm32f4xx_hal_tim.o
 .debug_abbrev  0x0000000000001569      0x265 ./Drivers/STM32F4xx_HAL_Driver/Src/stm32f4xx_hal_tim_ex.o
 .debug_abbrev  0x00000000000017ce      0x386 ./Middlewares/Third_Party/FreeRTOS/Source/CMSIS_RTOS/cmsis_os.o
 .debug_abbrev  0x0000000000001b54       0xf2 ./Middlewares/Third_Party/FreeRTOS/Source/list.o
 .debug_abbrev  0x0000000000001c46      0x38c ./Middlewares/Third_Party/FreeRTOS/Source/queue.o
 .debug_abbrev  0x0000000000001fd2      0x34e ./Middlewares/Third_Party/FreeRTOS/Source/tasks.o
 .debug_abbrev  0x0000000000002320      0x313 ./Middlewares/Third_Party/FreeRTOS/Source/timers.o
 .debug_abbrev  0x0000000000002633      0x259 ./Middlewares/Third_Party/FreeRTOS/Source/portable/GCC/ARM_CM4F/port.o

.debug_aranges  0x0000000000000000     0x1000
 .debug_aranges
                0x0000000000000000       0xd0 ./Core/Src/freertos.o
 .debug_aranges
                0x00000000000000d0       0x20 ./Core/Src/gpio.o
 .debug_aranges
                0x00000000000000f0       0x38 ./Core/Src/main.o
 .debug_aranges
                0x0000000000000128       0x20 ./Core/Src/stm32f4xx_hal_msp.o
 .debug_aranges
                0x0000000000000148       0x30 ./Core/Src/stm32f4xx_hal_timebase_tim.o
 .debug_aranges
                0x0000000000000178       0x50 ./Core/Src/stm32f4xx_it.o
 .debug_aranges
                0x00000000000001c8       0x28 ./Core/Src/system_stm32f4xx.o
 .debug_aranges
                0x00000000000001f0       0x28 ./Core/Startup/startup_stm32f407vetx.o
 .debug_aranges
                0x0000000000000218       0xf0 ./Drivers/STM32F4xx_HAL_Driver/Src/stm32f4xx_hal.o
 .debug_aranges
                0x0000000000000308      0x118 ./Drivers/STM32F4xx_HAL_Driver/Src/stm32f4xx_hal_cortex.o
 .debug_aranges
                0x0000000000000420       0x88 ./Drivers/STM32F4xx_HAL_Driver/Src/stm32f4xx_hal_rcc.o
 .debug_aranges
                0x00000000000004a8      0x3d0 ./Drivers/STM32F4xx_HAL_Driver/Src/stm32f4xx_hal_tim.o
 .debug_aranges
                0x0000000000000878      0x168 ./Drivers/STM32F4xx_HAL_Driver/Src/stm32f4xx_hal_tim_ex.o
 .debug_aranges
                0x00000000000009e0      0x1d8 ./Middlewares/Third_Party/FreeRTOS/Source/CMSIS_RTOS/cmsis_os.o
 .debug_aranges
                0x0000000000000bb8       0x40 ./Middlewares/Third_Party/FreeRTOS/Source/list.o
 .debug_aranges
                0x0000000000000bf8      0x108 ./Middlewares/Third_Party/FreeRTOS/Source/queue.o
 .debug_aranges
                0x0000000000000d00      0x1b8 ./Middlewares/Third_Party/FreeRTOS/Source/tasks.o
 .debug_aranges
                0x0000000000000eb8       0xc8 ./Middlewares/Third_Party/FreeRTOS/Source/timers.o
 .debug_aranges
                0x0000000000000f80       0x80 ./Middlewares/Third_Party/FreeRTOS/Source/portable/GCC/ARM_CM4F/port.o

.debug_ranges   0x0000000000000000      0xed8
 .debug_ranges  0x0000000000000000       0xc0 ./Core/Src/freertos.o
 .debug_ranges  0x00000000000000c0       0x10 ./Core/Src/gpio.o
 .debug_ranges  0x00000000000000d0       0x28 ./Core/Src/main.o
 .debug_ranges  0x00000000000000f8       0x10 ./Core/Src/stm32f4xx_hal_msp.o
 .debug_ranges  0x0000000000000108       0x20 ./Core/Src/stm32f4xx_hal_timebase_tim.o
 .debug_ranges  0x0000000000000128       0x40 ./Core/Src/stm32f4xx_it.o
 .debug_ranges  0x0000000000000168       0x18 ./Core/Src/system_stm32f4xx.o
 .debug_ranges  0x0000000000000180       0x20 ./Core/Startup/startup_stm32f407vetx.o
 .debug_ranges  0x00000000000001a0       0xe0 ./Drivers/STM32F4xx_HAL_Driver/Src/stm32f4xx_hal.o
 .debug_ranges  0x0000000000000280      0x108 ./Drivers/STM32F4xx_HAL_Driver/Src/stm32f4xx_hal_cortex.o
 .debug_ranges  0x0000000000000388       0x78 ./Drivers/STM32F4xx_HAL_Driver/Src/stm32f4xx_hal_rcc.o
 .debug_ranges  0x0000000000000400      0x3c0 ./Drivers/STM32F4xx_HAL_Driver/Src/stm32f4xx_hal_tim.o
 .debug_ranges  0x00000000000007c0      0x158 ./Drivers/STM32F4xx_HAL_Driver/Src/stm32f4xx_hal_tim_ex.o
 .debug_ranges  0x0000000000000918      0x1c8 ./Middlewares/Third_Party/FreeRTOS/Source/CMSIS_RTOS/cmsis_os.o
 .debug_ranges  0x0000000000000ae0       0x30 ./Middlewares/Third_Party/FreeRTOS/Source/list.o
 .debug_ranges  0x0000000000000b10       0xf8 ./Middlewares/Third_Party/FreeRTOS/Source/queue.o
 .debug_ranges  0x0000000000000c08      0x1a8 ./Middlewares/Third_Party/FreeRTOS/Source/tasks.o
 .debug_ranges  0x0000000000000db0       0xb8 ./Middlewares/Third_Party/FreeRTOS/Source/timers.o
 .debug_ranges  0x0000000000000e68       0x70 ./Middlewares/Third_Party/FreeRTOS/Source/portable/GCC/ARM_CM4F/port.o

.debug_macro    0x0000000000000000    0x21b19
 .debug_macro   0x0000000000000000      0x2aa ./Core/Src/freertos.o
 .debug_macro   0x00000000000002aa      0xa78 ./Core/Src/freertos.o
 .debug_macro   0x0000000000000d22      0x174 ./Core/Src/freertos.o
 .debug_macro   0x0000000000000e96       0x22 ./Core/Src/freertos.o
 .debug_macro   0x0000000000000eb8       0x8e ./Core/Src/freertos.o
 .debug_macro   0x0000000000000f46       0x51 ./Core/Src/freertos.o
 .debug_macro   0x0000000000000f97      0x103 ./Core/Src/freertos.o
 .debug_macro   0x000000000000109a       0x6a ./Core/Src/freertos.o
 .debug_macro   0x0000000000001104      0x1df ./Core/Src/freertos.o
 .debug_macro   0x00000000000012e3      0x104 ./Core/Src/freertos.o
 .debug_macro   0x00000000000013e7      0x15a ./Core/Src/freertos.o
 .debug_macro   0x0000000000001541       0xde ./Core/Src/freertos.o
 .debug_macro   0x000000000000161f       0x1c ./Core/Src/freertos.o
 .debug_macro   0x000000000000163b       0x26 ./Core/Src/freertos.o
 .debug_macro   0x0000000000001661      0x4f6 ./Core/Src/freertos.o
 .debug_macro   0x0000000000001b57       0xb5 ./Core/Src/freertos.o
 .debug_macro   0x0000000000001c0c       0xaa ./Core/Src/freertos.o
 .debug_macro   0x0000000000001cb6      0x295 ./Core/Src/freertos.o
 .debug_macro   0x0000000000001f4b       0x2e ./Core/Src/freertos.o
 .debug_macro   0x0000000000001f79       0x2f ./Core/Src/freertos.o
 .debug_macro   0x0000000000001fa8       0x1c ./Core/Src/freertos.o
 .debug_macro   0x0000000000001fc4       0x22 ./Core/Src/freertos.o
 .debug_macro   0x0000000000001fe6       0xd9 ./Core/Src/freertos.o
 .debug_macro   0x00000000000020bf     0x102d ./Core/Src/freertos.o
 .debug_macro   0x00000000000030ec      0x11f ./Core/Src/freertos.o
 .debug_macro   0x000000000000320b    0x15e82 ./Core/Src/freertos.o
 .debug_macro   0x000000000001908d       0x6d ./Core/Src/freertos.o
 .debug_macro   0x00000000000190fa     0x367e ./Core/Src/freertos.o
 .debug_macro   0x000000000001c778       0x5c ./Core/Src/freertos.o
 .debug_macro   0x000000000001c7d4      0x96b ./Core/Src/freertos.o
 .debug_macro   0x000000000001d13f      0x9fe ./Core/Src/freertos.o
 .debug_macro   0x000000000001db3d      0x115 ./Core/Src/freertos.o
 .debug_macro   0x000000000001dc52      0x13e ./Core/Src/freertos.o
 .debug_macro   0x000000000001dd90       0xa5 ./Core/Src/freertos.o
 .debug_macro   0x000000000001de35      0x174 ./Core/Src/freertos.o
 .debug_macro   0x000000000001dfa9      0x287 ./Core/Src/freertos.o
 .debug_macro   0x000000000001e230       0x5f ./Core/Src/freertos.o
 .debug_macro   0x000000000001e28f      0x236 ./Core/Src/freertos.o
 .debug_macro   0x000000000001e4c5      0x12c ./Core/Src/freertos.o
 .debug_macro   0x000000000001e5f1      0x21e ./Core/Src/freertos.o
 .debug_macro   0x000000000001e80f       0x2e ./Core/Src/freertos.o
 .debug_macro   0x000000000001e83d      0x11a ./Core/Src/freertos.o
 .debug_macro   0x000000000001e957       0x7e ./Core/Src/freertos.o
 .debug_macro   0x000000000001e9d5       0x89 ./Core/Src/freertos.o
 .debug_macro   0x000000000001ea5e      0x8e6 ./Core/Src/freertos.o
 .debug_macro   0x000000000001f344       0x47 ./Core/Src/freertos.o
 .debug_macro   0x000000000001f38b      0x12d ./Core/Src/freertos.o
 .debug_macro   0x000000000001f4b8       0x1c ./Core/Src/freertos.o
 .debug_macro   0x000000000001f4d4       0x91 ./Core/Src/freertos.o
 .debug_macro   0x000000000001f565       0x86 ./Core/Src/freertos.o
 .debug_macro   0x000000000001f5eb       0x63 ./Core/Src/freertos.o
 .debug_macro   0x000000000001f64e       0x19 ./Core/Src/freertos.o
 .debug_macro   0x000000000001f667       0xf2 ./Core/Src/freertos.o
 .debug_macro   0x000000000001f759      0x1dd ./Core/Src/gpio.o
 .debug_macro   0x000000000001f936      0x294 ./Core/Src/main.o
 .debug_macro   0x000000000001fbca      0x104 ./Core/Src/main.o
 .debug_macro   0x000000000001fcce      0x1d3 ./Core/Src/stm32f4xx_hal_msp.o
 .debug_macro   0x000000000001fea1      0x1c4 ./Core/Src/stm32f4xx_hal_timebase_tim.o
 .debug_macro   0x0000000000020065      0x1dd ./Core/Src/stm32f4xx_it.o
 .debug_macro   0x0000000000020242      0x1c4 ./Core/Src/system_stm32f4xx.o
 .debug_macro   0x0000000000020406      0x224 ./Drivers/STM32F4xx_HAL_Driver/Src/stm32f4xx_hal.o
 .debug_macro   0x000000000002062a      0x1c4 ./Drivers/STM32F4xx_HAL_Driver/Src/stm32f4xx_hal_cortex.o
 .debug_macro   0x00000000000207ee      0x1e8 ./Drivers/STM32F4xx_HAL_Driver/Src/stm32f4xx_hal_rcc.o
 .debug_macro   0x00000000000209d6      0x1c5 ./Drivers/STM32F4xx_HAL_Driver/Src/stm32f4xx_hal_tim.o
 .debug_macro   0x0000000000020b9b      0x1c4 ./Drivers/STM32F4xx_HAL_Driver/Src/stm32f4xx_hal_tim_ex.o
 .debug_macro   0x0000000000020d5f      0x1fe ./Middlewares/Third_Party/FreeRTOS/Source/CMSIS_RTOS/cmsis_os.o
 .debug_macro   0x0000000000020f5d       0x10 ./Middlewares/Third_Party/FreeRTOS/Source/CMSIS_RTOS/cmsis_os.o
 .debug_macro   0x0000000000020f6d       0x20 ./Middlewares/Third_Party/FreeRTOS/Source/CMSIS_RTOS/cmsis_os.o
 .debug_macro   0x0000000000020f8d       0xc7 ./Middlewares/Third_Party/FreeRTOS/Source/CMSIS_RTOS/cmsis_os.o
 .debug_macro   0x0000000000021054      0x187 ./Middlewares/Third_Party/FreeRTOS/Source/list.o
 .debug_macro   0x00000000000211db      0x216 ./Middlewares/Third_Party/FreeRTOS/Source/queue.o
 .debug_macro   0x00000000000213f1       0x16 ./Middlewares/Third_Party/FreeRTOS/Source/queue.o
 .debug_macro   0x0000000000021407       0x80 ./Middlewares/Third_Party/FreeRTOS/Source/queue.o
 .debug_macro   0x0000000000021487      0x279 ./Middlewares/Third_Party/FreeRTOS/Source/tasks.o
 .debug_macro   0x0000000000021700       0x10 ./Middlewares/Third_Party/FreeRTOS/Source/tasks.o
 .debug_macro   0x0000000000021710      0x1dc ./Middlewares/Third_Party/FreeRTOS/Source/timers.o
 .debug_macro   0x00000000000218ec       0x97 ./Middlewares/Third_Party/FreeRTOS/Source/timers.o
 .debug_macro   0x0000000000021983      0x196 ./Middlewares/Third_Party/FreeRTOS/Source/portable/GCC/ARM_CM4F/port.o

.debug_line     0x0000000000000000    0x104a1
 .debug_line    0x0000000000000000      0xbaa ./Core/Src/freertos.o
 .debug_line    0x0000000000000baa      0x6a7 ./Core/Src/gpio.o
 .debug_line    0x0000000000001251      0x8bf ./Core/Src/main.o
 .debug_line    0x0000000000001b10      0x6ac ./Core/Src/stm32f4xx_hal_msp.o
 .debug_line    0x00000000000021bc      0x727 ./Core/Src/stm32f4xx_hal_timebase_tim.o
 .debug_line    0x00000000000028e3      0x748 ./Core/Src/stm32f4xx_it.o
 .debug_line    0x000000000000302b      0x72d ./Core/Src/system_stm32f4xx.o
 .debug_line    0x0000000000003758       0x88 ./Core/Startup/startup_stm32f407vetx.o
 .debug_line    0x00000000000037e0      0x993 ./Drivers/STM32F4xx_HAL_Driver/Src/stm32f4xx_hal.o
 .debug_line    0x0000000000004173      0xc42 ./Drivers/STM32F4xx_HAL_Driver/Src/stm32f4xx_hal_cortex.o
 .debug_line    0x0000000000004db5      0xd0f ./Drivers/STM32F4xx_HAL_Driver/Src/stm32f4xx_hal_rcc.o
 .debug_line    0x0000000000005ac4     0x3687 ./Drivers/STM32F4xx_HAL_Driver/Src/stm32f4xx_hal_tim.o
 .debug_line    0x000000000000914b     0x1990 ./Drivers/STM32F4xx_HAL_Driver/Src/stm32f4xx_hal_tim_ex.o
 .debug_line    0x000000000000aadb     0x110d ./Middlewares/Third_Party/FreeRTOS/Source/CMSIS_RTOS/cmsis_os.o
 .debug_line    0x000000000000bbe8      0x707 ./Middlewares/Third_Party/FreeRTOS/Source/list.o
 .debug_line    0x000000000000c2ef     0x14ad ./Middlewares/Third_Party/FreeRTOS/Source/queue.o
 .debug_line    0x000000000000d79c     0x18df ./Middlewares/Third_Party/FreeRTOS/Source/tasks.o
 .debug_line    0x000000000000f07b      0xc7a ./Middlewares/Third_Party/FreeRTOS/Source/timers.o
 .debug_line    0x000000000000fcf5      0x7ac ./Middlewares/Third_Party/FreeRTOS/Source/portable/GCC/ARM_CM4F/port.o

.debug_str      0x0000000000000000    0xd0fc7
 .debug_str     0x0000000000000000    0xc8589 ./Core/Src/freertos.o
                                      0xc88dc (size before relaxing)
 .debug_str     0x00000000000c8589      0x12a ./Core/Src/gpio.o
                                      0xc1a41 (size before relaxing)
 .debug_str     0x00000000000c86b3      0x697 ./Core/Src/main.o
                                      0xc7f69 (size before relaxing)
 .debug_str     0x00000000000c8d4a      0x51c ./Core/Src/stm32f4xx_hal_msp.o
                                      0xc1f4e (size before relaxing)
 .debug_str     0x00000000000c9266      0x11a ./Core/Src/stm32f4xx_hal_timebase_tim.o
                                      0xc2596 (size before relaxing)
 .debug_str     0x00000000000c9380       0xb5 ./Core/Src/stm32f4xx_it.o
                                      0xc1eee (size before relaxing)
 .debug_str     0x00000000000c9435       0xdb ./Core/Src/system_stm32f4xx.o
                                      0xc1a9f (size before relaxing)
 .debug_str     0x00000000000c9510       0x36 ./Core/Startup/startup_stm32f407vetx.o
                                         0x70 (size before relaxing)
 .debug_str     0x00000000000c9546      0x5d3 ./Drivers/STM32F4xx_HAL_Driver/Src/stm32f4xx_hal.o
                                      0xc2623 (size before relaxing)
 .debug_str     0x00000000000c9b19      0x327 ./Drivers/STM32F4xx_HAL_Driver/Src/stm32f4xx_hal_cortex.o
                                      0xc2356 (size before relaxing)
 .debug_str     0x00000000000c9e40      0x273 ./Drivers/STM32F4xx_HAL_Driver/Src/stm32f4xx_hal_rcc.o
                                      0xc1ed3 (size before relaxing)
 .debug_str     0x00000000000ca0b3      0xe69 ./Drivers/STM32F4xx_HAL_Driver/Src/stm32f4xx_hal_tim.o
                                      0xc2e19 (size before relaxing)
 .debug_str     0x00000000000caf1c      0x503 ./Drivers/STM32F4xx_HAL_Driver/Src/stm32f4xx_hal_tim_ex.o
                                      0xc2635 (size before relaxing)
 .debug_str     0x00000000000cb41f     0x35b8 ./Middlewares/Third_Party/FreeRTOS/Source/CMSIS_RTOS/cmsis_os.o
                                       0xe0fe (size before relaxing)
 .debug_str     0x00000000000ce9d7      0x20f ./Middlewares/Third_Party/FreeRTOS/Source/list.o
                                       0xa6cc (size before relaxing)
 .debug_str     0x00000000000cebe6      0x830 ./Middlewares/Third_Party/FreeRTOS/Source/queue.o
                                       0xc006 (size before relaxing)
 .debug_str     0x00000000000cf416      0xf4c ./Middlewares/Third_Party/FreeRTOS/Source/tasks.o
                                       0xca1b (size before relaxing)
 .debug_str     0x00000000000d0362      0x4e2 ./Middlewares/Third_Party/FreeRTOS/Source/timers.o
                                       0xc575 (size before relaxing)
 .debug_str     0x00000000000d0844      0x783 ./Middlewares/Third_Party/FreeRTOS/Source/portable/GCC/ARM_CM4F/port.o
                                       0x8639 (size before relaxing)

.comment        0x0000000000000000       0x50
 .comment       0x0000000000000000       0x50 ./Core/Src/freertos.o
                                         0x51 (size before relaxing)
 .comment       0x0000000000000050       0x51 ./Core/Src/gpio.o
 .comment       0x0000000000000050       0x51 ./Core/Src/main.o
 .comment       0x0000000000000050       0x51 ./Core/Src/stm32f4xx_hal_msp.o
 .comment       0x0000000000000050       0x51 ./Core/Src/stm32f4xx_hal_timebase_tim.o
 .comment       0x0000000000000050       0x51 ./Core/Src/stm32f4xx_it.o
 .comment       0x0000000000000050       0x51 ./Core/Src/system_stm32f4xx.o
 .comment       0x0000000000000050       0x51 ./Drivers/STM32F4xx_HAL_Driver/Src/stm32f4xx_hal.o
 .comment       0x0000000000000050       0x51 ./Drivers/STM32F4xx_HAL_Driver/Src/stm32f4xx_hal_cortex.o
 .comment       0x0000000000000050       0x51 ./Drivers/STM32F4xx_HAL_Driver/Src/stm32f4xx_hal_rcc.o
 .comment       0x0000000000000050       0x51 ./Drivers/STM32F4xx_HAL_Driver/Src/stm32f4xx_hal_tim.o
 .comment       0x0000000000000050       0x51 ./Drivers/STM32F4xx_HAL_Driver/Src/stm32f4xx_hal_tim_ex.o
 .comment       0x0000000000000050       0x51 ./Middlewares/Third_Party/FreeRTOS/Source/CMSIS_RTOS/cmsis_os.o
 .comment       0x0000000000000050       0x51 ./Middlewares/Third_Party/FreeRTOS/Source/list.o
 .comment       0x0000000000000050       0x51 ./Middlewares/Third_Party/FreeRTOS/Source/queue.o
 .comment       0x0000000000000050       0x51 ./Middlewares/Third_Party/FreeRTOS/Source/tasks.o
 .comment       0x0000000000000050       0x51 ./Middlewares/Third_Party/FreeRTOS/Source/timers.o
 .comment       0x0000000000000050       0x51 ./Middlewares/Third_Party/FreeRTOS/Source/portable/GCC/ARM_CM4F/port.o

.debug_frame    0x0000000000000000     0x4248
 .debug_frame   0x0000000000000000      0x344 ./Core/Src/freertos.o
 .debug_frame   0x0000000000000344       0x38 ./Core/Src/gpio.o
 .debug_frame   0x000000000000037c       0x8c ./Core/Src/main.o
 .debug_frame   0x0000000000000408       0x34 ./Core/Src/stm32f4xx_hal_msp.o
 .debug_frame   0x000000000000043c       0x74 ./Core/Src/stm32f4xx_hal_timebase_tim.o
 .debug_frame   0x00000000000004b0       0xc4 ./Core/Src/stm32f4xx_it.o
 .debug_frame   0x0000000000000574       0x58 ./Core/Src/system_stm32f4xx.o
 .debug_frame   0x00000000000005cc      0x374 ./Drivers/STM32F4xx_HAL_Driver/Src/stm32f4xx_hal.o
 .debug_frame   0x0000000000000940      0x498 ./Drivers/STM32F4xx_HAL_Driver/Src/stm32f4xx_hal_cortex.o
 .debug_frame   0x0000000000000dd8      0x1f4 ./Drivers/STM32F4xx_HAL_Driver/Src/stm32f4xx_hal_rcc.o