../Core/Src/freertos.c:161:6:vApplicationGetIdleTaskMemory	24	static
../Core/Src/freertos.c:174:6:vApplicationGetTimerTaskMemory	24	static
../Core/Src/freertos.c:188:6:MX_FREERTOS_Init	432	static
../Core/Src/freertos.c:326:6:DefaultTaskRun	16	static
../Core/Src/freertos.c:344:6:ScannerCheckOutRun	16	static
../Core/Src/freertos.c:362:6:ScannerCheckOut1Run	16	static
../Core/Src/freertos.c:377:6:ShoppingTaskRun	48	static
../Core/Src/freertos.c:403:6:ReturnCardRun	32	static
../Core/Src/freertos.c:425:6:CashierTask01Run	32	static
../Core/Src/freertos.c:445:6:CashierTask02Run	16	static
../Core/Src/freertos.c:463:6:CashierTask03Run	16	static
../Core/Src/freertos.c:475:6:entryTmrCb	32	static
../Core/Src/freertos.c:500:6:ShoppingChecktmrCb	24	static
../Core/Src/freertos.c:510:6:CashierTmr01Cb	24	static
../Core/Src/freertos.c:520:6:CashierTmr02Cb	16	static
../Core/Src/freertos.c:528:6:CashierTmr03CashierTmr02	16	static
../Core/Src/freertos.c:536:6:ScannerTmr01CB	16	static
../Core/Src/freertos.c:544:6:ScannerTmr02CB	16	static
../Core/Src/freertos.c:552:6:ReturnCardTmrCb	24	static
../Core/Src/freertos.c:562:13:SetupEmtryTmr	8	static
../Core/Src/freertos.c:566:17:ShoppingCalculateNextPeriod	16	static
../Core/Src/freertos.c:570:17:ShoppingGetCurrentTime	8	static
../Core/Src/freertos.c:575:17:ReturncalcNextPeriod	24	static
