Archive member included to satisfy reference by file (symbol)

c:/st/stm32cubeide_1.11.2/stm32cubeide/plugins/com.st.stm32cube.ide.mcu.externaltools.gnu-tools-for-stm32.10.3-2021.10.win32_1.0.200.202301161003/tools/bin/../lib/gcc/arm-none-eabi/10.3.1/../../../../arm-none-eabi/lib/thumb/v7e-m+fp/hard\libc_nano.a(lib_a-errno.o)
                              ./Core/Src/syscalls.o (__errno)
c:/st/stm32cubeide_1.11.2/stm32cubeide/plugins/com.st.stm32cube.ide.mcu.externaltools.gnu-tools-for-stm32.10.3-2021.10.win32_1.0.200.202301161003/tools/bin/../lib/gcc/arm-none-eabi/10.3.1/../../../../arm-none-eabi/lib/thumb/v7e-m+fp/hard\libc_nano.a(lib_a-exit.o)
                              c:/st/stm32cubeide_1.11.2/stm32cubeide/plugins/com.st.stm32cube.ide.mcu.externaltools.gnu-tools-for-stm32.10.3-2021.10.win32_1.0.200.202301161003/tools/bin/../lib/gcc/arm-none-eabi/10.3.1/../../../../arm-none-eabi/lib/thumb/v7e-m+fp/hard/crt0.o (exit)
c:/st/stm32cubeide_1.11.2/stm32cubeide/plugins/com.st.stm32cube.ide.mcu.externaltools.gnu-tools-for-stm32.10.3-2021.10.win32_1.0.200.202301161003/tools/bin/../lib/gcc/arm-none-eabi/10.3.1/../../../../arm-none-eabi/lib/thumb/v7e-m+fp/hard\libc_nano.a(lib_a-impure.o)
                              c:/st/stm32cubeide_1.11.2/stm32cubeide/plugins/com.st.stm32cube.ide.mcu.externaltools.gnu-tools-for-stm32.10.3-2021.10.win32_1.0.200.202301161003/tools/bin/../lib/gcc/arm-none-eabi/10.3.1/../../../../arm-none-eabi/lib/thumb/v7e-m+fp/hard\libc_nano.a(lib_a-exit.o) (_global_impure_ptr)
c:/st/stm32cubeide_1.11.2/stm32cubeide/plugins/com.st.stm32cube.ide.mcu.externaltools.gnu-tools-for-stm32.10.3-2021.10.win32_1.0.200.202301161003/tools/bin/../lib/gcc/arm-none-eabi/10.3.1/../../../../arm-none-eabi/lib/thumb/v7e-m+fp/hard\libc_nano.a(lib_a-init.o)
                              c:/st/stm32cubeide_1.11.2/stm32cubeide/plugins/com.st.stm32cube.ide.mcu.externaltools.gnu-tools-for-stm32.10.3-2021.10.win32_1.0.200.202301161003/tools/bin/../lib/gcc/arm-none-eabi/10.3.1/../../../../arm-none-eabi/lib/thumb/v7e-m+fp/hard/crt0.o (__libc_init_array)
c:/st/stm32cubeide_1.11.2/stm32cubeide/plugins/com.st.stm32cube.ide.mcu.externaltools.gnu-tools-for-stm32.10.3-2021.10.win32_1.0.200.202301161003/tools/bin/../lib/gcc/arm-none-eabi/10.3.1/../../../../arm-none-eabi/lib/thumb/v7e-m+fp/hard\libc_nano.a(lib_a-memcpy-stub.o)
                              ./Middlewares/Third_Party/FreeRTOS/Source/queue.o (memcpy)
c:/st/stm32cubeide_1.11.2/stm32cubeide/plugins/com.st.stm32cube.ide.mcu.externaltools.gnu-tools-for-stm32.10.3-2021.10.win32_1.0.200.202301161003/tools/bin/../lib/gcc/arm-none-eabi/10.3.1/../../../../arm-none-eabi/lib/thumb/v7e-m+fp/hard\libc_nano.a(lib_a-memset.o)
                              c:/st/stm32cubeide_1.11.2/stm32cubeide/plugins/com.st.stm32cube.ide.mcu.externaltools.gnu-tools-for-stm32.10.3-2021.10.win32_1.0.200.202301161003/tools/bin/../lib/gcc/arm-none-eabi/10.3.1/../../../../arm-none-eabi/lib/thumb/v7e-m+fp/hard/crt0.o (memset)
c:/st/stm32cubeide_1.11.2/stm32cubeide/plugins/com.st.stm32cube.ide.mcu.externaltools.gnu-tools-for-stm32.10.3-2021.10.win32_1.0.200.202301161003/tools/bin/../lib/gcc/arm-none-eabi/10.3.1/thumb/v7e-m+fp/hard\libgcc.a(_aeabi_uldivmod.o)
                              ./Drivers/STM32F4xx_HAL_Driver/Src/stm32f4xx_hal_rcc.o (__aeabi_uldivmod)
c:/st/stm32cubeide_1.11.2/stm32cubeide/plugins/com.st.stm32cube.ide.mcu.externaltools.gnu-tools-for-stm32.10.3-2021.10.win32_1.0.200.202301161003/tools/bin/../lib/gcc/arm-none-eabi/10.3.1/thumb/v7e-m+fp/hard\libgcc.a(_udivmoddi4.o)
                              c:/st/stm32cubeide_1.11.2/stm32cubeide/plugins/com.st.stm32cube.ide.mcu.externaltools.gnu-tools-for-stm32.10.3-2021.10.win32_1.0.200.202301161003/tools/bin/../lib/gcc/arm-none-eabi/10.3.1/thumb/v7e-m+fp/hard\libgcc.a(_aeabi_uldivmod.o) (__udivmoddi4)
c:/st/stm32cubeide_1.11.2/stm32cubeide/plugins/com.st.stm32cube.ide.mcu.externaltools.gnu-tools-for-stm32.10.3-2021.10.win32_1.0.200.202301161003/tools/bin/../lib/gcc/arm-none-eabi/10.3.1/thumb/v7e-m+fp/hard\libgcc.a(_dvmd_tls.o)
                              c:/st/stm32cubeide_1.11.2/stm32cubeide/plugins/com.st.stm32cube.ide.mcu.externaltools.gnu-tools-for-stm32.10.3-2021.10.win32_1.0.200.202301161003/tools/bin/../lib/gcc/arm-none-eabi/10.3.1/thumb/v7e-m+fp/hard\libgcc.a(_aeabi_uldivmod.o) (__aeabi_ldiv0)

Discarded input sections

 .text          0x0000000000000000        0x0 c:/st/stm32cubeide_1.11.2/stm32cubeide/plugins/com.st.stm32cube.ide.mcu.externaltools.gnu-tools-for-stm32.10.3-2021.10.win32_1.0.200.202301161003/tools/bin/../lib/gcc/arm-none-eabi/10.3.1/thumb/v7e-m+fp/hard/crti.o
 .data          0x0000000000000000        0x0 c:/st/stm32cubeide_1.11.2/stm32cubeide/plugins/com.st.stm32cube.ide.mcu.externaltools.gnu-tools-for-stm32.10.3-2021.10.win32_1.0.200.202301161003/tools/bin/../lib/gcc/arm-none-eabi/10.3.1/thumb/v7e-m+fp/hard/crti.o
[...]
Memory Configuration

Name             Origin             Length             Attributes
CCMRAM           0x0000000010000000 0x0000000000010000 xrw
RAM              0x0000000020000000 0x0000000000020000 xrw
FLASH            0x0000000008000000 0x0000000000080000 xr
*default*        0x0000000000000000 0xffffffffffffffff

Linker script and memory map

LOAD c:/st/stm32cubeide_1.11.2/stm32cubeide/plugins/com.st.stm32cube.ide.mcu.externaltools.gnu-tools-for-stm32.10.3-2021.10.win32_1.0.200.202301161003/tools/bin/../lib/gcc/arm-none-eabi/10.3.1/thumb/v7e-m+fp/hard/crti.o
LOAD c:/st/stm32cubeide_1.11.2/stm32cubeide/plugins/com.st.stm32cube.ide.mcu.externaltools.gnu-tools-for-stm32.10.3-2021.10.win32_1.0.200.202301161003/tools/bin/../lib/gcc/arm-none-eabi/10.3.1/thumb/v7e-m+fp/hard/crtbegin.o
LOAD c:/st/stm32cubeide_1.11.2/stm32cubeide/plugins/com.st.stm32cube.ide.mcu.externaltools.gnu-tools-for-stm32.10.3-2021.10.win32_1.0.200.202301161003/tools/bin/../lib/gcc/arm-none-eabi/10.3.1/../../../../arm-none-eabi/lib/thumb/v7e-m+fp/hard/crt0.o
LOAD ./Core/Src/freertos.o
LOAD ./Core/Src/gpio.o
LOAD ./Core/Src/main.o
LOAD ./Core/Src/stm32f4xx_hal_msp.o
LOAD ./Core/Src/stm32f4xx_hal_timebase_tim.o
LOAD ./Core/Src/stm32f4xx_it.o
LOAD ./Core/Src/syscalls.o
LOAD ./Core/Src/sysmem.o
LOAD ./Core/Src/system_stm32f4xx.o
LOAD ./Core/Startup/startup_stm32f407vetx.o
LOAD ./Drivers/STM32F4xx_HAL_Driver/Src/stm32f4xx_hal.o
LOAD ./Drivers/STM32F4xx_HAL_Driver/Src/stm32f4xx_hal_cortex.o
LOAD ./Drivers/STM32F4xx_HAL_Driver/Src/stm32f4xx_hal_dma.o
LOAD ./Drivers/STM32F4xx_HAL_Driver/Src/stm32f4xx_hal_dma_ex.o
LOAD ./Drivers/STM32F4xx_HAL_Driver/Src/stm32f4xx_hal_exti.o
LOAD ./Drivers/STM32F4xx_HAL_Driver/Src/stm32f4xx_hal_flash.o
LOAD ./Drivers/STM32F4xx_HAL_Driver/Src/stm32f4xx_hal_flash_ex.o
LOAD ./Drivers/STM32F4xx_HAL_Driver/Src/stm32f4xx_hal_flash_ramfunc.o
LOAD ./Drivers/STM32F4xx_HAL_Driver/Src/stm32f4xx_hal_gpio.o
LOAD ./Drivers/STM32F4xx_HAL_Driver/Src/stm32f4xx_hal_pwr.o
LOAD ./Drivers/STM32F4xx_HAL_Driver/Src/stm32f4xx_hal_pwr_ex.o
LOAD ./Drivers/STM32F4xx_HAL_Driver/Src/stm32f4xx_hal_rcc.o
LOAD ./Drivers/STM32F4xx_HAL_Driver/Src/stm32f4xx_hal_rcc_ex.o
LOAD ./Drivers/STM32F4xx_HAL_Driver/Src/stm32f4xx_hal_tim.o
LOAD ./Drivers/STM32F4xx_HAL_Driver/Src/stm32f4xx_hal_tim_ex.o
LOAD ./Middlewares/Third_Party/FreeRTOS/Source/CMSIS_RTOS/cmsis_os.o
LOAD ./Middlewares/Third_Party/FreeRTOS/Source/croutine.o
LOAD ./Middlewares/Third_Party/FreeRTOS/Source/event_groups.o
LOAD ./Middlewares/Third_Party/FreeRTOS/Source/list.o
LOAD ./Middlewares/Third_Party/FreeRTOS/Source/queue.o
LOAD ./Middlewares/Third_Party/FreeRTOS/Source/stream_buffer.o
LOAD ./Middlewares/Third_Party/FreeRTOS/Source/tasks.o
LOAD ./Middlewares/Third_Party/FreeRTOS/Source/timers.o
LOAD ./Middlewares/Third_Party/FreeRTOS/Source/portable/GCC/ARM_CM4F/port.o
LOAD ./Middlewares/Third_Party/FreeRTOS/Source/portable/MemMang/heap_4.o
START GROUP
LOAD c:/st/stm32cubeide_1.11.2/stm32cubeide/plugins/com.st.stm32cube.ide.mcu.externaltools.gnu-tools-for-stm32.10.3-2021.10.win32_1.0.200.202301161003/tools/bin/../lib/gcc/arm-none-eabi/10.3.1/../../../../arm-none-eabi/lib/thumb/v7e-m+fp/hard\libc_nano.a
LOAD c:/st/stm32cubeide_1.11.2/stm32cubeide/plugins/com.st.stm32cube.ide.mcu.externaltools.gnu-tools-for-stm32.10.3-2021.10.win32_1.0.200.202301161003/tools/bin/../lib/gcc/arm-none-eabi/10.3.1/../../../../arm-none-eabi/lib/thumb/v7e-m+fp/hard\libm.a
END GROUP
START GROUP
LOAD c:/st/stm32cubeide_1.11.2/stm32cubeide/plugins/com.st.stm32cube.ide.mcu.externaltools.gnu-tools-for-stm32.10.3-2021.10.win32_1.0.200.202301161003/tools/bin/../lib/gcc/arm-none-eabi/10.3.1/thumb/v7e-m+fp/hard\libgcc.a
LOAD c:/st/stm32cubeide_1.11.2/stm32cubeide/plugins/com.st.stm32cube.ide.mcu.externaltools.gnu-tools-for-stm32.10.3-2021.10.win32_1.0.200.202301161003/tools/bin/../lib/gcc/arm-none-eabi/10.3.1/../../../../arm-none-eabi/lib/thumb/v7e-m+fp/hard\libc_nano.a
END GROUP
START GROUP
LOAD c:/st/stm32cubeide_1.11.2/stm32cubeide/plugins/com.st.stm32cube.ide.mcu.externaltools.gnu-tools-for-stm32.10.3-2021.10.win32_1.0.200.202301161003/tools/bin/../lib/gcc/arm-none-eabi/10.3.1/thumb/v7e-m+fp/hard\libgcc.a
LOAD c:/st/stm32cubeide_1.11.2/stm32cubeide/plugins/com.st.stm32cube.ide.mcu.externaltools.gnu-tools-for-stm32.10.3-2021.10.win32_1.0.200.202301161003/tools/bin/../lib/gcc/arm-none-eabi/10.3.1/../../../../arm-none-eabi/lib/thumb/v7e-m+fp/hard\libc_nano.a
LOAD c:/st/stm32cubeide_1.11.2/stm32cubeide/plugins/com.st.stm32cube.ide.mcu.externaltools.gnu-tools-for-stm32.10.3-2021.10.win32_1.0.200.202301161003/tools/bin/../lib/gcc/arm-none-eabi/10.3.1/../../../../arm-none-eabi/lib/thumb/v7e-m+fp/hard\libnosys.a
END GROUP
START GROUP
LOAD c:/st/stm32cubeide_1.11.2/stm32cubeide/plugins/com.st.stm32cube.ide.mcu.externaltools.gnu-tools-for-stm32.10.3-2021.10.win32_1.0.200.202301161003/tools/bin/../lib/gcc/arm-none-eabi/10.3.1/thumb/v7e-m+fp/hard\libgcc.a
LOAD c:/st/stm32cubeide_1.11.2/stm32cubeide/plugins/com.st.stm32cube.ide.mcu.externaltools.gnu-tools-for-stm32.10.3-2021.10.win32_1.0.200.202301161003/tools/bin/../lib/gcc/arm-none-eabi/10.3.1/../../../../arm-none-eabi/lib/thumb/v7e-m+fp/hard\libc_nano.a
LOAD c:/st/stm32cubeide_1.11.2/stm32cubeide/plugins/com.st.stm32cube.ide.mcu.externaltools.gnu-tools-for-stm32.10.3-2021.10.win32_1.0.200.202301161003/tools/bin/../lib/gcc/arm-none-eabi/10.3.1/../../../../arm-none-eabi/lib/thumb/v7e-m+fp/hard\libnosys.a
END GROUP
LOAD c:/st/stm32cubeide_1.11.2/stm32cubeide/plugins/com.st.stm32cube.ide.mcu.externaltools.gnu-tools-for-stm32.10.3-2021.10.win32_1.0.200.202301161003/tools/bin/../lib/gcc/arm-none-eabi/10.3.1/thumb/v7e-m+fp/hard/crtend.o
LOAD c:/st/stm32cubeide_1.11.2/stm32cubeide/plugins/com.st.stm32cube.ide.mcu.externaltools.gnu-tools-for-stm32.10.3-2021.10.win32_1.0.200.202301161003/tools/bin/../lib/gcc/arm-none-eabi/10.3.1/thumb/v7e-m+fp/hard/crtn.o
                0x0000000020020000                _estack = (ORIGIN (RAM) + LENGTH (RAM))
                0x0000000000001000                _Min_Heap_Size = 0x1000
                0x0000000000002000                _Min_Stack_Size = 0x2000

.isr_vector     0x0000000008000000      0x188
                0x0000000008000000                . = ALIGN (0x4)
 *(.isr_vector)
 .isr_vector    0x0000000008000000      0x188 ./Core/Startup/startup_stm32f407vetx.o
                0x0000000008000000                g_pfnVectors
                0x0000000008000188                . = ALIGN (0x4)

.text           0x0000000008000190     0x4048
                0x0000000008000190                . = ALIGN (0x4)
 *(.text)
 .text          0x0000000008000190       0x40 c:/st/stm32cubeide_1.11.2/stm32cubeide/plugins/com.st.stm32cube.ide.mcu.externaltools.gnu-tools-for-stm32.10.3-2021.10.win32_1.0.200.202301161003/tools/bin/../lib/gcc/arm-none-eabi/10.3.1/thumb/v7e-m+fp/hard/crtbegin.o
 .text          0x00000000080001d0       0x30 c:/st/stm32cubeide_1.11.2/stm32cubeide/plugins/com.st.stm32cube.ide.mcu.externaltools.gnu-tools-for-stm32.10.3-2021.10.win32_1.0.200.202301161003/tools/bin/../lib/gcc/arm-none-eabi/10.3.1/thumb/v7e-m+fp/hard\libgcc.a(_aeabi_uldivmod.o)
                0x00000000080001d0                __aeabi_uldivmod
 .text          0x0000000008000200      0x2d0 c:/st/stm32cubeide_1.11.2/stm32cubeide/plugins/com.st.stm32cube.ide.mcu.externaltools.gnu-tools-for-stm32.10.3-2021.10.win32_1.0.200.202301161003/tools/bin/../lib/gcc/arm-none-eabi/10.3.1/thumb/v7e-m+fp/hard\libgcc.a(_udivmoddi4.o)
                0x0000000008000200                __udivmoddi4
 .text          0x00000000080004d0        0x4 c:/st/stm32cubeide_1.11.2/stm32cubeide/plugins/com.st.stm32cube.ide.mcu.externaltools.gnu-tools-for-stm32.10.3-2021.10.win32_1.0.200.202301161003/tools/bin/../lib/gcc/arm-none-eabi/10.3.1/thumb/v7e-m+fp/hard\libgcc.a(_dvmd_tls.o)
                0x00000000080004d0                __aeabi_idiv0
                0x00000000080004d0                __aeabi_ldiv0
 *(.text*)
 .text.vApplicationGetIdleTaskMemory
                0x00000000080004d4       0x34 ./Core/Src/freertos.o
                0x00000000080004d4                vApplicationGetIdleTaskMemory
 .text.MX_FREERTOS_Init
                0x0000000008000508       0x8c ./Core/Src/freertos.o
                0x0000000008000508                MX_FREERTOS_Init
 .text.StartDefaultTask
                0x0000000008000594       0x38 ./Core/Src/freertos.o
                0x0000000008000594                StartDefaultTask
 .text.BlinkledRun
                0x00000000080005cc       0x36 ./Core/Src/freertos.o
                0x00000000080005cc                BlinkledRun
 *fill*         0x0000000008000602        0x2 
 .text.MX_GPIO_Init
                0x0000000008000604       0x84 ./Core/Src/gpio.o
                0x0000000008000604                MX_GPIO_Init
 .text.main     0x0000000008000688       0x1a ./Core/Src/main.o
                0x0000000008000688                main
 *fill*         0x00000000080006a2        0x2 
 .text.SystemClock_Config
                0x00000000080006a4       0xd0 ./Core/Src/main.o
                0x00000000080006a4                SystemClock_Config
 .text.HAL_TIM_PeriodElapsedCallback
                0x0000000008000774       0x24 ./Core/Src/main.o
                0x0000000008000774                HAL_TIM_PeriodElapsedCallback
 .text.Error_Handler
                0x0000000008000798        0xa ./Core/Src/main.o
                0x0000000008000798                Error_Handler
 *fill*         0x00000000080007a2        0x2 
 .text.HAL_MspInit
                0x00000000080007a4       0x58 ./Core/Src/stm32f4xx_hal_msp.o
                0x00000000080007a4                HAL_MspInit
 .text.HAL_InitTick
                0x00000000080007fc       0xf8 ./Core/Src/stm32f4xx_hal_timebase_tim.o
                0x00000000080007fc                HAL_InitTick
 .text.NMI_Handler
                0x00000000080008f4        0x6 ./Core/Src/stm32f4xx_it.o
                0x00000000080008f4                NMI_Handler
 .text.HardFault_Handler
                0x00000000080008fa        0x6 ./Core/Src/stm32f4xx_it.o
                0x00000000080008fa                HardFault_Handler
 .text.MemManage_Handler
                0x0000000008000900        0x6 ./Core/Src/stm32f4xx_it.o
                0x0000000008000900                MemManage_Handler
 .text.BusFault_Handler
                0x0000000008000906        0x6 ./Core/Src/stm32f4xx_it.o
                0x0000000008000906                BusFault_Handler
 .text.UsageFault_Handler
                0x000000000800090c        0x6 ./Core/Src/stm32f4xx_it.o
                0x000000000800090c                UsageFault_Handler
 .text.DebugMon_Handler
                0x0000000008000912        0xe ./Core/Src/stm32f4xx_it.o
                0x0000000008000912                DebugMon_Handler
 .text.TIM6_DAC_IRQHandler
                0x0000000008000920       0x14 ./Core/Src/stm32f4xx_it.o
                0x0000000008000920                TIM6_DAC_IRQHandler
 .text.SystemInit
                0x0000000008000934       0x24 ./Core/Src/system_stm32f4xx.o
                0x0000000008000934                SystemInit
 .text.Reset_Handler
                0x0000000008000958       0x50 ./Core/Startup/startup_stm32f407vetx.o
                0x0000000008000958                Reset_Handler
 .text.Default_Handler
                0x00000000080009a8        0x2 ./Core/Startup/startup_stm32f407vetx.o
                0x00000000080009a8                RTC_Alarm_IRQHandler
                0x00000000080009a8                HASH_RNG_IRQHandler
                0x00000000080009a8                EXTI2_IRQHandler
                0x00000000080009a8                TIM8_CC_IRQHandler
                0x00000000080009a8                TIM1_CC_IRQHandler
                0x00000000080009a8                DMA2_Stream5_IRQHandler
                0x00000000080009a8                DMA1_Stream5_IRQHandler
                0x00000000080009a8                PVD_IRQHandler
                0x00000000080009a8                SDIO_IRQHandler
                0x00000000080009a8                TAMP_STAMP_IRQHandler
                0x00000000080009a8                CAN2_RX1_IRQHandler
                0x00000000080009a8                EXTI3_IRQHandler
                0x00000000080009a8                TIM8_TRG_COM_TIM14_IRQHandler
                0x00000000080009a8                TIM1_UP_TIM10_IRQHandler
                0x00000000080009a8                TIM8_UP_TIM13_IRQHandler
                0x00000000080009a8                I2C3_ER_IRQHandler
                0x00000000080009a8                EXTI0_IRQHandler
                0x00000000080009a8                I2C2_EV_IRQHandler
                0x00000000080009a8                DMA1_Stream2_IRQHandler
                0x00000000080009a8                CAN1_RX0_IRQHandler
                0x00000000080009a8                FPU_IRQHandler
                0x00000000080009a8                OTG_HS_WKUP_IRQHandler
                0x00000000080009a8                CAN2_SCE_IRQHandler
                0x00000000080009a8                DMA2_Stream2_IRQHandler
                0x00000000080009a8                SPI1_IRQHandler
                0x00000000080009a8                TIM1_BRK_TIM9_IRQHandler
                0x00000000080009a8                DCMI_IRQHandler
                0x00000000080009a8                CAN2_RX0_IRQHandler
                0x00000000080009a8                DMA2_Stream3_IRQHandler
                0x00000000080009a8                USART6_IRQHandler
                0x00000000080009a8                USART3_IRQHandler
                0x00000000080009a8                CAN1_RX1_IRQHandler
                0x00000000080009a8                UART5_IRQHandler
                0x00000000080009a8                DMA2_Stream0_IRQHandler
                0x00000000080009a8                TIM4_IRQHandler
                0x00000000080009a8                I2C1_EV_IRQHandler
                0x00000000080009a8                DMA1_Stream6_IRQHandler
                0x00000000080009a8                DMA1_Stream1_IRQHandler
                0x00000000080009a8                UART4_IRQHandler
                0x00000000080009a8                TIM3_IRQHandler
                0x00000000080009a8                RCC_IRQHandler
                0x00000000080009a8                TIM8_BRK_TIM12_IRQHandler
                0x00000000080009a8                Default_Handler
                0x00000000080009a8                EXTI15_10_IRQHandler
                0x00000000080009a8                ADC_IRQHandler
                0x00000000080009a8                DMA1_Stream7_IRQHandler
                0x00000000080009a8                TIM7_IRQHandler
                0x00000000080009a8                CAN2_TX_IRQHandler
                0x00000000080009a8                TIM5_IRQHandler
                0x00000000080009a8                DMA2_Stream7_IRQHandler
                0x00000000080009a8                I2C3_EV_IRQHandler
                0x00000000080009a8                EXTI9_5_IRQHandler
                0x00000000080009a8                RTC_WKUP_IRQHandler
                0x00000000080009a8                ETH_WKUP_IRQHandler
                0x00000000080009a8                SPI2_IRQHandler
                0x00000000080009a8                OTG_HS_EP1_IN_IRQHandler
                0x00000000080009a8                DMA1_Stream0_IRQHandler
                0x00000000080009a8                CAN1_TX_IRQHandler
                0x00000000080009a8                EXTI4_IRQHandler
                0x00000000080009a8                FSMC_IRQHandler
                0x00000000080009a8                ETH_IRQHandler
                0x00000000080009a8                OTG_HS_EP1_OUT_IRQHandler
                0x00000000080009a8                WWDG_IRQHandler
                0x00000000080009a8                TIM2_IRQHandler
                0x00000000080009a8                OTG_FS_WKUP_IRQHandler
                0x00000000080009a8                TIM1_TRG_COM_TIM11_IRQHandler
                0x00000000080009a8                OTG_HS_IRQHandler
                0x00000000080009a8                EXTI1_IRQHandler
                0x00000000080009a8                USART2_IRQHandler
                0x00000000080009a8                I2C2_ER_IRQHandler
                0x00000000080009a8                DMA2_Stream1_IRQHandler
                0x00000000080009a8                CAN1_SCE_IRQHandler
                0x00000000080009a8                FLASH_IRQHandler
                0x00000000080009a8                DMA2_Stream4_IRQHandler
                0x00000000080009a8                USART1_IRQHandler
                0x00000000080009a8                OTG_FS_IRQHandler
                0x00000000080009a8                SPI3_IRQHandler
                0x00000000080009a8                DMA1_Stream4_IRQHandler
                0x00000000080009a8                I2C1_ER_IRQHandler
                0x00000000080009a8                DMA2_Stream6_IRQHandler
                0x00000000080009a8                DMA1_Stream3_IRQHandler
 *fill*         0x00000000080009aa        0x2 
 .text.HAL_Init
                0x00000000080009ac       0x44 ./Drivers/STM32F4xx_HAL_Driver/Src/stm32f4xx_hal.o
                0x00000000080009ac                HAL_Init
 .text.HAL_IncTick
                0x00000000080009f0       0x28 ./Drivers/STM32F4xx_HAL_Driver/Src/stm32f4xx_hal.o
                0x00000000080009f0                HAL_IncTick
 .text.HAL_GetTick
                0x0000000008000a18       0x18 ./Drivers/STM32F4xx_HAL_Driver/Src/stm32f4xx_hal.o
                0x0000000008000a18                HAL_GetTick
 .text.__NVIC_SetPriorityGrouping
                0x0000000008000a30       0x48 ./Drivers/STM32F4xx_HAL_Driver/Src/stm32f4xx_hal_cortex.o
 .text.__NVIC_GetPriorityGrouping
                0x0000000008000a78       0x1c ./Drivers/STM32F4xx_HAL_Driver/Src/stm32f4xx_hal_cortex.o
 .text.__NVIC_EnableIRQ
                0x0000000008000a94       0x3c ./Drivers/STM32F4xx_HAL_Driver/Src/stm32f4xx_hal_cortex.o
 .text.__NVIC_SetPriority
                0x0000000008000ad0       0x54 ./Drivers/STM32F4xx_HAL_Driver/Src/stm32f4xx_hal_cortex.o
 .text.NVIC_EncodePriority
                0x0000000008000b24       0x66 ./Drivers/STM32F4xx_HAL_Driver/Src/stm32f4xx_hal_cortex.o
 .text.HAL_NVIC_SetPriorityGrouping
                0x0000000008000b8a       0x16 ./Drivers/STM32F4xx_HAL_Driver/Src/stm32f4xx_hal_cortex.o
                0x0000000008000b8a                HAL_NVIC_SetPriorityGrouping
 .text.HAL_NVIC_SetPriority
                0x0000000008000ba0       0x38 ./Drivers/STM32F4xx_HAL_Driver/Src/stm32f4xx_hal_cortex.o
                0x0000000008000ba0                HAL_NVIC_SetPriority
 .text.HAL_NVIC_EnableIRQ
                0x0000000008000bd8       0x1c ./Drivers/STM32F4xx_HAL_Driver/Src/stm32f4xx_hal_cortex.o
                0x0000000008000bd8                HAL_NVIC_EnableIRQ
 .text.HAL_GPIO_Init
                0x0000000008000bf4      0x338 ./Drivers/STM32F4xx_HAL_Driver/Src/stm32f4xx_hal_gpio.o
                0x0000000008000bf4                HAL_GPIO_Init
 .text.HAL_GPIO_WritePin
                0x0000000008000f2c       0x32 ./Drivers/STM32F4xx_HAL_Driver/Src/stm32f4xx_hal_gpio.o
                0x0000000008000f2c                HAL_GPIO_WritePin
 *fill*         0x0000000008000f5e        0x2 
 .text.HAL_RCC_OscConfig
                0x0000000008000f60      0x4f0 ./Drivers/STM32F4xx_HAL_Driver/Src/stm32f4xx_hal_rcc.o
                0x0000000008000f60                HAL_RCC_OscConfig
 .text.HAL_RCC_ClockConfig
                0x0000000008001450      0x1cc ./Drivers/STM32F4xx_HAL_Driver/Src/stm32f4xx_hal_rcc.o
                0x0000000008001450                HAL_RCC_ClockConfig
 .text.HAL_RCC_GetSysClockFreq
                0x000000000800161c      0x20c ./Drivers/STM32F4xx_HAL_Driver/Src/stm32f4xx_hal_rcc.o
                0x000000000800161c                HAL_RCC_GetSysClockFreq
 .text.HAL_RCC_GetHCLKFreq
                0x0000000008001828       0x18 ./Drivers/STM32F4xx_HAL_Driver/Src/stm32f4xx_hal_rcc.o
                0x0000000008001828                HAL_RCC_GetHCLKFreq
 .text.HAL_RCC_GetPCLK1Freq
                0x0000000008001840       0x28 ./Drivers/STM32F4xx_HAL_Driver/Src/stm32f4xx_hal_rcc.o
                0x0000000008001840                HAL_RCC_GetPCLK1Freq
 .text.HAL_RCC_GetClockConfig
                0x0000000008001868       0x64 ./Drivers/STM32F4xx_HAL_Driver/Src/stm32f4xx_hal_rcc.o
                0x0000000008001868                HAL_RCC_GetClockConfig
 .text.HAL_TIM_Base_Init
                0x00000000080018cc       0x9e ./Drivers/STM32F4xx_HAL_Driver/Src/stm32f4xx_hal_tim.o
                0x00000000080018cc                HAL_TIM_Base_Init
 .text.HAL_TIM_Base_MspInit
                0x000000000800196a       0x14 ./Drivers/STM32F4xx_HAL_Driver/Src/stm32f4xx_hal_tim.o
                0x000000000800196a                HAL_TIM_Base_MspInit
 *fill*         0x000000000800197e        0x2 
 .text.HAL_TIM_Base_Start_IT
                0x0000000008001980       0xe0 ./Drivers/STM32F4xx_HAL_Driver/Src/stm32f4xx_hal_tim.o
                0x0000000008001980                HAL_TIM_Base_Start_IT
 .text.HAL_TIM_IRQHandler
                0x0000000008001a60      0x210 ./Drivers/STM32F4xx_HAL_Driver/Src/stm32f4xx_hal_tim.o
                0x0000000008001a60                HAL_TIM_IRQHandler
 .text.HAL_TIM_OC_DelayElapsedCallback
                0x0000000008001c70       0x14 ./Drivers/STM32F4xx_HAL_Driver/Src/stm32f4xx_hal_tim.o
                0x0000000008001c70                HAL_TIM_OC_DelayElapsedCallback
 .text.HAL_TIM_IC_CaptureCallback
                0x0000000008001c84       0x14 ./Drivers/STM32F4xx_HAL_Driver/Src/stm32f4xx_hal_tim.o
                0x0000000008001c84                HAL_TIM_IC_CaptureCallback
 .text.HAL_TIM_PWM_PulseFinishedCallback
                0x0000000008001c98       0x14 ./Drivers/STM32F4xx_HAL_Driver/Src/stm32f4xx_hal_tim.o
                0x0000000008001c98                HAL_TIM_PWM_PulseFinishedCallback
 .text.HAL_TIM_TriggerCallback
                0x0000000008001cac       0x14 ./Drivers/STM32F4xx_HAL_Driver/Src/stm32f4xx_hal_tim.o
                0x0000000008001cac                HAL_TIM_TriggerCallback
 .text.TIM_Base_SetConfig
                0x0000000008001cc0      0x140 ./Drivers/STM32F4xx_HAL_Driver/Src/stm32f4xx_hal_tim.o
                0x0000000008001cc0                TIM_Base_SetConfig
 .text.HAL_TIMEx_CommutCallback
                0x0000000008001e00       0x14 ./Drivers/STM32F4xx_HAL_Driver/Src/stm32f4xx_hal_tim_ex.o
                0x0000000008001e00                HAL_TIMEx_CommutCallback
 .text.HAL_TIMEx_BreakCallback
                0x0000000008001e14       0x14 ./Drivers/STM32F4xx_HAL_Driver/Src/stm32f4xx_hal_tim_ex.o
                0x0000000008001e14                HAL_TIMEx_BreakCallback
 .text.makeFreeRtosPriority
                0x0000000008001e28       0x30 ./Middlewares/Third_Party/FreeRTOS/Source/CMSIS_RTOS/cmsis_os.o
 .text.inHandlerMode
                0x0000000008001e58       0x24 ./Middlewares/Third_Party/FreeRTOS/Source/CMSIS_RTOS/cmsis_os.o
 .text.osKernelStart
                0x0000000008001e7c        0xe ./Middlewares/Third_Party/FreeRTOS/Source/CMSIS_RTOS/cmsis_os.o
                0x0000000008001e7c                osKernelStart
 .text.osThreadCreate
                0x0000000008001e8a       0x98 ./Middlewares/Third_Party/FreeRTOS/Source/CMSIS_RTOS/cmsis_os.o
                0x0000000008001e8a                osThreadCreate
 *fill*         0x0000000008001f22        0x2 
 .text.osThreadYield
                0x0000000008001f24       0x24 ./Middlewares/Third_Party/FreeRTOS/Source/CMSIS_RTOS/cmsis_os.o
                0x0000000008001f24                osThreadYield
 .text.osDelay  0x0000000008001f48       0x28 ./Middlewares/Third_Party/FreeRTOS/Source/CMSIS_RTOS/cmsis_os.o
                0x0000000008001f48                osDelay
 .text.osMutexCreate
                0x0000000008001f70       0x30 ./Middlewares/Third_Party/FreeRTOS/Source/CMSIS_RTOS/cmsis_os.o
                0x0000000008001f70                osMutexCreate
 .text.osThreadSuspend
                0x0000000008001fa0       0x18 ./Middlewares/Third_Party/FreeRTOS/Source/CMSIS_RTOS/cmsis_os.o
                0x0000000008001fa0                osThreadSuspend
 .text.osThreadResume
                0x0000000008001fb8       0x44 ./Middlewares/Third_Party/FreeRTOS/Source/CMSIS_RTOS/cmsis_os.o
                0x0000000008001fb8                osThreadResume
 .text.vListInitialise
                0x0000000008001ffc       0x40 ./Middlewares/Third_Party/FreeRTOS/Source/list.o
                0x0000000008001ffc                vListInitialise
 .text.vListInitialiseItem
                0x000000000800203c       0x1a ./Middlewares/Third_Party/FreeRTOS/Source/list.o
                0x000000000800203c                vListInitialiseItem
 .text.vListInsertEnd
                0x0000000008002056       0x48 ./Middlewares/Third_Party/FreeRTOS/Source/list.o
                0x0000000008002056                vListInsertEnd
 .text.vListInsert
                0x000000000800209e       0x72 ./Middlewares/Third_Party/FreeRTOS/Source/list.o
                0x000000000800209e                vListInsert
 .text.uxListRemove
                0x0000000008002110       0x54 ./Middlewares/Third_Party/FreeRTOS/Source/list.o
                0x0000000008002110                uxListRemove
 .text.xQueueGenericReset
                0x0000000008002164       0xd0 ./Middlewares/Third_Party/FreeRTOS/Source/queue.o
                0x0000000008002164                xQueueGenericReset
 .text.xQueueGenericCreateStatic
                0x0000000008002234       0xf0 ./Middlewares/Third_Party/FreeRTOS/Source/queue.o
                0x0000000008002234                xQueueGenericCreateStatic
 .text.xQueueGenericCreate
                0x0000000008002324       0x74 ./Middlewares/Third_Party/FreeRTOS/Source/queue.o
                0x0000000008002324                xQueueGenericCreate
 .text.prvInitialiseNewQueue
                0x0000000008002398       0x3e ./Middlewares/Third_Party/FreeRTOS/Source/queue.o
 .text.prvInitialiseMutex
                0x00000000080023d6       0x34 ./Middlewares/Third_Party/FreeRTOS/Source/queue.o
 .text.xQueueCreateMutex
                0x000000000800240a       0x30 ./Middlewares/Third_Party/FreeRTOS/Source/queue.o
                0x000000000800240a                xQueueCreateMutex
 .text.xQueueCreateMutexStatic
                0x000000000800243a       0x36 ./Middlewares/Third_Party/FreeRTOS/Source/queue.o
                0x000000000800243a                xQueueCreateMutexStatic
 .text.xQueueGenericSend
                0x0000000008002470      0x1fc ./Middlewares/Third_Party/FreeRTOS/Source/queue.o
                0x0000000008002470                xQueueGenericSend
 .text.prvCopyDataToQueue
                0x000000000800266c       0xd4 ./Middlewares/Third_Party/FreeRTOS/Source/queue.o
 .text.prvUnlockQueue
                0x0000000008002740       0xa4 ./Middlewares/Third_Party/FreeRTOS/Source/queue.o
 .text.prvIsQueueFull
                0x00000000080027e4       0x30 ./Middlewares/Third_Party/FreeRTOS/Source/queue.o
 .text.xTaskCreateStatic
                0x0000000008002814       0xba ./Middlewares/Third_Party/FreeRTOS/Source/tasks.o
                0x0000000008002814                xTaskCreateStatic
 .text.xTaskCreate
                0x00000000080028ce       0x8a ./Middlewares/Third_Party/FreeRTOS/Source/tasks.o
                0x00000000080028ce                xTaskCreate
 .text.prvInitialiseNewTask
                0x0000000008002958      0x10e ./Middlewares/Third_Party/FreeRTOS/Source/tasks.o
 *fill*         0x0000000008002a66        0x2 
 .text.prvAddNewTaskToReadyList
                0x0000000008002a68       0xd4 ./Middlewares/Third_Party/FreeRTOS/Source/tasks.o
 .text.vTaskDelay
                0x0000000008002b3c       0x68 ./Middlewares/Third_Party/FreeRTOS/Source/tasks.o
                0x0000000008002b3c                vTaskDelay
 .text.vTaskSuspend
                0x0000000008002ba4      0x124 ./Middlewares/Third_Party/FreeRTOS/Source/tasks.o
                0x0000000008002ba4                vTaskSuspend
 .text.prvTaskIsTaskSuspended
                0x0000000008002cc8       0x64 ./Middlewares/Third_Party/FreeRTOS/Source/tasks.o
 .text.vTaskResume
                0x0000000008002d2c       0xbc ./Middlewares/Third_Party/FreeRTOS/Source/tasks.o
                0x0000000008002d2c                vTaskResume
 .text.xTaskResumeFromISR
                0x0000000008002de8       0xe4 ./Middlewares/Third_Party/FreeRTOS/Source/tasks.o
                0x0000000008002de8                xTaskResumeFromISR
 .text.vTaskStartScheduler
                0x0000000008002ecc       0xc0 ./Middlewares/Third_Party/FreeRTOS/Source/tasks.o
                0x0000000008002ecc                vTaskStartScheduler
 .text.vTaskSuspendAll
                0x0000000008002f8c       0x1c ./Middlewares/Third_Party/FreeRTOS/Source/tasks.o
                0x0000000008002f8c                vTaskSuspendAll
 .text.xTaskResumeAll
                0x0000000008002fa8      0x138 ./Middlewares/Third_Party/FreeRTOS/Source/tasks.o
                0x0000000008002fa8                xTaskResumeAll
 .text.xTaskIncrementTick
                0x00000000080030e0      0x170 ./Middlewares/Third_Party/FreeRTOS/Source/tasks.o
                0x00000000080030e0                xTaskIncrementTick
 .text.vTaskSwitchContext
                0x0000000008003250       0xb8 ./Middlewares/Third_Party/FreeRTOS/Source/tasks.o
                0x0000000008003250                vTaskSwitchContext
 .text.vTaskPlaceOnEventList
                0x0000000008003308       0x48 ./Middlewares/Third_Party/FreeRTOS/Source/tasks.o
                0x0000000008003308                vTaskPlaceOnEventList
 .text.xTaskRemoveFromEventList
                0x0000000008003350       0xc4 ./Middlewares/Third_Party/FreeRTOS/Source/tasks.o
                0x0000000008003350                xTaskRemoveFromEventList
 .text.vTaskInternalSetTimeOutState
                0x0000000008003414       0x2c ./Middlewares/Third_Party/FreeRTOS/Source/tasks.o
                0x0000000008003414                vTaskInternalSetTimeOutState
 .text.xTaskCheckForTimeOut
                0x0000000008003440       0xc4 ./Middlewares/Third_Party/FreeRTOS/Source/tasks.o
                0x0000000008003440                xTaskCheckForTimeOut
 .text.vTaskMissedYield
                0x0000000008003504       0x18 ./Middlewares/Third_Party/FreeRTOS/Source/tasks.o
                0x0000000008003504                vTaskMissedYield
 .text.prvIdleTask
                0x000000000800351c       0x30 ./Middlewares/Third_Party/FreeRTOS/Source/tasks.o
 .text.prvInitialiseTaskLists
                0x000000000800354c       0x80 ./Middlewares/Third_Party/FreeRTOS/Source/tasks.o
 .text.prvCheckTasksWaitingTermination
                0x00000000080035cc       0x5c ./Middlewares/Third_Party/FreeRTOS/Source/tasks.o
 .text.prvDeleteTCB
                0x0000000008003628       0x5e ./Middlewares/Third_Party/FreeRTOS/Source/tasks.o
 *fill*         0x0000000008003686        0x2 
 .text.prvResetNextTaskUnblockTime
                0x0000000008003688       0x40 ./Middlewares/Third_Party/FreeRTOS/Source/tasks.o
 .text.xTaskGetSchedulerState
                0x00000000080036c8       0x3c ./Middlewares/Third_Party/FreeRTOS/Source/tasks.o
                0x00000000080036c8                xTaskGetSchedulerState
 .text.xTaskPriorityDisinherit
                0x0000000008003704      0x10c ./Middlewares/Third_Party/FreeRTOS/Source/tasks.o
                0x0000000008003704                xTaskPriorityDisinherit
 .text.prvAddCurrentTaskToDelayedList
                0x0000000008003810       0xcc ./Middlewares/Third_Party/FreeRTOS/Source/tasks.o
 .text.pxPortInitialiseStack
                0x00000000080038dc       0x68 ./Middlewares/Third_Party/FreeRTOS/Source/portable/GCC/ARM_CM4F/port.o
                0x00000000080038dc                pxPortInitialiseStack
 .text.prvTaskExitError
                0x0000000008003944       0x58 ./Middlewares/Third_Party/FreeRTOS/Source/portable/GCC/ARM_CM4F/port.o
 *fill*         0x000000000800399c        0x4 
 .text.SVC_Handler
                0x00000000080039a0       0x28 ./Middlewares/Third_Party/FreeRTOS/Source/portable/GCC/ARM_CM4F/port.o
                0x00000000080039a0                SVC_Handler
 .text.prvPortStartFirstTask
                0x00000000080039c8       0x28 ./Middlewares/Third_Party/FreeRTOS/Source/portable/GCC/ARM_CM4F/port.o
 .text.xPortStartScheduler
                0x00000000080039f0      0x144 ./Middlewares/Third_Party/FreeRTOS/Source/portable/GCC/ARM_CM4F/port.o
                0x00000000080039f0                xPortStartScheduler
 .text.vPortEnterCritical
                0x0000000008003b34       0x60 ./Middlewares/Third_Party/FreeRTOS/Source/portable/GCC/ARM_CM4F/port.o
                0x0000000008003b34                vPortEnterCritical
 .text.vPortExitCritical
                0x0000000008003b94       0x54 ./Middlewares/Third_Party/FreeRTOS/Source/portable/GCC/ARM_CM4F/port.o
                0x0000000008003b94                vPortExitCritical
 *fill*         0x0000000008003be8        0x8 
 .text.PendSV_Handler
                0x0000000008003bf0       0x68 ./Middlewares/Third_Party/FreeRTOS/Source/portable/GCC/ARM_CM4F/port.o
                0x0000000008003bf0                PendSV_Handler
 .text.SysTick_Handler
                0x0000000008003c58       0x44 ./Middlewares/Third_Party/FreeRTOS/Source/portable/GCC/ARM_CM4F/port.o
                0x0000000008003c58                SysTick_Handler
 .text.vPortSetupTimerInterrupt
                0x0000000008003c9c       0x48 ./Middlewares/Third_Party/FreeRTOS/Source/portable/GCC/ARM_CM4F/port.o
                0x0000000008003c9c                vPortSetupTimerInterrupt
 .text.vPortEnableVFP
                0x0000000008003ce4       0x14 ./Middlewares/Third_Party/FreeRTOS/Source/portable/GCC/ARM_CM4F/port.o
 .text.vPortValidateInterruptPriority
                0x0000000008003cf8       0x80 ./Middlewares/Third_Party/FreeRTOS/Source/portable/GCC/ARM_CM4F/port.o
                0x0000000008003cf8                vPortValidateInterruptPriority
 .text.pvPortMalloc
                0x0000000008003d78      0x198 ./Middlewares/Third_Party/FreeRTOS/Source/portable/MemMang/heap_4.o
                0x0000000008003d78                pvPortMalloc
 .text.vPortFree
                0x0000000008003f10       0xc4 ./Middlewares/Third_Party/FreeRTOS/Source/portable/MemMang/heap_4.o
                0x0000000008003f10                vPortFree
 .text.prvHeapInit
                0x0000000008003fd4       0xc4 ./Middlewares/Third_Party/FreeRTOS/Source/portable/MemMang/heap_4.o
 .text.prvInsertBlockIntoFreeList
                0x0000000008004098       0xb4 ./Middlewares/Third_Party/FreeRTOS/Source/portable/MemMang/heap_4.o
 .text.__libc_init_array
                0x000000000800414c       0x48 c:/st/stm32cubeide_1.11.2/stm32cubeide/plugins/com.st.stm32cube.ide.mcu.externaltools.gnu-tools-for-stm32.10.3-2021.10.win32_1.0.200.202301161003/tools/bin/../lib/gcc/arm-none-eabi/10.3.1/../../../../arm-none-eabi/lib/thumb/v7e-m+fp/hard\libc_nano.a(lib_a-init.o)
                0x000000000800414c                __libc_init_array
 .text.memcpy   0x0000000008004194       0x1c c:/st/stm32cubeide_1.11.2/stm32cubeide/plugins/com.st.stm32cube.ide.mcu.externaltools.gnu-tools-for-stm32.10.3-2021.10.win32_1.0.200.202301161003/tools/bin/../lib/gcc/arm-none-eabi/10.3.1/../../../../arm-none-eabi/lib/thumb/v7e-m+fp/hard\libc_nano.a(lib_a-memcpy-stub.o)
                0x0000000008004194                memcpy
 .text.memset   0x00000000080041b0       0x10 c:/st/stm32cubeide_1.11.2/stm32cubeide/plugins/com.st.stm32cube.ide.mcu.externaltools.gnu-tools-for-stm32.10.3-2021.10.win32_1.0.200.202301161003/tools/bin/../lib/gcc/arm-none-eabi/10.3.1/../../../../arm-none-eabi/lib/thumb/v7e-m+fp/hard\libc_nano.a(lib_a-memset.o)
                0x00000000080041b0                memset
 *(.glue_7)
 .glue_7        0x00000000080041c0        0x0 linker stubs
 *(.glue_7t)
 .glue_7t       0x00000000080041c0        0x0 linker stubs
 *(.eh_frame)
 .eh_frame      0x00000000080041c0        0x0 c:/st/stm32cubeide_1.11.2/stm32cubeide/plugins/com.st.stm32cube.ide.mcu.externaltools.gnu-tools-for-stm32.10.3-2021.10.win32_1.0.200.202301161003/tools/bin/../lib/gcc/arm-none-eabi/10.3.1/thumb/v7e-m+fp/hard/crtbegin.o
 *(.init)
 .init          0x00000000080041c0        0x4 c:/st/stm32cubeide_1.11.2/stm32cubeide/plugins/com.st.stm32cube.ide.mcu.externaltools.gnu-tools-for-stm32.10.3-2021.10.win32_1.0.200.202301161003/tools/bin/../lib/gcc/arm-none-eabi/10.3.1/thumb/v7e-m+fp/hard/crti.o
                0x00000000080041c0                _init
 .init          0x00000000080041c4        0x8 c:/st/stm32cubeide_1.11.2/stm32cubeide/plugins/com.st.stm32cube.ide.mcu.externaltools.gnu-tools-for-stm32.10.3-2021.10.win32_1.0.200.202301161003/tools/bin/../lib/gcc/arm-none-eabi/10.3.1/thumb/v7e-m+fp/hard/crtn.o
 *(.fini)
 .fini          0x00000000080041cc        0x4 c:/st/stm32cubeide_1.11.2/stm32cubeide/plugins/com.st.stm32cube.ide.mcu.externaltools.gnu-tools-for-stm32.10.3-2021.10.win32_1.0.200.202301161003/tools/bin/../lib/gcc/arm-none-eabi/10.3.1/thumb/v7e-m+fp/hard/crti.o
                0x00000000080041cc                _fini
 .fini          0x00000000080041d0        0x8 c:/st/stm32cubeide_1.11.2/stm32cubeide/plugins/com.st.stm32cube.ide.mcu.externaltools.gnu-tools-for-stm32.10.3-2021.10.win32_1.0.200.202301161003/tools/bin/../lib/gcc/arm-none-eabi/10.3.1/thumb/v7e-m+fp/hard/crtn.o
                0x00000000080041d8                . = ALIGN (0x4)
                0x00000000080041d8                _etext = .

.vfp11_veneer   0x00000000080041d8        0x0
 .vfp11_veneer  0x00000000080041d8        0x0 linker stubs

.v4_bx          0x00000000080041d8        0x0
 .v4_bx         0x00000000080041d8        0x0 linker stubs

.iplt           0x00000000080041d8        0x0
 .iplt          0x00000000080041d8        0x0 c:/st/stm32cubeide_1.11.2/stm32cubeide/plugins/com.st.stm32cube.ide.mcu.externaltools.gnu-tools-for-stm32.10.3-2021.10.win32_1.0.200.202301161003/tools/bin/../lib/gcc/arm-none-eabi/10.3.1/thumb/v7e-m+fp/hard/crtbegin.o

.rodata         0x00000000080041d8       0x70
                0x00000000080041d8                . = ALIGN (0x4)
 *(.rodata)
 .rodata        0x00000000080041d8       0x50 ./Core/Src/freertos.o
 .rodata        0x0000000008004228        0x5 ./Middlewares/Third_Party/FreeRTOS/Source/tasks.o
 *(.rodata*)
 *fill*         0x000000000800422d        0x3 
 .rodata.AHBPrescTable
                0x0000000008004230       0x10 ./Core/Src/system_stm32f4xx.o
                0x0000000008004230                AHBPrescTable
 .rodata.APBPrescTable
                0x0000000008004240        0x8 ./Core/Src/system_stm32f4xx.o
                0x0000000008004240                APBPrescTable
                0x0000000008004248                . = ALIGN (0x4)

.ARM.extab      0x0000000008004248        0x0
                0x0000000008004248                . = ALIGN (0x4)
 *(.ARM.extab* .gnu.linkonce.armextab.*)
                0x0000000008004248                . = ALIGN (0x4)

.ARM            0x0000000008004248        0x8
                0x0000000008004248                . = ALIGN (0x4)
                0x0000000008004248                __exidx_start = .
 *(.ARM.exidx*)
 .ARM.exidx     0x0000000008004248        0x8 c:/st/stm32cubeide_1.11.2/stm32cubeide/plugins/com.st.stm32cube.ide.mcu.externaltools.gnu-tools-for-stm32.10.3-2021.10.win32_1.0.200.202301161003/tools/bin/../lib/gcc/arm-none-eabi/10.3.1/thumb/v7e-m+fp/hard\libgcc.a(_udivmoddi4.o)
                0x0000000008004250                __exidx_end = .
                0x0000000008004250                . = ALIGN (0x4)

.rel.dyn        0x0000000008004250        0x0
 .rel.iplt      0x0000000008004250        0x0 c:/st/stm32cubeide_1.11.2/stm32cubeide/plugins/com.st.stm32cube.ide.mcu.externaltools.gnu-tools-for-stm32.10.3-2021.10.win32_1.0.200.202301161003/tools/bin/../lib/gcc/arm-none-eabi/10.3.1/thumb/v7e-m+fp/hard/crtbegin.o

.preinit_array  0x0000000008004250        0x0
                0x0000000008004250                . = ALIGN (0x4)
                0x0000000008004250                PROVIDE (__preinit_array_start = .)
 *(.preinit_array*)
                0x0000000008004250                PROVIDE (__preinit_array_end = .)
                0x0000000008004250                . = ALIGN (0x4)

.init_array     0x0000000008004250        0x4
                0x0000000008004250                . = ALIGN (0x4)
                0x0000000008004250                PROVIDE (__init_array_start = .)
 *(SORT_BY_NAME(.init_array.*))
 *(.init_array*)
 .init_array    0x0000000008004250        0x4 c:/st/stm32cubeide_1.11.2/stm32cubeide/plugins/com.st.stm32cube.ide.mcu.externaltools.gnu-tools-for-stm32.10.3-2021.10.win32_1.0.200.202301161003/tools/bin/../lib/gcc/arm-none-eabi/10.3.1/thumb/v7e-m+fp/hard/crtbegin.o
                0x0000000008004254                PROVIDE (__init_array_end = .)
                0x0000000008004254                . = ALIGN (0x4)

.fini_array     0x0000000008004254        0x4
                0x0000000008004254                . = ALIGN (0x4)
                [!provide]                        PROVIDE (__fini_array_start = .)
 *(SORT_BY_NAME(.fini_array.*))
 *(.fini_array*)
 .fini_array    0x0000000008004254        0x4 c:/st/stm32cubeide_1.11.2/stm32cubeide/plugins/com.st.stm32cube.ide.mcu.externaltools.gnu-tools-for-stm32.10.3-2021.10.win32_1.0.200.202301161003/tools/bin/../lib/gcc/arm-none-eabi/10.3.1/thumb/v7e-m+fp/hard/crtbegin.o
                [!provide]                        PROVIDE (__fini_array_end = .)
                0x0000000008004258                . = ALIGN (0x4)
                0x0000000008004258                _sidata = LOADADDR (.data)

.data           0x0000000020000000       0x14 load address 0x0000000008004258
                0x0000000020000000                . = ALIGN (0x4)
                0x0000000020000000                _sdata = .
 *(.data)
 *(.data*)
 .data.counter  0x0000000020000000        0x4 ./Core/Src/freertos.o
                0x0000000020000000                counter
 .data.SystemCoreClock
                0x0000000020000004        0x4 ./Core/Src/system_stm32f4xx.o
                0x0000000020000004                SystemCoreClock
 .data.uwTickPrio
                0x0000000020000008        0x4 ./Drivers/STM32F4xx_HAL_Driver/Src/stm32f4xx_hal.o
                0x0000000020000008                uwTickPrio
 .data.uwTickFreq
                0x000000002000000c        0x1 ./Drivers/STM32F4xx_HAL_Driver/Src/stm32f4xx_hal.o
                0x000000002000000c                uwTickFreq
 *fill*         0x000000002000000d        0x3 
 .data.uxCriticalNesting
                0x0000000020000010        0x4 ./Middlewares/Third_Party/FreeRTOS/Source/portable/GCC/ARM_CM4F/port.o
 *(.RamFunc)
 *(.RamFunc*)
                0x0000000020000014                . = ALIGN (0x4)
                0x0000000020000014                _edata = .
                0x000000000800426c                _siccmram = LOADADDR (.ccmram)

.igot.plt       0x0000000020000014        0x0 load address 0x000000000800426c
 .igot.plt      0x0000000020000014        0x0 c:/st/stm32cubeide_1.11.2/stm32cubeide/plugins/com.st.stm32cube.ide.mcu.externaltools.gnu-tools-for-stm32.10.3-2021.10.win32_1.0.200.202301161003/tools/bin/../lib/gcc/arm-none-eabi/10.3.1/thumb/v7e-m+fp/hard/crtbegin.o

.ccmram         0x0000000010000000        0x0 load address 0x000000000800426c
                0x0000000010000000                . = ALIGN (0x4)
                0x0000000010000000                _sccmram = .
 *(.ccmram)
 *(.ccmram*)
                0x0000000010000000                . = ALIGN (0x4)
                0x0000000010000000                _eccmram = .
                0x0000000010000000                . = ALIGN (0x4)

.bss            0x0000000020000014     0x4064
                0x0000000020000014                _sbss = .
                0x0000000020000014                __bss_start__ = _sbss
 *(.bss)
 .bss           0x0000000020000014       0x1c c:/st/stm32cubeide_1.11.2/stm32cubeide/plugins/com.st.stm32cube.ide.mcu.externaltools.gnu-tools-for-stm32.10.3-2021.10.win32_1.0.200.202301161003/tools/bin/../lib/gcc/arm-none-eabi/10.3.1/thumb/v7e-m+fp/hard/crtbegin.o
 *(.bss*)
 .bss.defaultTaskHandle
                0x0000000020000030        0x4 ./Core/Src/freertos.o
                0x0000000020000030                defaultTaskHandle
 .bss.myMutex01Handle
                0x0000000020000034        0x4 ./Core/Src/freertos.o
                0x0000000020000034                myMutex01Handle
 .bss.myMutex01ControlBlock
                0x0000000020000038       0x48 ./Core/Src/freertos.o
                0x0000000020000038                myMutex01ControlBlock
 .bss.defaultTaskHandle1
                0x0000000020000080        0x4 ./Core/Src/freertos.o
                0x0000000020000080                defaultTaskHandle1
 .bss.xIdleTaskTCBBuffer
                0x0000000020000084       0x54 ./Core/Src/freertos.o
 .bss.xIdleStack
                0x00000000200000d8      0x200 ./Core/Src/freertos.o
 .bss.htim6     0x00000000200002d8       0x48 ./Core/Src/stm32f4xx_hal_timebase_tim.o
                0x00000000200002d8                htim6
 .bss.uwTick    0x0000000020000320        0x4 ./Drivers/STM32F4xx_HAL_Driver/Src/stm32f4xx_hal.o
                0x0000000020000320                uwTick
 .bss.pxCurrentTCB
                0x0000000020000324        0x4 ./Middlewares/Third_Party/FreeRTOS/Source/tasks.o
                0x0000000020000324                pxCurrentTCB
 .bss.pxReadyTasksLists
                0x0000000020000328       0x8c ./Middlewares/Third_Party/FreeRTOS/Source/tasks.o
 .bss.xDelayedTaskList1
                0x00000000200003b4       0x14 ./Middlewares/Third_Party/FreeRTOS/Source/tasks.o
 .bss.xDelayedTaskList2
                0x00000000200003c8       0x14 ./Middlewares/Third_Party/FreeRTOS/Source/tasks.o
 .bss.pxDelayedTaskList
                0x00000000200003dc        0x4 ./Middlewares/Third_Party/FreeRTOS/Source/tasks.o
 .bss.pxOverflowDelayedTaskList
                0x00000000200003e0        0x4 ./Middlewares/Third_Party/FreeRTOS/Source/tasks.o
 .bss.xPendingReadyList
                0x00000000200003e4       0x14 ./Middlewares/Third_Party/FreeRTOS/Source/tasks.o
 .bss.xTasksWaitingTermination
                0x00000000200003f8       0x14 ./Middlewares/Third_Party/FreeRTOS/Source/tasks.o
 .bss.uxDeletedTasksWaitingCleanUp
                0x000000002000040c        0x4 ./Middlewares/Third_Party/FreeRTOS/Source/tasks.o
 .bss.xSuspendedTaskList
                0x0000000020000410       0x14 ./Middlewares/Third_Party/FreeRTOS/Source/tasks.o
 .bss.uxCurrentNumberOfTasks
                0x0000000020000424        0x4 ./Middlewares/Third_Party/FreeRTOS/Source/tasks.o
 .bss.xTickCount
                0x0000000020000428        0x4 ./Middlewares/Third_Party/FreeRTOS/Source/tasks.o
 .bss.uxTopReadyPriority
                0x000000002000042c        0x4 ./Middlewares/Third_Party/FreeRTOS/Source/tasks.o
 .bss.xSchedulerRunning
                0x0000000020000430        0x4 ./Middlewares/Third_Party/FreeRTOS/Source/tasks.o
 .bss.xPendedTicks
                0x0000000020000434        0x4 ./Middlewares/Third_Party/FreeRTOS/Source/tasks.o
 .bss.xYieldPending
                0x0000000020000438        0x4 ./Middlewares/Third_Party/FreeRTOS/Source/tasks.o
 .bss.xNumOfOverflows
                0x000000002000043c        0x4 ./Middlewares/Third_Party/FreeRTOS/Source/tasks.o
 .bss.uxTaskNumber
                0x0000000020000440        0x4 ./Middlewares/Third_Party/FreeRTOS/Source/tasks.o
 .bss.xNextTaskUnblockTime
                0x0000000020000444        0x4 ./Middlewares/Third_Party/FreeRTOS/Source/tasks.o
 .bss.xIdleTaskHandle
                0x0000000020000448        0x4 ./Middlewares/Third_Party/FreeRTOS/Source/tasks.o
 .bss.uxSchedulerSuspended
                0x000000002000044c        0x4 ./Middlewares/Third_Party/FreeRTOS/Source/tasks.o
 .bss.ucMaxSysCallPriority
                0x0000000020000450        0x1 ./Middlewares/Third_Party/FreeRTOS/Source/portable/GCC/ARM_CM4F/port.o
 *fill*         0x0000000020000451        0x3 
 .bss.ulMaxPRIGROUPValue
                0x0000000020000454        0x4 ./Middlewares/Third_Party/FreeRTOS/Source/portable/GCC/ARM_CM4F/port.o
 .bss.ucHeap    0x0000000020000458     0x3c00 ./Middlewares/Third_Party/FreeRTOS/Source/portable/MemMang/heap_4.o
 .bss.xStart    0x0000000020004058        0x8 ./Middlewares/Third_Party/FreeRTOS/Source/portable/MemMang/heap_4.o
 .bss.pxEnd     0x0000000020004060        0x4 ./Middlewares/Third_Party/FreeRTOS/Source/portable/MemMang/heap_4.o
 .bss.xFreeBytesRemaining
                0x0000000020004064        0x4 ./Middlewares/Third_Party/FreeRTOS/Source/portable/MemMang/heap_4.o
 .bss.xMinimumEverFreeBytesRemaining
                0x0000000020004068        0x4 ./Middlewares/Third_Party/FreeRTOS/Source/portable/MemMang/heap_4.o
 .bss.xNumberOfSuccessfulAllocations
                0x000000002000406c        0x4 ./Middlewares/Third_Party/FreeRTOS/Source/portable/MemMang/heap_4.o
 .bss.xNumberOfSuccessfulFrees
                0x0000000020004070        0x4 ./Middlewares/Third_Party/FreeRTOS/Source/portable/MemMang/heap_4.o
 .bss.xBlockAllocatedBit
                0x0000000020004074        0x4 ./Middlewares/Third_Party/FreeRTOS/Source/portable/MemMang/heap_4.o
 *(COMMON)
                0x0000000020004078                . = ALIGN (0x4)
                0x0000000020004078                _ebss = .
                0x0000000020004078                __bss_end__ = _ebss

._user_heap_stack
                0x0000000020004078     0x3000
                0x0000000020004078                . = ALIGN (0x8)
                [!provide]                        PROVIDE (end = .)
                0x0000000020004078                PROVIDE (_end = .)
                0x0000000020005078                . = (. + _Min_Heap_Size)
 *fill*         0x0000000020004078     0x1000 
                0x0000000020007078                . = (. + _Min_Stack_Size)
 *fill*         0x0000000020005078     0x2000 
                0x0000000020007078                . = ALIGN (0x8)

/DISCARD/
 libc.a(*)
 libm.a(*)
 libgcc.a(*)

.ARM.attributes
                0x0000000000000000       0x30
 *(.ARM.attributes)
 .ARM.attributes
                0x0000000000000000       0x1e c:/st/stm32cubeide_1.11.2/stm32cubeide/plugins/com.st.stm32cube.ide.mcu.externaltools.gnu-tools-for-stm32.10.3-2021.10.win32_1.0.200.202301161003/tools/bin/../lib/gcc/arm-none-eabi/10.3.1/thumb/v7e-m+fp/hard/crti.o
 .ARM.attributes
                0x000000000000001e       0x34 c:/st/stm32cubeide_1.11.2/stm32cubeide/plugins/com.st.stm32cube.ide.mcu.externaltools.gnu-tools-for-stm32.10.3-2021.10.win32_1.0.200.202301161003/tools/bin/../lib/gcc/arm-none-eabi/10.3.1/thumb/v7e-m+fp/hard/crtbegin.o
 .ARM.attributes
                0x0000000000000052       0x34 ./Core/Src/freertos.o
 .ARM.attributes
                0x0000000000000086       0x34 ./Core/Src/gpio.o
 .ARM.attributes
                0x00000000000000ba       0x34 ./Core/Src/main.o
 .ARM.attributes
                0x00000000000000ee       0x34 ./Core/Src/stm32f4xx_hal_msp.o
 .ARM.attributes
                0x0000000000000122       0x34 ./Core/Src/stm32f4xx_hal_timebase_tim.o
 .ARM.attributes
                0x0000000000000156       0x34 ./Core/Src/stm32f4xx_it.o
 .ARM.attributes
                0x000000000000018a       0x34 ./Core/Src/system_stm32f4xx.o
 .ARM.attributes
                0x00000000000001be       0x21 ./Core/Startup/startup_stm32f407vetx.o
 .ARM.attributes
                0x00000000000001df       0x34 ./Drivers/STM32F4xx_HAL_Driver/Src/stm32f4xx_hal.o
 .ARM.attributes
                0x0000000000000213       0x34 ./Drivers/STM32F4xx_HAL_Driver/Src/stm32f4xx_hal_cortex.o
 .ARM.attributes
                0x0000000000000247       0x34 ./Drivers/STM32F4xx_HAL_Driver/Src/stm32f4xx_hal_gpio.o
 .ARM.attributes
                0x000000000000027b       0x34 ./Drivers/STM32F4xx_HAL_Driver/Src/stm32f4xx_hal_rcc.o
 .ARM.attributes
                0x00000000000002af       0x34 ./Drivers/STM32F4xx_HAL_Driver/Src/stm32f4xx_hal_tim.o
 .ARM.attributes
                0x00000000000002e3       0x34 ./Drivers/STM32F4xx_HAL_Driver/Src/stm32f4xx_hal_tim_ex.o
 .ARM.attributes
                0x0000000000000317       0x34 ./Middlewares/Third_Party/FreeRTOS/Source/CMSIS_RTOS/cmsis_os.o
 .ARM.attributes
                0x000000000000034b       0x34 ./Middlewares/Third_Party/FreeRTOS/Source/list.o
 .ARM.attributes
                0x000000000000037f       0x34 ./Middlewares/Third_Party/FreeRTOS/Source/queue.o
 .ARM.attributes
                0x00000000000003b3       0x34 ./Middlewares/Third_Party/FreeRTOS/Source/tasks.o
 .ARM.attributes
                0x00000000000003e7       0x34 ./Middlewares/Third_Party/FreeRTOS/Source/portable/GCC/ARM_CM4F/port.o
 .ARM.attributes
                0x000000000000041b       0x34 ./Middlewares/Third_Party/FreeRTOS/Source/portable/MemMang/heap_4.o
 .ARM.attributes
                0x000000000000044f       0x34 c:/st/stm32cubeide_1.11.2/stm32cubeide/plugins/com.st.stm32cube.ide.mcu.externaltools.gnu-tools-for-stm32.10.3-2021.10.win32_1.0.200.202301161003/tools/bin/../lib/gcc/arm-none-eabi/10.3.1/../../../../arm-none-eabi/lib/thumb/v7e-m+fp/hard\libc_nano.a(lib_a-init.o)
 .ARM.attributes
                0x0000000000000483       0x34 c:/st/stm32cubeide_1.11.2/stm32cubeide/plugins/com.st.stm32cube.ide.mcu.externaltools.gnu-tools-for-stm32.10.3-2021.10.win32_1.0.200.202301161003/tools/bin/../lib/gcc/arm-none-eabi/10.3.1/../../../../arm-none-eabi/lib/thumb/v7e-m+fp/hard\libc_nano.a(lib_a-memcpy-stub.o)
 .ARM.attributes
                0x00000000000004b7       0x34 c:/st/stm32cubeide_1.11.2/stm32cubeide/plugins/com.st.stm32cube.ide.mcu.externaltools.gnu-tools-for-stm32.10.3-2021.10.win32_1.0.200.202301161003/tools/bin/../lib/gcc/arm-none-eabi/10.3.1/../../../../arm-none-eabi/lib/thumb/v7e-m+fp/hard\libc_nano.a(lib_a-memset.o)
 .ARM.attributes
                0x00000000000004eb       0x1e c:/st/stm32cubeide_1.11.2/stm32cubeide/plugins/com.st.stm32cube.ide.mcu.externaltools.gnu-tools-for-stm32.10.3-2021.10.win32_1.0.200.202301161003/tools/bin/../lib/gcc/arm-none-eabi/10.3.1/thumb/v7e-m+fp/hard\libgcc.a(_aeabi_uldivmod.o)
 .ARM.attributes
                0x0000000000000509       0x34 c:/st/stm32cubeide_1.11.2/stm32cubeide/plugins/com.st.stm32cube.ide.mcu.externaltools.gnu-tools-for-stm32.10.3-2021.10.win32_1.0.200.202301161003/tools/bin/../lib/gcc/arm-none-eabi/10.3.1/thumb/v7e-m+fp/hard\libgcc.a(_udivmoddi4.o)
 .ARM.attributes
                0x000000000000053d       0x1e c:/st/stm32cubeide_1.11.2/stm32cubeide/plugins/com.st.stm32cube.ide.mcu.externaltools.gnu-tools-for-stm32.10.3-2021.10.win32_1.0.200.202301161003/tools/bin/../lib/gcc/arm-none-eabi/10.3.1/thumb/v7e-m+fp/hard\libgcc.a(_dvmd_tls.o)
 .ARM.attributes
                0x000000000000055b       0x1e c:/st/stm32cubeide_1.11.2/stm32cubeide/plugins/com.st.stm32cube.ide.mcu.externaltools.gnu-tools-for-stm32.10.3-2021.10.win32_1.0.200.202301161003/tools/bin/../lib/gcc/arm-none-eabi/10.3.1/thumb/v7e-m+fp/hard/crtn.o
OUTPUT(Advance_Freertos_001.elf elf32-littlearm)
LOAD linker stubs
LOAD c:/st/stm32cubeide_1.11.2/stm32cubeide/plugins/com.st.stm32cube.ide.mcu.externaltools.gnu-tools-for-stm32.10.3-2021.10.win32_1.0.200.202301161003/tools/bin/../lib/gcc/arm-none-eabi/10.3.1/../../../../arm-none-eabi/lib/thumb/v7e-m+fp/hard\libc.a
LOAD c:/st/stm32cubeide_1.11.2/stm32cubeide/plugins/com.st.stm32cube.ide.mcu.externaltools.gnu-tools-for-stm32.10.3-2021.10.win32_1.0.200.202301161003/tools/bin/../lib/gcc/arm-none-eabi/10.3.1/../../../../arm-none-eabi/lib/thumb/v7e-m+fp/hard\libm.a
LOAD c:/st/stm32cubeide_1.11.2/stm32cubeide/plugins/com.st.stm32cube.ide.mcu.externaltools.gnu-tools-for-stm32.10.3-2021.10.win32_1.0.200.202301161003/tools/bin/../lib/gcc/arm-none-eabi/10.3.1/thumb/v7e-m+fp/hard\libgcc.a

.debug_info     0x0000000000000000     0xff24
 .debug_info    0x0000000000000000      0x7e8 ./Core/Src/freertos.o
 .debug_info    0x00000000000007e8      0x437 ./Core/Src/gpio.o
 .debug_info    0x0000000000000c1f      0xb99 ./Core/Src/main.o
 .debug_info    0x00000000000017b8      0x4f6 ./Core/Src/stm32f4xx_hal_msp.o
 .debug_info    0x0000000000001cae      0xc4b ./Core/Src/stm32f4xx_hal_timebase_tim.o
 .debug_info    0x00000000000028f9      0x6f8 ./Core/Src/stm32f4xx_it.o
 .debug_info    0x0000000000002ff1      0x523 ./Core/Src/system_stm32f4xx.o
 .debug_info    0x0000000000003514       0x22 ./Core/Startup/startup_stm32f407vetx.o
 .debug_info    0x0000000000003536      0x97c ./Drivers/STM32F4xx_HAL_Driver/Src/stm32f4xx_hal.o
 .debug_info    0x0000000000003eb2      0xe1b ./Drivers/STM32F4xx_HAL_Driver/Src/stm32f4xx_hal_cortex.o
 .debug_info    0x0000000000004ccd      0x76a ./Drivers/STM32F4xx_HAL_Driver/Src/stm32f4xx_hal_gpio.o
 .debug_info    0x0000000000005437      0x966 ./Drivers/STM32F4xx_HAL_Driver/Src/stm32f4xx_hal_rcc.o
 .debug_info    0x0000000000005d9d     0x2bbe ./Drivers/STM32F4xx_HAL_Driver/Src/stm32f4xx_hal_tim.o
 .debug_info    0x000000000000895b     0x15e0 ./Drivers/STM32F4xx_HAL_Driver/Src/stm32f4xx_hal_tim_ex.o
 .debug_info    0x0000000000009f3b     0x1c41 ./Middlewares/Third_Party/FreeRTOS/Source/CMSIS_RTOS/cmsis_os.o
 .debug_info    0x000000000000bb7c      0x2d1 ./Middlewares/Third_Party/FreeRTOS/Source/list.o
 .debug_info    0x000000000000be4d     0x18e1 ./Middlewares/Third_Party/FreeRTOS/Source/queue.o
 .debug_info    0x000000000000d72e     0x1de4 ./Middlewares/Third_Party/FreeRTOS/Source/tasks.o
 .debug_info    0x000000000000f512      0x507 ./Middlewares/Third_Party/FreeRTOS/Source/portable/GCC/ARM_CM4F/port.o
 .debug_info    0x000000000000fa19      0x50b ./Middlewares/Third_Party/FreeRTOS/Source/portable/MemMang/heap_4.o

.debug_abbrev   0x0000000000000000     0x2907
 .debug_abbrev  0x0000000000000000      0x1c4 ./Core/Src/freertos.o
 .debug_abbrev  0x00000000000001c4      0x146 ./Core/Src/gpio.o
 .debug_abbrev  0x000000000000030a      0x22f ./Core/Src/main.o
 .debug_abbrev  0x0000000000000539      0x115 ./Core/Src/stm32f4xx_hal_msp.o
 .debug_abbrev  0x000000000000064e      0x1e6 ./Core/Src/stm32f4xx_hal_timebase_tim.o
 .debug_abbrev  0x0000000000000834      0x171 ./Core/Src/stm32f4xx_it.o
 .debug_abbrev  0x00000000000009a5      0x116 ./Core/Src/system_stm32f4xx.o
 .debug_abbrev  0x0000000000000abb       0x12 ./Core/Startup/startup_stm32f407vetx.o
 .debug_abbrev  0x0000000000000acd      0x20d ./Drivers/STM32F4xx_HAL_Driver/Src/stm32f4xx_hal.o
 .debug_abbrev  0x0000000000000cda      0x316 ./Drivers/STM32F4xx_HAL_Driver/Src/stm32f4xx_hal_cortex.o
 .debug_abbrev  0x0000000000000ff0      0x1c4 ./Drivers/STM32F4xx_HAL_Driver/Src/stm32f4xx_hal_gpio.o
 .debug_abbrev  0x00000000000011b4      0x2aa ./Drivers/STM32F4xx_HAL_Driver/Src/stm32f4xx_hal_rcc.o
 .debug_abbrev  0x000000000000145e      0x25d ./Drivers/STM32F4xx_HAL_Driver/Src/stm32f4xx_hal_tim.o
 .debug_abbrev  0x00000000000016bb      0x265 ./Drivers/STM32F4xx_HAL_Driver/Src/stm32f4xx_hal_tim_ex.o
 .debug_abbrev  0x0000000000001920      0x39b ./Middlewares/Third_Party/FreeRTOS/Source/CMSIS_RTOS/cmsis_os.o
 .debug_abbrev  0x0000000000001cbb       0xf2 ./Middlewares/Third_Party/FreeRTOS/Source/list.o
 .debug_abbrev  0x0000000000001dad      0x3a1 ./Middlewares/Third_Party/FreeRTOS/Source/queue.o
 .debug_abbrev  0x000000000000214e      0x34e ./Middlewares/Third_Party/FreeRTOS/Source/tasks.o
 .debug_abbrev  0x000000000000249c      0x259 ./Middlewares/Third_Party/FreeRTOS/Source/portable/GCC/ARM_CM4F/port.o
 .debug_abbrev  0x00000000000026f5      0x212 ./Middlewares/Third_Party/FreeRTOS/Source/portable/MemMang/heap_4.o

.debug_aranges  0x0000000000000000      0xf50
 .debug_aranges
                0x0000000000000000       0x38 ./Core/Src/freertos.o
 .debug_aranges
                0x0000000000000038       0x20 ./Core/Src/gpio.o
 .debug_aranges
                0x0000000000000058       0x38 ./Core/Src/main.o
 .debug_aranges
                0x0000000000000090       0x20 ./Core/Src/stm32f4xx_hal_msp.o
 .debug_aranges
                0x00000000000000b0       0x30 ./Core/Src/stm32f4xx_hal_timebase_tim.o
 .debug_aranges
                0x00000000000000e0       0x50 ./Core/Src/stm32f4xx_it.o
 .debug_aranges
                0x0000000000000130       0x28 ./Core/Src/system_stm32f4xx.o
 .debug_aranges
                0x0000000000000158       0x28 ./Core/Startup/startup_stm32f407vetx.o
 .debug_aranges
                0x0000000000000180       0xf0 ./Drivers/STM32F4xx_HAL_Driver/Src/stm32f4xx_hal.o
 .debug_aranges
                0x0000000000000270      0x118 ./Drivers/STM32F4xx_HAL_Driver/Src/stm32f4xx_hal_cortex.o
 .debug_aranges
                0x0000000000000388       0x58 ./Drivers/STM32F4xx_HAL_Driver/Src/stm32f4xx_hal_gpio.o
 .debug_aranges
                0x00000000000003e0       0x88 ./Drivers/STM32F4xx_HAL_Driver/Src/stm32f4xx_hal_rcc.o
 .debug_aranges
                0x0000000000000468      0x3d0 ./Drivers/STM32F4xx_HAL_Driver/Src/stm32f4xx_hal_tim.o
 .debug_aranges
                0x0000000000000838      0x168 ./Drivers/STM32F4xx_HAL_Driver/Src/stm32f4xx_hal_tim_ex.o
 .debug_aranges
                0x00000000000009a0      0x1d8 ./Middlewares/Third_Party/FreeRTOS/Source/CMSIS_RTOS/cmsis_os.o
 .debug_aranges
                0x0000000000000b78       0x40 ./Middlewares/Third_Party/FreeRTOS/Source/list.o
 .debug_aranges
                0x0000000000000bb8      0x108 ./Middlewares/Third_Party/FreeRTOS/Source/queue.o
 .debug_aranges
                0x0000000000000cc0      0x1b8 ./Middlewares/Third_Party/FreeRTOS/Source/tasks.o
 .debug_aranges
                0x0000000000000e78       0x80 ./Middlewares/Third_Party/FreeRTOS/Source/portable/GCC/ARM_CM4F/port.o
 .debug_aranges
                0x0000000000000ef8       0x58 ./Middlewares/Third_Party/FreeRTOS/Source/portable/MemMang/heap_4.o

.debug_ranges   0x0000000000000000      0xe18
 .debug_ranges  0x0000000000000000       0x28 ./Core/Src/freertos.o
 .debug_ranges  0x0000000000000028       0x10 ./Core/Src/gpio.o
 .debug_ranges  0x0000000000000038       0x28 ./Core/Src/main.o
 .debug_ranges  0x0000000000000060       0x10 ./Core/Src/stm32f4xx_hal_msp.o
 .debug_ranges  0x0000000000000070       0x20 ./Core/Src/stm32f4xx_hal_timebase_tim.o
 .debug_ranges  0x0000000000000090       0x40 ./Core/Src/stm32f4xx_it.o
 .debug_ranges  0x00000000000000d0       0x18 ./Core/Src/system_stm32f4xx.o
 .debug_ranges  0x00000000000000e8       0x20 ./Core/Startup/startup_stm32f407vetx.o
 .debug_ranges  0x0000000000000108       0xe0 ./Drivers/STM32F4xx_HAL_Driver/Src/stm32f4xx_hal.o
 .debug_ranges  0x00000000000001e8      0x108 ./Drivers/STM32F4xx_HAL_Driver/Src/stm32f4xx_hal_cortex.o
 .debug_ranges  0x00000000000002f0       0x48 ./Drivers/STM32F4xx_HAL_Driver/Src/stm32f4xx_hal_gpio.o
 .debug_ranges  0x0000000000000338       0x78 ./Drivers/STM32F4xx_HAL_Driver/Src/stm32f4xx_hal_rcc.o
 .debug_ranges  0x00000000000003b0      0x3c0 ./Drivers/STM32F4xx_HAL_Driver/Src/stm32f4xx_hal_tim.o
 .debug_ranges  0x0000000000000770      0x158 ./Drivers/STM32F4xx_HAL_Driver/Src/stm32f4xx_hal_tim_ex.o
 .debug_ranges  0x00000000000008c8      0x1c8 ./Middlewares/Third_Party/FreeRTOS/Source/CMSIS_RTOS/cmsis_os.o
 .debug_ranges  0x0000000000000a90       0x30 ./Middlewares/Third_Party/FreeRTOS/Source/list.o
 .debug_ranges  0x0000000000000ac0       0xf8 ./Middlewares/Third_Party/FreeRTOS/Source/queue.o
 .debug_ranges  0x0000000000000bb8      0x1a8 ./Middlewares/Third_Party/FreeRTOS/Source/tasks.o
 .debug_ranges  0x0000000000000d60       0x70 ./Middlewares/Third_Party/FreeRTOS/Source/portable/GCC/ARM_CM4F/port.o
 .debug_ranges  0x0000000000000dd0       0x48 ./Middlewares/Third_Party/FreeRTOS/Source/portable/MemMang/heap_4.o

.debug_macro    0x0000000000000000    0x21bcf
 .debug_macro   0x0000000000000000      0x288 ./Core/Src/freertos.o
 .debug_macro   0x0000000000000288      0xa78 ./Core/Src/freertos.o
 .debug_macro   0x0000000000000d00      0x174 ./Core/Src/freertos.o
 .debug_macro   0x0000000000000e74       0x22 ./Core/Src/freertos.o
 .debug_macro   0x0000000000000e96       0x8e ./Core/Src/freertos.o
 .debug_macro   0x0000000000000f24       0x51 ./Core/Src/freertos.o
 .debug_macro   0x0000000000000f75      0x103 ./Core/Src/freertos.o
 .debug_macro   0x0000000000001078       0x6a ./Core/Src/freertos.o
 .debug_macro   0x00000000000010e2      0x1df ./Core/Src/freertos.o
 .debug_macro   0x00000000000012c1       0xea ./Core/Src/freertos.o
 .debug_macro   0x00000000000013ab      0x15a ./Core/Src/freertos.o
 .debug_macro   0x0000000000001505       0xde ./Core/Src/freertos.o
 .debug_macro   0x00000000000015e3       0x1c ./Core/Src/freertos.o
 .debug_macro   0x00000000000015ff       0x26 ./Core/Src/freertos.o
 .debug_macro   0x0000000000001625      0x504 ./Core/Src/freertos.o
 .debug_macro   0x0000000000001b29       0xb5 ./Core/Src/freertos.o
 .debug_macro   0x0000000000001bde       0xaa ./Core/Src/freertos.o
 .debug_macro   0x0000000000001c88      0x295 ./Core/Src/freertos.o
 .debug_macro   0x0000000000001f1d       0x2e ./Core/Src/freertos.o
 .debug_macro   0x0000000000001f4b       0x2f ./Core/Src/freertos.o
 .debug_macro   0x0000000000001f7a       0x1c ./Core/Src/freertos.o
 .debug_macro   0x0000000000001f96       0x22 ./Core/Src/freertos.o
 .debug_macro   0x0000000000001fb8       0xd9 ./Core/Src/freertos.o
 .debug_macro   0x0000000000002091     0x102d ./Core/Src/freertos.o
 .debug_macro   0x00000000000030be      0x11f ./Core/Src/freertos.o
 .debug_macro   0x00000000000031dd    0x15e82 ./Core/Src/freertos.o
 .debug_macro   0x000000000001905f       0x6d ./Core/Src/freertos.o
 .debug_macro   0x00000000000190cc     0x367e ./Core/Src/freertos.o
 .debug_macro   0x000000000001c74a       0x5c ./Core/Src/freertos.o
 .debug_macro   0x000000000001c7a6      0x96b ./Core/Src/freertos.o
 .debug_macro   0x000000000001d111      0x9fe ./Core/Src/freertos.o
 .debug_macro   0x000000000001db0f      0x115 ./Core/Src/freertos.o
 .debug_macro   0x000000000001dc24      0x13e ./Core/Src/freertos.o
 .debug_macro   0x000000000001dd62       0xa5 ./Core/Src/freertos.o
 .debug_macro   0x000000000001de07      0x174 ./Core/Src/freertos.o
 .debug_macro   0x000000000001df7b      0x287 ./Core/Src/freertos.o
 .debug_macro   0x000000000001e202       0x5f ./Core/Src/freertos.o
 .debug_macro   0x000000000001e261      0x236 ./Core/Src/freertos.o
 .debug_macro   0x000000000001e497      0x12c ./Core/Src/freertos.o
 .debug_macro   0x000000000001e5c3      0x21e ./Core/Src/freertos.o
 .debug_macro   0x000000000001e7e1       0x2e ./Core/Src/freertos.o
 .debug_macro   0x000000000001e80f      0x11a ./Core/Src/freertos.o
 .debug_macro   0x000000000001e929       0x7e ./Core/Src/freertos.o
 .debug_macro   0x000000000001e9a7       0x89 ./Core/Src/freertos.o
 .debug_macro   0x000000000001ea30      0x8e6 ./Core/Src/freertos.o
 .debug_macro   0x000000000001f316       0x47 ./Core/Src/freertos.o
 .debug_macro   0x000000000001f35d      0x12d ./Core/Src/freertos.o
 .debug_macro   0x000000000001f48a       0x91 ./Core/Src/freertos.o
 .debug_macro   0x000000000001f51b       0x8d ./Core/Src/freertos.o
 .debug_macro   0x000000000001f5a8       0x7e ./Core/Src/freertos.o
 .debug_macro   0x000000000001f626       0x19 ./Core/Src/freertos.o
 .debug_macro   0x000000000001f63f       0xf2 ./Core/Src/freertos.o
 .debug_macro   0x000000000001f731      0x1d8 ./Core/Src/gpio.o
 .debug_macro   0x000000000001f909      0x28f ./Core/Src/main.o
 .debug_macro   0x000000000001fb98       0xea ./Core/Src/main.o
 .debug_macro   0x000000000001fc82      0x1ce ./Core/Src/stm32f4xx_hal_msp.o
 .debug_macro   0x000000000001fe50      0x1c4 ./Core/Src/stm32f4xx_hal_timebase_tim.o
 .debug_macro   0x0000000000020014      0x1d8 ./Core/Src/stm32f4xx_it.o
 .debug_macro   0x00000000000201ec      0x1c4 ./Core/Src/system_stm32f4xx.o
 .debug_macro   0x00000000000203b0      0x224 ./Drivers/STM32F4xx_HAL_Driver/Src/stm32f4xx_hal.o
 .debug_macro   0x00000000000205d4      0x1c4 ./Drivers/STM32F4xx_HAL_Driver/Src/stm32f4xx_hal_cortex.o
 .debug_macro   0x0000000000020798      0x1ca ./Drivers/STM32F4xx_HAL_Driver/Src/stm32f4xx_hal_gpio.o
 .debug_macro   0x0000000000020962      0x1e8 ./Drivers/STM32F4xx_HAL_Driver/Src/stm32f4xx_hal_rcc.o
 .debug_macro   0x0000000000020b4a      0x1c5 ./Drivers/STM32F4xx_HAL_Driver/Src/stm32f4xx_hal_tim.o
 .debug_macro   0x0000000000020d0f      0x1c4 ./Drivers/STM32F4xx_HAL_Driver/Src/stm32f4xx_hal_tim_ex.o
 .debug_macro   0x0000000000020ed3      0x1fe ./Middlewares/Third_Party/FreeRTOS/Source/CMSIS_RTOS/cmsis_os.o
 .debug_macro   0x00000000000210d1       0x10 ./Middlewares/Third_Party/FreeRTOS/Source/CMSIS_RTOS/cmsis_os.o
 .debug_macro   0x00000000000210e1       0x20 ./Middlewares/Third_Party/FreeRTOS/Source/CMSIS_RTOS/cmsis_os.o
 .debug_macro   0x0000000000021101       0xc7 ./Middlewares/Third_Party/FreeRTOS/Source/CMSIS_RTOS/cmsis_os.o
 .debug_macro   0x00000000000211c8      0x187 ./Middlewares/Third_Party/FreeRTOS/Source/list.o
 .debug_macro   0x000000000002134f      0x216 ./Middlewares/Third_Party/FreeRTOS/Source/queue.o
 .debug_macro   0x0000000000021565       0x16 ./Middlewares/Third_Party/FreeRTOS/Source/queue.o
 .debug_macro   0x000000000002157b       0x87 ./Middlewares/Third_Party/FreeRTOS/Source/queue.o
 .debug_macro   0x0000000000021602      0x279 ./Middlewares/Third_Party/FreeRTOS/Source/tasks.o
 .debug_macro   0x000000000002187b       0x10 ./Middlewares/Third_Party/FreeRTOS/Source/tasks.o
 .debug_macro   0x000000000002188b      0x196 ./Middlewares/Third_Party/FreeRTOS/Source/portable/GCC/ARM_CM4F/port.o
 .debug_macro   0x0000000000021a21      0x1ae ./Middlewares/Third_Party/FreeRTOS/Source/portable/MemMang/heap_4.o

.debug_line     0x0000000000000000    0x10a4b
 .debug_line    0x0000000000000000      0x8b2 ./Core/Src/freertos.o
 .debug_line    0x00000000000008b2      0x6b9 ./Core/Src/gpio.o
 .debug_line    0x0000000000000f6b      0x8bf ./Core/Src/main.o
 .debug_line    0x000000000000182a      0x6ac ./Core/Src/stm32f4xx_hal_msp.o
 .debug_line    0x0000000000001ed6      0x727 ./Core/Src/stm32f4xx_hal_timebase_tim.o
 .debug_line    0x00000000000025fd      0x748 ./Core/Src/stm32f4xx_it.o
 .debug_line    0x0000000000002d45      0x72d ./Core/Src/system_stm32f4xx.o
 .debug_line    0x0000000000003472       0x88 ./Core/Startup/startup_stm32f407vetx.o
 .debug_line    0x00000000000034fa      0x993 ./Drivers/STM32F4xx_HAL_Driver/Src/stm32f4xx_hal.o
 .debug_line    0x0000000000003e8d      0xc42 ./Drivers/STM32F4xx_HAL_Driver/Src/stm32f4xx_hal_cortex.o
 .debug_line    0x0000000000004acf      0xb07 ./Drivers/STM32F4xx_HAL_Driver/Src/stm32f4xx_hal_gpio.o
 .debug_line    0x00000000000055d6      0xd0f ./Drivers/STM32F4xx_HAL_Driver/Src/stm32f4xx_hal_rcc.o
 .debug_line    0x00000000000062e5     0x3687 ./Drivers/STM32F4xx_HAL_Driver/Src/stm32f4xx_hal_tim.o
 .debug_line    0x000000000000996c     0x1990 ./Drivers/STM32F4xx_HAL_Driver/Src/stm32f4xx_hal_tim_ex.o
 .debug_line    0x000000000000b2fc     0x11cc ./Middlewares/Third_Party/FreeRTOS/Source/CMSIS_RTOS/cmsis_os.o
 .debug_line    0x000000000000c4c8      0x707 ./Middlewares/Third_Party/FreeRTOS/Source/list.o
 .debug_line    0x000000000000cbcf     0x1488 ./Middlewares/Third_Party/FreeRTOS/Source/queue.o
 .debug_line    0x000000000000e057     0x1917 ./Middlewares/Third_Party/FreeRTOS/Source/tasks.o
 .debug_line    0x000000000000f96e      0x7ac ./Middlewares/Third_Party/FreeRTOS/Source/portable/GCC/ARM_CM4F/port.o
 .debug_line    0x000000000001011a      0x931 ./Middlewares/Third_Party/FreeRTOS/Source/portable/MemMang/heap_4.o

.debug_str      0x0000000000000000    0xd06d5
 .debug_str     0x0000000000000000    0xc7b44 ./Core/Src/freertos.o
                                      0xc7e3f (size before relaxing)
 .debug_str     0x00000000000c7b44      0x1dc ./Core/Src/gpio.o
                                      0xc1ab1 (size before relaxing)
 .debug_str     0x00000000000c7d20      0x69e ./Core/Src/main.o
                                      0xc817f (size before relaxing)
 .debug_str     0x00000000000c83be      0x51c ./Core/Src/stm32f4xx_hal_msp.o
                                      0xc1ef3 (size before relaxing)
 .debug_str     0x00000000000c88da      0x11a ./Core/Src/stm32f4xx_hal_timebase_tim.o
                                      0xc258d (size before relaxing)
 .debug_str     0x00000000000c89f4       0xb9 ./Core/Src/stm32f4xx_it.o
                                      0xc1e97 (size before relaxing)
 .debug_str     0x00000000000c8aad       0xdb ./Core/Src/system_stm32f4xx.o
                                      0xc1a96 (size before relaxing)
 .debug_str     0x00000000000c8b88       0x36 ./Core/Startup/startup_stm32f407vetx.o
                                         0x67 (size before relaxing)
 .debug_str     0x00000000000c8bbe      0x5d3 ./Drivers/STM32F4xx_HAL_Driver/Src/stm32f4xx_hal.o
                                      0xc261a (size before relaxing)
 .debug_str     0x00000000000c9191      0x331 ./Drivers/STM32F4xx_HAL_Driver/Src/stm32f4xx_hal_cortex.o
                                      0xc234d (size before relaxing)
 .debug_str     0x00000000000c94c2      0x131 ./Drivers/STM32F4xx_HAL_Driver/Src/stm32f4xx_hal_gpio.o
                                      0xc1c11 (size before relaxing)
 .debug_str     0x00000000000c95f3      0x1fd ./Drivers/STM32F4xx_HAL_Driver/Src/stm32f4xx_hal_rcc.o
                                      0xc1eca (size before relaxing)
 .debug_str     0x00000000000c97f0      0xe69 ./Drivers/STM32F4xx_HAL_Driver/Src/stm32f4xx_hal_tim.o
                                      0xc2e10 (size before relaxing)
 .debug_str     0x00000000000ca659      0x503 ./Drivers/STM32F4xx_HAL_Driver/Src/stm32f4xx_hal_tim_ex.o
                                      0xc262c (size before relaxing)
 .debug_str     0x00000000000cab5c     0x378a ./Middlewares/Third_Party/FreeRTOS/Source/CMSIS_RTOS/cmsis_os.o
                                       0xe388 (size before relaxing)
 .debug_str     0x00000000000ce2e6      0x20f ./Middlewares/Third_Party/FreeRTOS/Source/list.o
                                       0xa68b (size before relaxing)
 .debug_str     0x00000000000ce4f5      0x7ed ./Middlewares/Third_Party/FreeRTOS/Source/queue.o
                                       0xc01e (size before relaxing)
 .debug_str     0x00000000000cece2      0xf43 ./Middlewares/Third_Party/FreeRTOS/Source/tasks.o
                                       0xc9f6 (size before relaxing)
 .debug_str     0x00000000000cfc25      0x783 ./Middlewares/Third_Party/FreeRTOS/Source/portable/GCC/ARM_CM4F/port.o
                                       0x85f8 (size before relaxing)
 .debug_str     0x00000000000d03a8      0x32d ./Middlewares/Third_Party/FreeRTOS/Source/portable/MemMang/heap_4.o
                                       0xafcd (size before relaxing)

.comment        0x0000000000000000       0x50
 .comment       0x0000000000000000       0x50 ./Core/Src/freertos.o
                                         0x51 (size before relaxing)
 .comment       0x0000000000000050       0x51 ./Core/Src/gpio.o
 .comment       0x0000000000000050       0x51 ./Core/Src/main.o
 .comment       0x0000000000000050       0x51 ./Core/Src/stm32f4xx_hal_msp.o
 .comment       0x0000000000000050       0x51 ./Core/Src/stm32f4xx_hal_timebase_tim.o
 .comment       0x0000000000000050       0x51 ./Core/Src/stm32f4xx_it.o
 .comment       0x0000000000000050       0x51 ./Core/Src/system_stm32f4xx.o
 .comment       0x0000000000000050       0x51 ./Drivers/STM32F4xx_HAL_Driver/Src/stm32f4xx_hal.o
 .comment       0x0000000000000050       0x51 ./Drivers/STM32F4xx_HAL_Driver/Src/stm32f4xx_hal_cortex.o
 .comment       0x0000000000000050       0x51 ./Drivers/STM32F4xx_HAL_Driver/Src/stm32f4xx_hal_gpio.o
 .comment       0x0000000000000050       0x51 ./Drivers/STM32F4xx_HAL_Driver/Src/stm32f4xx_hal_rcc.o
 .comment       0x0000000000000050       0x51 ./Drivers/STM32F4xx_HAL_Driver/Src/stm32f4xx_hal_tim.o
 .comment       0x0000000000000050       0x51 ./Drivers/STM32F4xx_HAL_Driver/Src/stm32f4xx_hal_tim_ex.o
 .comment       0x0000000000000050       0x51 ./Middlewares/Third_Party/FreeRTOS/Source/CMSIS_RTOS/cmsis_os.o
 .comment       0x0000000000000050       0x51 ./Middlewares/Third_Party/FreeRTOS/Source/list.o
 .comment       0x0000000000000050       0x51 ./Middlewares/Third_Party/FreeRTOS/Source/queue.o
 .comment       0x0000000000000050       0x51 ./Middlewares/Third_Party/FreeRTOS/Source/tasks.o
 .comment       0x0000000000000050       0x51 ./Middlewares/Third_Party/FreeRTOS/Source/portable/GCC/ARM_CM4F/port.o
 .comment       0x0000000000000050       0x51 ./Middlewares/Third_Party/FreeRTOS/Source/portable/MemMang/heap_4.o

.debug_frame    0x0000000000000000     0x3ee0
 .debug_frame   0x0000000000000000       0xa0 ./Core/Src/freertos.o
 .debug_frame   0x00000000000000a0       0x34 ./Core/Src/gpio.o
 .debug_frame   0x00000000000000d4       0x8c ./Core/Src/main.o
 .debug_frame   0x0000000000000160       0x34 ./Core/Src/stm32f4xx_hal_msp.o
 .debug_frame   0x0000000000000194       0x74 ./Core/Src/stm32f4xx_hal_timebase_tim.o
 .debug_frame   0x0000000000000208       0xc4 ./Core/Src/stm32f4xx_it.o
 .debug_frame   0x00000000000002cc       0x58 ./Core/Src/system_stm32f4xx.o
 .debug_frame   0x0000000000000324      0x374 ./Drivers/STM32F4xx_HAL_Driver/Src/stm32f4xx_hal.o
 .debug_frame   0x0000000000000698      0x498 ./Drivers/STM32F4xx_HAL_Driver/Src/stm32f4xx_hal_cortex.o
 .debug_frame   0x0000000000000b30      0x14c ./Drivers/STM32F4xx_HAL_Driver/Src/stm32f4xx_hal_gpio.o
 .debug_frame   0x0000000000000c7c      0x1f4 ./Drivers/STM32F4xx_HAL_Driver/Src/stm32f4xx_hal_rcc.o
 .debug_frame   0x0000000000000e70     0x11c4 ./Drivers/STM32F4xx_HAL_Driver/Src/stm32f4xx_hal_tim.o
 .debug_frame   0x0000000000002034      0x638 ./Drivers/STM32F4xx_HAL_Driver/Src/stm32f4xx_hal_tim_ex.o
 .debug_frame   0x000000000000266c      0x80c ./Middlewares/Third_Party/FreeRTOS/Source/CMSIS_RTOS/cmsis_os.o
 .debug_frame   0x0000000000002e78       0xd8 ./Middlewares/Third_Party/FreeRTOS/Source/list.o
 .debug_frame   0x0000000000002f50      0x46c ./Middlewares/Third_Party/FreeRTOS/Source/queue.o
 .debug_frame   0x00000000000033bc      0x77c ./Middlewares/Third_Party/FreeRTOS/Source/tasks.o
 .debug_frame   0x0000000000003b38      0x1a8 ./Middlewares/Third_Party/FreeRTOS/Source/portable/GCC/ARM_CM4F/port.o
 .debug_frame   0x0000000000003ce0      0x12c ./Middlewares/Third_Party/FreeRTOS/Source/portable/MemMang/heap_4.o
 .debug_frame   0x0000000000003e0c       0x2c c:/st/stm32cubeide_1.11.2/stm32cubeide/plugins/com.st.stm32cube.ide.mcu.externaltools.gnu-tools-for-stm32.10.3-2021.10.win32_1.0.200.202301161003/tools/bin/../lib/gcc/arm-none-eabi/10.3.1/../../../../arm-none-eabi/lib/thumb/v7e-m+fp/hard\libc_nano.a(lib_a-init.o)
 .debug_frame   0x0000000000003e38       0x28 c:/st/stm32cubeide_1.11.2/stm32cubeide/plugins/com.st.stm32cube.ide.mcu.externaltools.gnu-tools-for-stm32.10.3-2021.10.win32_1.0.200.202301161003/tools/bin/../lib/gcc/arm-none-eabi/10.3.1/../../../../arm-none-eabi/lib/thumb/v7e-m+fp/hard\libc_nano.a(lib_a-memcpy-stub.o)
 .debug_frame   0x0000000000003e60       0x20 c:/st/stm32cubeide_1.11.2/stm32cubeide/plugins/com.st.stm32cube.ide.mcu.externaltools.gnu-tools-for-stm32.10.3-2021.10.win32_1.0.200.202301161003/tools/bin/../lib/gcc/arm-none-eabi/10.3.1/../../../../arm-none-eabi/lib/thumb/v7e-m+fp/hard\libc_nano.a(lib_a-memset.o)
 .debug_frame   0x0000000000003e80       0x2c c:/st/stm32cubeide_1.11.2/stm32cubeide/plugins/com.st.stm32cube.ide.mcu.externaltools.gnu-tools-for-stm32.10.3-2021.10.win32_1.0.200.202301161003/tools/bin/../lib/gcc/arm-none-eabi/10.3.1/thumb/v7e-m+fp/hard\libgcc.a(_aeabi_uldivmod.o)
 .debug_frame   0x0000000000003eac       0x34 c:/st/stm32cubeide_1.11.2/stm32cubeide/plugins/com.st.stm32cube.ide.mcu.externaltools.gnu-tools-for-stm32.10.3-2021.10.win32_1.0.200.202301161003/tools/bin/../lib/gcc/arm-none-eabi/10.3.1/thumb/v7e-m+fp/hard\libgcc.a(_udivmoddi4.o)
