Archive member included to satisfy reference by file (symbol)

c:/st/stm32cubeide_1.11.2/stm32cubeide/plugins/com.st.stm32cube.ide.mcu.externaltools.gnu-tools-for-stm32.10.3-2021.10.win32_1.0.200.202301161003/tools/bin/../lib/gcc/arm-none-eabi/10.3.1/../../../../arm-none-eabi/lib/thumb/v7e-m+fp/hard\libc_nano.a(lib_a-errno.o)
                              ./Core/Src/syscalls.o (__errno)
c:/st/stm32cubeide_1.11.2/stm32cubeide/plugins/com.st.stm32cube.ide.mcu.externaltools.gnu-tools-for-stm32.10.3-2021.10.win32_1.0.200.202301161003/tools/bin/../lib/gcc/arm-none-eabi/10.3.1/../../../../arm-none-eabi/lib/thumb/v7e-m+fp/hard\libc_nano.a(lib_a-exit.o)
                              c:/st/stm32cubeide_1.11.2/stm32cubeide/plugins/com.st.stm32cube.ide.mcu.externaltools.gnu-tools-for-stm32.10.3-2021.10.win32_1.0.200.202301161003/tools/bin/../lib/gcc/arm-none-eabi/10.3.1/../../../../arm-none-eabi/lib/thumb/v7e-m+fp/hard/crt0.o (exit)
c:/st/stm32cubeide_1.11.2/stm32cubeide/plugins/com.st.stm32cube.ide.mcu.externaltools.gnu-tools-for-stm32.10.3-2021.10.win32_1.0.200.202301161003/tools/bin/../lib/gcc/arm-none-eabi/10.3.1/../../../../arm-none-eabi/lib/thumb/v7e-m+fp/hard\libc_nano.a(lib_a-impure.o)
                              c:/st/stm32cubeide_1.11.2/stm32cubeide/plugins/com.st.stm32cube.ide.mcu.externaltools.gnu-tools-for-stm32.10.3-2021.10.win32_1.0.200.202301161003/tools/bin/../lib/gcc/arm-none-eabi/10.3.1/../../../../arm-none-eabi/lib/thumb/v7e-m+fp/hard\libc_nano.a(lib_a-exit.o) (_global_impure_ptr)
c:/st/stm32cubeide_1.11.2/stm32cubeide/plugins/com.st.stm32cube.ide.mcu.externaltools.gnu-tools-for-stm32.10.3-2021.10.win32_1.0.200.202301161003/tools/bin/../lib/gcc/arm-none-eabi/10.3.1/../../../../arm-none-eabi/lib/thumb/v7e-m+fp/hard\libc_nano.a(lib_a-init.o)
                              c:/st/stm32cubeide_1.11.2/stm32cubeide/plugins/com.st.stm32cube.ide.mcu.externaltools.gnu-tools-for-stm32.10.3-2021.10.win32_1.0.200.202301161003/tools/bin/../lib/gcc/arm-none-eabi/10.3.1/../../../../arm-none-eabi/lib/thumb/v7e-m+fp/hard/crt0.o (__libc_init_array)
c:/st/stm32cubeide_1.11.2/stm32cubeide/plugins/com.st.stm32cube.ide.mcu.externaltools.gnu-tools-for-stm32.10.3-2021.10.win32_1.0.200.202301161003/tools/bin/../lib/gcc/arm-none-eabi/10.3.1/../../../../arm-none-eabi/lib/thumb/v7e-m+fp/hard\libc_nano.a(lib_a-memcpy-stub.o)
                              ./Middlewares/Third_Party/FreeRTOS/Source/queue.o (memcpy)
c:/st/stm32cubeide_1.11.2/stm32cubeide/plugins/com.st.stm32cube.ide.mcu.externaltools.gnu-tools-for-stm32.10.3-2021.10.win32_1.0.200.202301161003/tools/bin/../lib/gcc/arm-none-eabi/10.3.1/../../../../arm-none-eabi/lib/thumb/v7e-m+fp/hard\libc_nano.a(lib_a-memset.o)
                              c:/st/stm32cubeide_1.11.2/stm32cubeide/plugins/com.st.stm32cube.ide.mcu.externaltools.gnu-tools-for-stm32.10.3-2021.10.win32_1.0.200.202301161003/tools/bin/../lib/gcc/arm-none-eabi/10.3.1/../../../../arm-none-eabi/lib/thumb/v7e-m+fp/hard/crt0.o (memset)
c:/st/stm32cubeide_1.11.2/stm32cubeide/plugins/com.st.stm32cube.ide.mcu.externaltools.gnu-tools-for-stm32.10.3-2021.10.win32_1.0.200.202301161003/tools/bin/../lib/gcc/arm-none-eabi/10.3.1/../../../../arm-none-eabi/lib/thumb/v7e-m+fp/hard\libc_nano.a(lib_a-strlen.o)
                              ./Core/Src/stm32f4xx_it.o (strlen)
c:/st/stm32cubeide_1.11.2/stm32cubeide/plugins/com.st.stm32cube.ide.mcu.externaltools.gnu-tools-for-stm32.10.3-2021.10.win32_1.0.200.202301161003/tools/bin/../lib/gcc/arm-none-eabi/10.3.1/thumb/v7e-m+fp/hard\libgcc.a(_aeabi_uldivmod.o)
                              ./Drivers/STM32F4xx_HAL_Driver/Src/stm32f4xx_hal_rcc.o (__aeabi_uldivmod)
c:/st/stm32cubeide_1.11.2/stm32cubeide/plugins/com.st.stm32cube.ide.mcu.externaltools.gnu-tools-for-stm32.10.3-2021.10.win32_1.0.200.202301161003/tools/bin/../lib/gcc/arm-none-eabi/10.3.1/thumb/v7e-m+fp/hard\libgcc.a(_udivmoddi4.o)
                              c:/st/stm32cubeide_1.11.2/stm32cubeide/plugins/com.st.stm32cube.ide.mcu.externaltools.gnu-tools-for-stm32.10.3-2021.10.win32_1.0.200.202301161003/tools/bin/../lib/gcc/arm-none-eabi/10.3.1/thumb/v7e-m+fp/hard\libgcc.a(_aeabi_uldivmod.o) (__udivmoddi4)
c:/st/stm32cubeide_1.11.2/stm32cubeide/plugins/com.st.stm32cube.ide.mcu.externaltools.gnu-tools-for-stm32.10.3-2021.10.win32_1.0.200.202301161003/tools/bin/../lib/gcc/arm-none-eabi/10.3.1/thumb/v7e-m+fp/hard\libgcc.a(_dvmd_tls.o)
                              c:/st/stm32cubeide_1.11.2/stm32cubeide/plugins/com.st.stm32cube.ide.mcu.externaltools.gnu-tools-for-stm32.10.3-2021.10.win32_1.0.200.202301161003/tools/bin/../lib/gcc/arm-none-eabi/10.3.1/thumb/v7e-m+fp/hard\libgcc.a(_aeabi_uldivmod.o) (__aeabi_ldiv0)

Discarded input sections

 .text          0x0000000000000000        0x0 c:/st/stm32cubeide_1.11.2/stm32cubeide/plugins/com.st.stm32cube.ide.mcu.externaltools.gnu-tools-for-stm32.10.3-2021.10.win32_1.0.200.202301161003/tools/bin/../lib/gcc/arm-none-eabi/10.3.1/thumb/v7e-m+fp/hard/crti.o
[...]
Memory Configuration

Name             Origin             Length             Attributes
CCMRAM           0x0000000010000000 0x0000000000010000 xrw
RAM              0x0000000020000000 0x0000000000020000 xrw
FLASH            0x0000000008000000 0x0000000000080000 xr
*default*        0x0000000000000000 0xffffffffffffffff

Linker script and memory map

LOAD c:/st/stm32cubeide_1.11.2/stm32cubeide/plugins/com.st.stm32cube.ide.mcu.externaltools.gnu-tools-for-stm32.10.3-2021.10.win32_1.0.200.202301161003/tools/bin/../lib/gcc/arm-none-eabi/10.3.1/thumb/v7e-m+fp/hard/crti.o
LOAD c:/st/stm32cubeide_1.11.2/stm32cubeide/plugins/com.st.stm32cube.ide.mcu.externaltools.gnu-tools-for-stm32.10.3-2021.10.win32_1.0.200.202301161003/tools/bin/../lib/gcc/arm-none-eabi/10.3.1/thumb/v7e-m+fp/hard/crtbegin.o
LOAD c:/st/stm32cubeide_1.11.2/stm32cubeide/plugins/com.st.stm32cube.ide.mcu.externaltools.gnu-tools-for-stm32.10.3-2021.10.win32_1.0.200.202301161003/tools/bin/../lib/gcc/arm-none-eabi/10.3.1/../../../../arm-none-eabi/lib/thumb/v7e-m+fp/hard/crt0.o
LOAD ./Core/Src/freertos.o
LOAD ./Core/Src/gpio.o
LOAD ./Core/Src/main.o
LOAD ./Core/Src/stm32f4xx_hal_msp.o
LOAD ./Core/Src/stm32f4xx_hal_timebase_tim.o
LOAD ./Core/Src/stm32f4xx_it.o
LOAD ./Core/Src/syscalls.o
LOAD ./Core/Src/sysmem.o
LOAD ./Core/Src/system_stm32f4xx.o
LOAD ./Core/Src/tim.o
LOAD ./Core/Startup/startup_stm32f407vetx.o
LOAD ./Drivers/STM32F4xx_HAL_Driver/Src/stm32f4xx_hal.o
LOAD ./Drivers/STM32F4xx_HAL_Driver/Src/stm32f4xx_hal_cortex.o
LOAD ./Drivers/STM32F4xx_HAL_Driver/Src/stm32f4xx_hal_dma.o
LOAD ./Drivers/STM32F4xx_HAL_Driver/Src/stm32f4xx_hal_dma_ex.o
LOAD ./Drivers/STM32F4xx_HAL_Driver/Src/stm32f4xx_hal_exti.o
LOAD ./Drivers/STM32F4xx_HAL_Driver/Src/stm32f4xx_hal_flash.o
LOAD ./Drivers/STM32F4xx_HAL_Driver/Src/stm32f4xx_hal_flash_ex.o
LOAD ./Drivers/STM32F4xx_HAL_Driver/Src/stm32f4xx_hal_flash_ramfunc.o
LOAD ./Drivers/STM32F4xx_HAL_Driver/Src/stm32f4xx_hal_gpio.o
LOAD ./Drivers/STM32F4xx_HAL_Driver/Src/stm32f4xx_hal_pwr.o
LOAD ./Drivers/STM32F4xx_HAL_Driver/Src/stm32f4xx_hal_pwr_ex.o
LOAD ./Drivers/STM32F4xx_HAL_Driver/Src/stm32f4xx_hal_rcc.o
LOAD ./Drivers/STM32F4xx_HAL_Driver/Src/stm32f4xx_hal_rcc_ex.o
LOAD ./Drivers/STM32F4xx_HAL_Driver/Src/stm32f4xx_hal_tim.o
LOAD ./Drivers/STM32F4xx_HAL_Driver/Src/stm32f4xx_hal_tim_ex.o
LOAD ./Middlewares/Third_Party/FreeRTOS/Source/CMSIS_RTOS/cmsis_os.o
LOAD ./Middlewares/Third_Party/FreeRTOS/Source/croutine.o
LOAD ./Middlewares/Third_Party/FreeRTOS/Source/event_groups.o
LOAD ./Middlewares/Third_Party/FreeRTOS/Source/list.o
LOAD ./Middlewares/Third_Party/FreeRTOS/Source/queue.o
LOAD ./Middlewares/Third_Party/FreeRTOS/Source/stream_buffer.o
LOAD ./Middlewares/Third_Party/FreeRTOS/Source/tasks.o
LOAD ./Middlewares/Third_Party/FreeRTOS/Source/timers.o
LOAD ./Middlewares/Third_Party/FreeRTOS/Source/portable/GCC/ARM_CM4F/port.o
LOAD ./user/streambuffer/cmd_buffer.o
START GROUP
LOAD c:/st/stm32cubeide_1.11.2/stm32cubeide/plugins/com.st.stm32cube.ide.mcu.externaltools.gnu-tools-for-stm32.10.3-2021.10.win32_1.0.200.202301161003/tools/bin/../lib/gcc/arm-none-eabi/10.3.1/../../../../arm-none-eabi/lib/thumb/v7e-m+fp/hard\libc_nano.a
LOAD c:/st/stm32cubeide_1.11.2/stm32cubeide/plugins/com.st.stm32cube.ide.mcu.externaltools.gnu-tools-for-stm32.10.3-2021.10.win32_1.0.200.202301161003/tools/bin/../lib/gcc/arm-none-eabi/10.3.1/../../../../arm-none-eabi/lib/thumb/v7e-m+fp/hard\libm.a
END GROUP
START GROUP
LOAD c:/st/stm32cubeide_1.11.2/stm32cubeide/plugins/com.st.stm32cube.ide.mcu.externaltools.gnu-tools-for-stm32.10.3-2021.10.win32_1.0.200.202301161003/tools/bin/../lib/gcc/arm-none-eabi/10.3.1/thumb/v7e-m+fp/hard\libgcc.a
LOAD c:/st/stm32cubeide_1.11.2/stm32cubeide/plugins/com.st.stm32cube.ide.mcu.externaltools.gnu-tools-for-stm32.10.3-2021.10.win32_1.0.200.202301161003/tools/bin/../lib/gcc/arm-none-eabi/10.3.1/../../../../arm-none-eabi/lib/thumb/v7e-m+fp/hard\libc_nano.a
END GROUP
START GROUP
LOAD c:/st/stm32cubeide_1.11.2/stm32cubeide/plugins/com.st.stm32cube.ide.mcu.externaltools.gnu-tools-for-stm32.10.3-2021.10.win32_1.0.200.202301161003/tools/bin/../lib/gcc/arm-none-eabi/10.3.1/thumb/v7e-m+fp/hard\libgcc.a
LOAD c:/st/stm32cubeide_1.11.2/stm32cubeide/plugins/com.st.stm32cube.ide.mcu.externaltools.gnu-tools-for-stm32.10.3-2021.10.win32_1.0.200.202301161003/tools/bin/../lib/gcc/arm-none-eabi/10.3.1/../../../../arm-none-eabi/lib/thumb/v7e-m+fp/hard\libc_nano.a
LOAD c:/st/stm32cubeide_1.11.2/stm32cubeide/plugins/com.st.stm32cube.ide.mcu.externaltools.gnu-tools-for-stm32.10.3-2021.10.win32_1.0.200.202301161003/tools/bin/../lib/gcc/arm-none-eabi/10.3.1/../../../../arm-none-eabi/lib/thumb/v7e-m+fp/hard\libnosys.a
END GROUP
START GROUP
LOAD c:/st/stm32cubeide_1.11.2/stm32cubeide/plugins/com.st.stm32cube.ide.mcu.externaltools.gnu-tools-for-stm32.10.3-2021.10.win32_1.0.200.202301161003/tools/bin/../lib/gcc/arm-none-eabi/10.3.1/thumb/v7e-m+fp/hard\libgcc.a
LOAD c:/st/stm32cubeide_1.11.2/stm32cubeide/plugins/com.st.stm32cube.ide.mcu.externaltools.gnu-tools-for-stm32.10.3-2021.10.win32_1.0.200.202301161003/tools/bin/../lib/gcc/arm-none-eabi/10.3.1/../../../../arm-none-eabi/lib/thumb/v7e-m+fp/hard\libc_nano.a
LOAD c:/st/stm32cubeide_1.11.2/stm32cubeide/plugins/com.st.stm32cube.ide.mcu.externaltools.gnu-tools-for-stm32.10.3-2021.10.win32_1.0.200.202301161003/tools/bin/../lib/gcc/arm-none-eabi/10.3.1/../../../../arm-none-eabi/lib/thumb/v7e-m+fp/hard\libnosys.a
END GROUP
LOAD c:/st/stm32cubeide_1.11.2/stm32cubeide/plugins/com.st.stm32cube.ide.mcu.externaltools.gnu-tools-for-stm32.10.3-2021.10.win32_1.0.200.202301161003/tools/bin/../lib/gcc/arm-none-eabi/10.3.1/thumb/v7e-m+fp/hard/crtend.o
LOAD c:/st/stm32cubeide_1.11.2/stm32cubeide/plugins/com.st.stm32cube.ide.mcu.externaltools.gnu-tools-for-stm32.10.3-2021.10.win32_1.0.200.202301161003/tools/bin/../lib/gcc/arm-none-eabi/10.3.1/thumb/v7e-m+fp/hard/crtn.o
                0x0000000020020000                _estack = (ORIGIN (RAM) + LENGTH (RAM))
                0x0000000000001000                _Min_Heap_Size = 0x1000
                0x0000000000002000                _Min_Stack_Size = 0x2000

.isr_vector     0x0000000008000000      0x188
                0x0000000008000000                . = ALIGN (0x4)
 *(.isr_vector)
 .isr_vector    0x0000000008000000      0x188 ./Core/Startup/startup_stm32f407vetx.o
                0x0000000008000000                g_pfnVectors
                0x0000000008000188                . = ALIGN (0x4)

.text           0x0000000008000190     0x39cc
                0x0000000008000190                . = ALIGN (0x4)
 *(.text)
 .text          0x0000000008000190       0x40 c:/st/stm32cubeide_1.11.2/stm32cubeide/plugins/com.st.stm32cube.ide.mcu.externaltools.gnu-tools-for-stm32.10.3-2021.10.win32_1.0.200.202301161003/tools/bin/../lib/gcc/arm-none-eabi/10.3.1/thumb/v7e-m+fp/hard/crtbegin.o
 .text          0x00000000080001d0       0x10 c:/st/stm32cubeide_1.11.2/stm32cubeide/plugins/com.st.stm32cube.ide.mcu.externaltools.gnu-tools-for-stm32.10.3-2021.10.win32_1.0.200.202301161003/tools/bin/../lib/gcc/arm-none-eabi/10.3.1/../../../../arm-none-eabi/lib/thumb/v7e-m+fp/hard\libc_nano.a(lib_a-strlen.o)
                0x00000000080001d0                strlen
 .text          0x00000000080001e0       0x30 c:/st/stm32cubeide_1.11.2/stm32cubeide/plugins/com.st.stm32cube.ide.mcu.externaltools.gnu-tools-for-stm32.10.3-2021.10.win32_1.0.200.202301161003/tools/bin/../lib/gcc/arm-none-eabi/10.3.1/thumb/v7e-m+fp/hard\libgcc.a(_aeabi_uldivmod.o)
                0x00000000080001e0                __aeabi_uldivmod
 .text          0x0000000008000210      0x2d0 c:/st/stm32cubeide_1.11.2/stm32cubeide/plugins/com.st.stm32cube.ide.mcu.externaltools.gnu-tools-for-stm32.10.3-2021.10.win32_1.0.200.202301161003/tools/bin/../lib/gcc/arm-none-eabi/10.3.1/thumb/v7e-m+fp/hard\libgcc.a(_udivmoddi4.o)
                0x0000000008000210                __udivmoddi4
 .text          0x00000000080004e0        0x4 c:/st/stm32cubeide_1.11.2/stm32cubeide/plugins/com.st.stm32cube.ide.mcu.externaltools.gnu-tools-for-stm32.10.3-2021.10.win32_1.0.200.202301161003/tools/bin/../lib/gcc/arm-none-eabi/10.3.1/thumb/v7e-m+fp/hard\libgcc.a(_dvmd_tls.o)
                0x00000000080004e0                __aeabi_idiv0
                0x00000000080004e0                __aeabi_ldiv0
 *(.text*)
 .text.vApplicationGetIdleTaskMemory
                0x00000000080004e4       0x34 ./Core/Src/freertos.o
                0x00000000080004e4                vApplicationGetIdleTaskMemory
 .text.MX_FREERTOS_Init
                0x0000000008000518       0x6c ./Core/Src/freertos.o
                0x0000000008000518                MX_FREERTOS_Init
 .text.StartDefaultTask
                0x0000000008000584       0x1c ./Core/Src/freertos.o
                0x0000000008000584                StartDefaultTask
 .text.CmdProcessingRun
                0x00000000080005a0       0x20 ./Core/Src/freertos.o
                0x00000000080005a0                CmdProcessingRun
 .text.MX_GPIO_Init
                0x00000000080005c0       0x50 ./Core/Src/gpio.o
                0x00000000080005c0                MX_GPIO_Init
 .text.main     0x0000000008000610       0x1e ./Core/Src/main.o
                0x0000000008000610                main
 *fill*         0x000000000800062e        0x2 
 .text.SystemClock_Config
                0x0000000008000630       0xd0 ./Core/Src/main.o
                0x0000000008000630                SystemClock_Config
 .text.HAL_TIM_PeriodElapsedCallback
                0x0000000008000700       0x1e ./Core/Src/main.o
                0x0000000008000700                HAL_TIM_PeriodElapsedCallback
 .text.Error_Handler
                0x000000000800071e        0xa ./Core/Src/main.o
                0x000000000800071e                Error_Handler
 .text.HAL_MspInit
                0x0000000008000728       0x58 ./Core/Src/stm32f4xx_hal_msp.o
                0x0000000008000728                HAL_MspInit
 .text.HAL_InitTick
                0x0000000008000780       0xf8 ./Core/Src/stm32f4xx_hal_timebase_tim.o
                0x0000000008000780                HAL_InitTick
 .text.NMI_Handler
                0x0000000008000878        0x6 ./Core/Src/stm32f4xx_it.o
                0x0000000008000878                NMI_Handler
 .text.HardFault_Handler
                0x000000000800087e        0x6 ./Core/Src/stm32f4xx_it.o
                0x000000000800087e                HardFault_Handler
 .text.MemManage_Handler
                0x0000000008000884        0x6 ./Core/Src/stm32f4xx_it.o
                0x0000000008000884                MemManage_Handler
 .text.BusFault_Handler
                0x000000000800088a        0x6 ./Core/Src/stm32f4xx_it.o
                0x000000000800088a                BusFault_Handler
 .text.UsageFault_Handler
                0x0000000008000890        0x6 ./Core/Src/stm32f4xx_it.o
                0x0000000008000890                UsageFault_Handler
 .text.DebugMon_Handler
                0x0000000008000896        0xe ./Core/Src/stm32f4xx_it.o
                0x0000000008000896                DebugMon_Handler
 .text.TIM2_IRQHandler
                0x00000000080008a4       0x14 ./Core/Src/stm32f4xx_it.o
                0x00000000080008a4                TIM2_IRQHandler
 .text.TIM6_DAC_IRQHandler
                0x00000000080008b8       0x50 ./Core/Src/stm32f4xx_it.o
                0x00000000080008b8                TIM6_DAC_IRQHandler
 .text.SystemInit
                0x0000000008000908       0x24 ./Core/Src/system_stm32f4xx.o
                0x0000000008000908                SystemInit
 .text.MX_TIM6_Init
                0x000000000800092c       0x6c ./Core/Src/tim.o
                0x000000000800092c                MX_TIM6_Init
 .text.HAL_TIM_Base_MspInit
                0x0000000008000998       0x50 ./Core/Src/tim.o
                0x0000000008000998                HAL_TIM_Base_MspInit
 .text.Reset_Handler
                0x00000000080009e8       0x50 ./Core/Startup/startup_stm32f407vetx.o
                0x00000000080009e8                Reset_Handler
 .text.Default_Handler
                0x0000000008000a38        0x2 ./Core/Startup/startup_stm32f407vetx.o
                0x0000000008000a38                RTC_Alarm_IRQHandler
                0x0000000008000a38                HASH_RNG_IRQHandler
                0x0000000008000a38                EXTI2_IRQHandler
                0x0000000008000a38                TIM8_CC_IRQHandler
                0x0000000008000a38                TIM1_CC_IRQHandler
                0x0000000008000a38                DMA2_Stream5_IRQHandler
                0x0000000008000a38                DMA1_Stream5_IRQHandler
                0x0000000008000a38                PVD_IRQHandler
                0x0000000008000a38                SDIO_IRQHandler
                0x0000000008000a38                TAMP_STAMP_IRQHandler
                0x0000000008000a38                CAN2_RX1_IRQHandler
                0x0000000008000a38                EXTI3_IRQHandler
                0x0000000008000a38                TIM8_TRG_COM_TIM14_IRQHandler
                0x0000000008000a38                TIM1_UP_TIM10_IRQHandler
                0x0000000008000a38                TIM8_UP_TIM13_IRQHandler
                0x0000000008000a38                I2C3_ER_IRQHandler
                0x0000000008000a38                EXTI0_IRQHandler
                0x0000000008000a38                I2C2_EV_IRQHandler
                0x0000000008000a38                DMA1_Stream2_IRQHandler
                0x0000000008000a38                CAN1_RX0_IRQHandler
                0x0000000008000a38                FPU_IRQHandler
                0x0000000008000a38                OTG_HS_WKUP_IRQHandler
                0x0000000008000a38                CAN2_SCE_IRQHandler
                0x0000000008000a38                DMA2_Stream2_IRQHandler
                0x0000000008000a38                SPI1_IRQHandler
                0x0000000008000a38                TIM1_BRK_TIM9_IRQHandler
                0x0000000008000a38                DCMI_IRQHandler
                0x0000000008000a38                CAN2_RX0_IRQHandler
                0x0000000008000a38                DMA2_Stream3_IRQHandler
                0x0000000008000a38                USART6_IRQHandler
                0x0000000008000a38                USART3_IRQHandler
                0x0000000008000a38                CAN1_RX1_IRQHandler
                0x0000000008000a38                UART5_IRQHandler
                0x0000000008000a38                DMA2_Stream0_IRQHandler
                0x0000000008000a38                TIM4_IRQHandler
                0x0000000008000a38                I2C1_EV_IRQHandler
                0x0000000008000a38                DMA1_Stream6_IRQHandler
                0x0000000008000a38                DMA1_Stream1_IRQHandler
                0x0000000008000a38                UART4_IRQHandler
                0x0000000008000a38                TIM3_IRQHandler
                0x0000000008000a38                RCC_IRQHandler
                0x0000000008000a38                TIM8_BRK_TIM12_IRQHandler
                0x0000000008000a38                Default_Handler
                0x0000000008000a38                EXTI15_10_IRQHandler
                0x0000000008000a38                ADC_IRQHandler
                0x0000000008000a38                DMA1_Stream7_IRQHandler
                0x0000000008000a38                TIM7_IRQHandler
                0x0000000008000a38                CAN2_TX_IRQHandler
                0x0000000008000a38                TIM5_IRQHandler
                0x0000000008000a38                DMA2_Stream7_IRQHandler
                0x0000000008000a38                I2C3_EV_IRQHandler
                0x0000000008000a38                EXTI9_5_IRQHandler
                0x0000000008000a38                RTC_WKUP_IRQHandler
                0x0000000008000a38                ETH_WKUP_IRQHandler
                0x0000000008000a38                SPI2_IRQHandler
                0x0000000008000a38                OTG_HS_EP1_IN_IRQHandler
                0x0000000008000a38                DMA1_Stream0_IRQHandler
                0x0000000008000a38                CAN1_TX_IRQHandler
                0x0000000008000a38                EXTI4_IRQHandler
                0x0000000008000a38                FSMC_IRQHandler
                0x0000000008000a38                ETH_IRQHandler
                0x0000000008000a38                OTG_HS_EP1_OUT_IRQHandler
                0x0000000008000a38                WWDG_IRQHandler
                0x0000000008000a38                OTG_FS_WKUP_IRQHandler
                0x0000000008000a38                TIM1_TRG_COM_TIM11_IRQHandler
                0x0000000008000a38                OTG_HS_IRQHandler
                0x0000000008000a38                EXTI1_IRQHandler
                0x0000000008000a38                USART2_IRQHandler
                0x0000000008000a38                I2C2_ER_IRQHandler
                0x0000000008000a38                DMA2_Stream1_IRQHandler
                0x0000000008000a38                CAN1_SCE_IRQHandler
                0x0000000008000a38                FLASH_IRQHandler
                0x0000000008000a38                DMA2_Stream4_IRQHandler
                0x0000000008000a38                USART1_IRQHandler
                0x0000000008000a38                OTG_FS_IRQHandler
                0x0000000008000a38                SPI3_IRQHandler
                0x0000000008000a38                DMA1_Stream4_IRQHandler
                0x0000000008000a38                I2C1_ER_IRQHandler
                0x0000000008000a38                DMA2_Stream6_IRQHandler
                0x0000000008000a38                DMA1_Stream3_IRQHandler
 *fill*         0x0000000008000a3a        0x2 
 .text.HAL_Init
                0x0000000008000a3c       0x44 ./Drivers/STM32F4xx_HAL_Driver/Src/stm32f4xx_hal.o
                0x0000000008000a3c                HAL_Init
 .text.HAL_IncTick
                0x0000000008000a80       0x28 ./Drivers/STM32F4xx_HAL_Driver/Src/stm32f4xx_hal.o
                0x0000000008000a80                HAL_IncTick
 .text.HAL_GetTick
                0x0000000008000aa8       0x18 ./Drivers/STM32F4xx_HAL_Driver/Src/stm32f4xx_hal.o
                0x0000000008000aa8                HAL_GetTick
 .text.__NVIC_SetPriorityGrouping
                0x0000000008000ac0       0x48 ./Drivers/STM32F4xx_HAL_Driver/Src/stm32f4xx_hal_cortex.o
 .text.__NVIC_GetPriorityGrouping
                0x0000000008000b08       0x1c ./Drivers/STM32F4xx_HAL_Driver/Src/stm32f4xx_hal_cortex.o
 .text.__NVIC_EnableIRQ
                0x0000000008000b24       0x3c ./Drivers/STM32F4xx_HAL_Driver/Src/stm32f4xx_hal_cortex.o
 .text.__NVIC_SetPriority
                0x0000000008000b60       0x54 ./Drivers/STM32F4xx_HAL_Driver/Src/stm32f4xx_hal_cortex.o
 .text.NVIC_EncodePriority
                0x0000000008000bb4       0x66 ./Drivers/STM32F4xx_HAL_Driver/Src/stm32f4xx_hal_cortex.o
 .text.HAL_NVIC_SetPriorityGrouping
                0x0000000008000c1a       0x16 ./Drivers/STM32F4xx_HAL_Driver/Src/stm32f4xx_hal_cortex.o
                0x0000000008000c1a                HAL_NVIC_SetPriorityGrouping
 .text.HAL_NVIC_SetPriority
                0x0000000008000c30       0x38 ./Drivers/STM32F4xx_HAL_Driver/Src/stm32f4xx_hal_cortex.o
                0x0000000008000c30                HAL_NVIC_SetPriority
 .text.HAL_NVIC_EnableIRQ
                0x0000000008000c68       0x1c ./Drivers/STM32F4xx_HAL_Driver/Src/stm32f4xx_hal_cortex.o
                0x0000000008000c68                HAL_NVIC_EnableIRQ
 .text.HAL_RCC_OscConfig
                0x0000000008000c84      0x4f0 ./Drivers/STM32F4xx_HAL_Driver/Src/stm32f4xx_hal_rcc.o
                0x0000000008000c84                HAL_RCC_OscConfig
 .text.HAL_RCC_ClockConfig
                0x0000000008001174      0x1cc ./Drivers/STM32F4xx_HAL_Driver/Src/stm32f4xx_hal_rcc.o
                0x0000000008001174                HAL_RCC_ClockConfig
 .text.HAL_RCC_GetSysClockFreq
                0x0000000008001340      0x20c ./Drivers/STM32F4xx_HAL_Driver/Src/stm32f4xx_hal_rcc.o
                0x0000000008001340                HAL_RCC_GetSysClockFreq
 .text.HAL_RCC_GetHCLKFreq
                0x000000000800154c       0x18 ./Drivers/STM32F4xx_HAL_Driver/Src/stm32f4xx_hal_rcc.o
                0x000000000800154c                HAL_RCC_GetHCLKFreq
 .text.HAL_RCC_GetPCLK1Freq
                0x0000000008001564       0x28 ./Drivers/STM32F4xx_HAL_Driver/Src/stm32f4xx_hal_rcc.o
                0x0000000008001564                HAL_RCC_GetPCLK1Freq
 .text.HAL_RCC_GetClockConfig
                0x000000000800158c       0x64 ./Drivers/STM32F4xx_HAL_Driver/Src/stm32f4xx_hal_rcc.o
                0x000000000800158c                HAL_RCC_GetClockConfig
 .text.HAL_TIM_Base_Init
                0x00000000080015f0       0x9e ./Drivers/STM32F4xx_HAL_Driver/Src/stm32f4xx_hal_tim.o
                0x00000000080015f0                HAL_TIM_Base_Init
 *fill*         0x000000000800168e        0x2 
 .text.HAL_TIM_Base_Start_IT
                0x0000000008001690       0xe0 ./Drivers/STM32F4xx_HAL_Driver/Src/stm32f4xx_hal_tim.o
                0x0000000008001690                HAL_TIM_Base_Start_IT
 .text.HAL_TIM_IRQHandler
                0x0000000008001770      0x210 ./Drivers/STM32F4xx_HAL_Driver/Src/stm32f4xx_hal_tim.o
                0x0000000008001770                HAL_TIM_IRQHandler
 .text.HAL_TIM_OC_DelayElapsedCallback
                0x0000000008001980       0x14 ./Drivers/STM32F4xx_HAL_Driver/Src/stm32f4xx_hal_tim.o
                0x0000000008001980                HAL_TIM_OC_DelayElapsedCallback
 .text.HAL_TIM_IC_CaptureCallback
                0x0000000008001994       0x14 ./Drivers/STM32F4xx_HAL_Driver/Src/stm32f4xx_hal_tim.o
                0x0000000008001994                HAL_TIM_IC_CaptureCallback
 .text.HAL_TIM_PWM_PulseFinishedCallback
                0x00000000080019a8       0x14 ./Drivers/STM32F4xx_HAL_Driver/Src/stm32f4xx_hal_tim.o
                0x00000000080019a8                HAL_TIM_PWM_PulseFinishedCallback
 .text.HAL_TIM_TriggerCallback
                0x00000000080019bc       0x14 ./Drivers/STM32F4xx_HAL_Driver/Src/stm32f4xx_hal_tim.o
                0x00000000080019bc                HAL_TIM_TriggerCallback
 .text.TIM_Base_SetConfig
                0x00000000080019d0      0x140 ./Drivers/STM32F4xx_HAL_Driver/Src/stm32f4xx_hal_tim.o
                0x00000000080019d0                TIM_Base_SetConfig
 .text.HAL_TIMEx_MasterConfigSynchronization
                0x0000000008001b10       0xf8 ./Drivers/STM32F4xx_HAL_Driver/Src/stm32f4xx_hal_tim_ex.o
                0x0000000008001b10                HAL_TIMEx_MasterConfigSynchronization
 .text.HAL_TIMEx_CommutCallback
                0x0000000008001c08       0x14 ./Drivers/STM32F4xx_HAL_Driver/Src/stm32f4xx_hal_tim_ex.o
                0x0000000008001c08                HAL_TIMEx_CommutCallback
 .text.HAL_TIMEx_BreakCallback
                0x0000000008001c1c       0x14 ./Drivers/STM32F4xx_HAL_Driver/Src/stm32f4xx_hal_tim_ex.o
                0x0000000008001c1c                HAL_TIMEx_BreakCallback
 .text.makeFreeRtosPriority
                0x0000000008001c30       0x30 ./Middlewares/Third_Party/FreeRTOS/Source/CMSIS_RTOS/cmsis_os.o
 .text.osKernelStart
                0x0000000008001c60        0xe ./Middlewares/Third_Party/FreeRTOS/Source/CMSIS_RTOS/cmsis_os.o
                0x0000000008001c60                osKernelStart
 .text.osThreadCreate
                0x0000000008001c6e       0x4a ./Middlewares/Third_Party/FreeRTOS/Source/CMSIS_RTOS/cmsis_os.o
                0x0000000008001c6e                osThreadCreate
 .text.osDelay  0x0000000008001cb8       0x28 ./Middlewares/Third_Party/FreeRTOS/Source/CMSIS_RTOS/cmsis_os.o
                0x0000000008001cb8                osDelay
 .text.vListInitialise
                0x0000000008001ce0       0x40 ./Middlewares/Third_Party/FreeRTOS/Source/list.o
                0x0000000008001ce0                vListInitialise
 .text.vListInitialiseItem
                0x0000000008001d20       0x1a ./Middlewares/Third_Party/FreeRTOS/Source/list.o
                0x0000000008001d20                vListInitialiseItem
 .text.vListInsertEnd
                0x0000000008001d3a       0x48 ./Middlewares/Third_Party/FreeRTOS/Source/list.o
                0x0000000008001d3a                vListInsertEnd
 .text.vListInsert
                0x0000000008001d82       0x72 ./Middlewares/Third_Party/FreeRTOS/Source/list.o
                0x0000000008001d82                vListInsert
 .text.uxListRemove
                0x0000000008001df4       0x54 ./Middlewares/Third_Party/FreeRTOS/Source/list.o
                0x0000000008001df4                uxListRemove
 .text.xStreamBufferGenericCreateStatic
                0x0000000008001e48      0x102 ./Middlewares/Third_Party/FreeRTOS/Source/stream_buffer.o
                0x0000000008001e48                xStreamBufferGenericCreateStatic
 .text.xStreamBufferSpacesAvailable
                0x0000000008001f4a       0x66 ./Middlewares/Third_Party/FreeRTOS/Source/stream_buffer.o
                0x0000000008001f4a                xStreamBufferSpacesAvailable
 .text.xStreamBufferSend
                0x0000000008001fb0      0x16a ./Middlewares/Third_Party/FreeRTOS/Source/stream_buffer.o
                0x0000000008001fb0                xStreamBufferSend
 .text.xStreamBufferSendFromISR
                0x000000000800211a       0xe2 ./Middlewares/Third_Party/FreeRTOS/Source/stream_buffer.o
                0x000000000800211a                xStreamBufferSendFromISR
 .text.prvWriteMessageToBuffer
                0x00000000080021fc       0x7a ./Middlewares/Third_Party/FreeRTOS/Source/stream_buffer.o
 .text.xStreamBufferReceive
                0x0000000008002276      0x12a ./Middlewares/Third_Party/FreeRTOS/Source/stream_buffer.o
                0x0000000008002276                xStreamBufferReceive
 .text.prvReadMessageFromBuffer
                0x00000000080023a0       0x64 ./Middlewares/Third_Party/FreeRTOS/Source/stream_buffer.o
 .text.prvWriteBytesToBuffer
                0x0000000008002404       0xe4 ./Middlewares/Third_Party/FreeRTOS/Source/stream_buffer.o
 .text.prvReadBytesFromBuffer
                0x00000000080024e8       0xf4 ./Middlewares/Third_Party/FreeRTOS/Source/stream_buffer.o
 .text.prvBytesInBuffer
                0x00000000080025dc       0x40 ./Middlewares/Third_Party/FreeRTOS/Source/stream_buffer.o
 .text.prvInitialiseNewStreamBuffer
                0x000000000800261c       0x66 ./Middlewares/Third_Party/FreeRTOS/Source/stream_buffer.o
 .text.xTaskCreateStatic
                0x0000000008002682       0xb2 ./Middlewares/Third_Party/FreeRTOS/Source/tasks.o
                0x0000000008002682                xTaskCreateStatic
 .text.prvInitialiseNewTask
                0x0000000008002734      0x10e ./Middlewares/Third_Party/FreeRTOS/Source/tasks.o
 *fill*         0x0000000008002842        0x2 
 .text.prvAddNewTaskToReadyList
                0x0000000008002844       0xd4 ./Middlewares/Third_Party/FreeRTOS/Source/tasks.o
 .text.vTaskDelay
                0x0000000008002918       0x68 ./Middlewares/Third_Party/FreeRTOS/Source/tasks.o
                0x0000000008002918                vTaskDelay
 .text.vTaskStartScheduler
                0x0000000008002980       0xc0 ./Middlewares/Third_Party/FreeRTOS/Source/tasks.o
                0x0000000008002980                vTaskStartScheduler
 .text.vTaskSuspendAll
                0x0000000008002a40       0x1c ./Middlewares/Third_Party/FreeRTOS/Source/tasks.o
                0x0000000008002a40                vTaskSuspendAll
 .text.xTaskResumeAll
                0x0000000008002a5c      0x138 ./Middlewares/Third_Party/FreeRTOS/Source/tasks.o
                0x0000000008002a5c                xTaskResumeAll
 .text.xTaskIncrementTick
                0x0000000008002b94      0x170 ./Middlewares/Third_Party/FreeRTOS/Source/tasks.o
                0x0000000008002b94                xTaskIncrementTick
 .text.vTaskSwitchContext
                0x0000000008002d04       0xb8 ./Middlewares/Third_Party/FreeRTOS/Source/tasks.o
                0x0000000008002d04                vTaskSwitchContext
 .text.vTaskSetTimeOutState
                0x0000000008002dbc       0x4c ./Middlewares/Third_Party/FreeRTOS/Source/tasks.o
                0x0000000008002dbc                vTaskSetTimeOutState
 .text.vTaskInternalSetTimeOutState
                0x0000000008002e08       0x2c ./Middlewares/Third_Party/FreeRTOS/Source/tasks.o
                0x0000000008002e08                vTaskInternalSetTimeOutState
 .text.xTaskCheckForTimeOut
                0x0000000008002e34       0xc4 ./Middlewares/Third_Party/FreeRTOS/Source/tasks.o
                0x0000000008002e34                xTaskCheckForTimeOut
 .text.prvIdleTask
                0x0000000008002ef8       0x30 ./Middlewares/Third_Party/FreeRTOS/Source/tasks.o
 .text.prvInitialiseTaskLists
                0x0000000008002f28       0x80 ./Middlewares/Third_Party/FreeRTOS/Source/tasks.o
 .text.prvCheckTasksWaitingTermination
                0x0000000008002fa8       0x5c ./Middlewares/Third_Party/FreeRTOS/Source/tasks.o
 .text.prvDeleteTCB
                0x0000000008003004       0x14 ./Middlewares/Third_Party/FreeRTOS/Source/tasks.o
 .text.prvResetNextTaskUnblockTime
                0x0000000008003018       0x40 ./Middlewares/Third_Party/FreeRTOS/Source/tasks.o
 .text.xTaskGetCurrentTaskHandle
                0x0000000008003058       0x20 ./Middlewares/Third_Party/FreeRTOS/Source/tasks.o
                0x0000000008003058                xTaskGetCurrentTaskHandle
 .text.xTaskNotifyWait
                0x0000000008003078       0xb4 ./Middlewares/Third_Party/FreeRTOS/Source/tasks.o
                0x0000000008003078                xTaskNotifyWait
 .text.xTaskGenericNotify
                0x000000000800312c      0x16c ./Middlewares/Third_Party/FreeRTOS/Source/tasks.o
                0x000000000800312c                xTaskGenericNotify
 .text.xTaskGenericNotifyFromISR
                0x0000000008003298      0x1b4 ./Middlewares/Third_Party/FreeRTOS/Source/tasks.o
                0x0000000008003298                xTaskGenericNotifyFromISR
 .text.xTaskNotifyStateClear
                0x000000000800344c       0x4c ./Middlewares/Third_Party/FreeRTOS/Source/tasks.o
                0x000000000800344c                xTaskNotifyStateClear
 .text.prvAddCurrentTaskToDelayedList
                0x0000000008003498       0xcc ./Middlewares/Third_Party/FreeRTOS/Source/tasks.o
 .text.pxPortInitialiseStack
                0x0000000008003564       0x68 ./Middlewares/Third_Party/FreeRTOS/Source/portable/GCC/ARM_CM4F/port.o
                0x0000000008003564                pxPortInitialiseStack
 .text.prvTaskExitError
                0x00000000080035cc       0x58 ./Middlewares/Third_Party/FreeRTOS/Source/portable/GCC/ARM_CM4F/port.o
 *fill*         0x0000000008003624        0xc 
 .text.SVC_Handler
                0x0000000008003630       0x28 ./Middlewares/Third_Party/FreeRTOS/Source/portable/GCC/ARM_CM4F/port.o
                0x0000000008003630                SVC_Handler
 .text.prvPortStartFirstTask
                0x0000000008003658       0x28 ./Middlewares/Third_Party/FreeRTOS/Source/portable/GCC/ARM_CM4F/port.o
 .text.xPortStartScheduler
                0x0000000008003680      0x144 ./Middlewares/Third_Party/FreeRTOS/Source/portable/GCC/ARM_CM4F/port.o
                0x0000000008003680                xPortStartScheduler
 .text.vPortEnterCritical
                0x00000000080037c4       0x60 ./Middlewares/Third_Party/FreeRTOS/Source/portable/GCC/ARM_CM4F/port.o
                0x00000000080037c4                vPortEnterCritical
 .text.vPortExitCritical
                0x0000000008003824       0x54 ./Middlewares/Third_Party/FreeRTOS/Source/portable/GCC/ARM_CM4F/port.o
                0x0000000008003824                vPortExitCritical
 *fill*         0x0000000008003878        0x8 
 .text.PendSV_Handler
                0x0000000008003880       0x68 ./Middlewares/Third_Party/FreeRTOS/Source/portable/GCC/ARM_CM4F/port.o
                0x0000000008003880                PendSV_Handler
 .text.SysTick_Handler
                0x00000000080038e8       0x44 ./Middlewares/Third_Party/FreeRTOS/Source/portable/GCC/ARM_CM4F/port.o
                0x00000000080038e8                SysTick_Handler
 .text.vPortSetupTimerInterrupt
                0x000000000800392c       0x48 ./Middlewares/Third_Party/FreeRTOS/Source/portable/GCC/ARM_CM4F/port.o
                0x000000000800392c                vPortSetupTimerInterrupt
 .text.vPortEnableVFP
                0x0000000008003974       0x14 ./Middlewares/Third_Party/FreeRTOS/Source/portable/GCC/ARM_CM4F/port.o
 .text.vPortValidateInterruptPriority
                0x0000000008003988       0x80 ./Middlewares/Third_Party/FreeRTOS/Source/portable/GCC/ARM_CM4F/port.o
                0x0000000008003988                vPortValidateInterruptPriority
 .text.cmd_buffer_init
                0x0000000008003a08       0x30 ./user/streambuffer/cmd_buffer.o
                0x0000000008003a08                cmd_buffer_init
 .text.send_xbyte_buffer
                0x0000000008003a38       0x28 ./user/streambuffer/cmd_buffer.o
                0x0000000008003a38                send_xbyte_buffer
 .text.received_messagebuffer
                0x0000000008003a60       0x3c ./user/streambuffer/cmd_buffer.o
                0x0000000008003a60                received_messagebuffer
 .text.Send_Data_Isr
                0x0000000008003a9c       0x34 ./user/streambuffer/cmd_buffer.o
                0x0000000008003a9c                Send_Data_Isr
 .text.__libc_init_array
                0x0000000008003ad0       0x48 c:/st/stm32cubeide_1.11.2/stm32cubeide/plugins/com.st.stm32cube.ide.mcu.externaltools.gnu-tools-for-stm32.10.3-2021.10.win32_1.0.200.202301161003/tools/bin/../lib/gcc/arm-none-eabi/10.3.1/../../../../arm-none-eabi/lib/thumb/v7e-m+fp/hard\libc_nano.a(lib_a-init.o)
                0x0000000008003ad0                __libc_init_array
 .text.memcpy   0x0000000008003b18       0x1c c:/st/stm32cubeide_1.11.2/stm32cubeide/plugins/com.st.stm32cube.ide.mcu.externaltools.gnu-tools-for-stm32.10.3-2021.10.win32_1.0.200.202301161003/tools/bin/../lib/gcc/arm-none-eabi/10.3.1/../../../../arm-none-eabi/lib/thumb/v7e-m+fp/hard\libc_nano.a(lib_a-memcpy-stub.o)
                0x0000000008003b18                memcpy
 .text.memset   0x0000000008003b34       0x10 c:/st/stm32cubeide_1.11.2/stm32cubeide/plugins/com.st.stm32cube.ide.mcu.externaltools.gnu-tools-for-stm32.10.3-2021.10.win32_1.0.200.202301161003/tools/bin/../lib/gcc/arm-none-eabi/10.3.1/../../../../arm-none-eabi/lib/thumb/v7e-m+fp/hard\libc_nano.a(lib_a-memset.o)
                0x0000000008003b34                memset
 *(.glue_7)
 .glue_7        0x0000000008003b44        0x0 linker stubs
 *(.glue_7t)
 .glue_7t       0x0000000008003b44        0x0 linker stubs
 *(.eh_frame)
 .eh_frame      0x0000000008003b44        0x0 c:/st/stm32cubeide_1.11.2/stm32cubeide/plugins/com.st.stm32cube.ide.mcu.externaltools.gnu-tools-for-stm32.10.3-2021.10.win32_1.0.200.202301161003/tools/bin/../lib/gcc/arm-none-eabi/10.3.1/thumb/v7e-m+fp/hard/crtbegin.o
 *(.init)
 .init          0x0000000008003b44        0x4 c:/st/stm32cubeide_1.11.2/stm32cubeide/plugins/com.st.stm32cube.ide.mcu.externaltools.gnu-tools-for-stm32.10.3-2021.10.win32_1.0.200.202301161003/tools/bin/../lib/gcc/arm-none-eabi/10.3.1/thumb/v7e-m+fp/hard/crti.o
                0x0000000008003b44                _init
 .init          0x0000000008003b48        0x8 c:/st/stm32cubeide_1.11.2/stm32cubeide/plugins/com.st.stm32cube.ide.mcu.externaltools.gnu-tools-for-stm32.10.3-2021.10.win32_1.0.200.202301161003/tools/bin/../lib/gcc/arm-none-eabi/10.3.1/thumb/v7e-m+fp/hard/crtn.o
 *(.fini)
 .fini          0x0000000008003b50        0x4 c:/st/stm32cubeide_1.11.2/stm32cubeide/plugins/com.st.stm32cube.ide.mcu.externaltools.gnu-tools-for-stm32.10.3-2021.10.win32_1.0.200.202301161003/tools/bin/../lib/gcc/arm-none-eabi/10.3.1/thumb/v7e-m+fp/hard/crti.o
                0x0000000008003b50                _fini
 .fini          0x0000000008003b54        0x8 c:/st/stm32cubeide_1.11.2/stm32cubeide/plugins/com.st.stm32cube.ide.mcu.externaltools.gnu-tools-for-stm32.10.3-2021.10.win32_1.0.200.202301161003/tools/bin/../lib/gcc/arm-none-eabi/10.3.1/thumb/v7e-m+fp/hard/crtn.o
                0x0000000008003b5c                . = ALIGN (0x4)
                0x0000000008003b5c                _etext = .

.vfp11_veneer   0x0000000008003b5c        0x0
 .vfp11_veneer  0x0000000008003b5c        0x0 linker stubs

.v4_bx          0x0000000008003b5c        0x0
 .v4_bx         0x0000000008003b5c        0x0 linker stubs

.iplt           0x0000000008003b5c        0x0
 .iplt          0x0000000008003b5c        0x0 c:/st/stm32cubeide_1.11.2/stm32cubeide/plugins/com.st.stm32cube.ide.mcu.externaltools.gnu-tools-for-stm32.10.3-2021.10.win32_1.0.200.202301161003/tools/bin/../lib/gcc/arm-none-eabi/10.3.1/thumb/v7e-m+fp/hard/crtbegin.o

.rodata         0x0000000008003b5c       0x7c
                0x0000000008003b5c                . = ALIGN (0x4)
 *(.rodata)
 .rodata        0x0000000008003b5c       0x54 ./Core/Src/freertos.o
 .rodata        0x0000000008003bb0        0x6 ./Core/Src/stm32f4xx_it.o
 *fill*         0x0000000008003bb6        0x2 
 .rodata        0x0000000008003bb8        0x5 ./Middlewares/Third_Party/FreeRTOS/Source/tasks.o
 *(.rodata*)
 *fill*         0x0000000008003bbd        0x3 
 .rodata.AHBPrescTable
                0x0000000008003bc0       0x10 ./Core/Src/system_stm32f4xx.o
                0x0000000008003bc0                AHBPrescTable
 .rodata.APBPrescTable
                0x0000000008003bd0        0x8 ./Core/Src/system_stm32f4xx.o
                0x0000000008003bd0                APBPrescTable
                0x0000000008003bd8                . = ALIGN (0x4)

.ARM.extab      0x0000000008003bd8        0x0
                0x0000000008003bd8                . = ALIGN (0x4)
 *(.ARM.extab* .gnu.linkonce.armextab.*)
                0x0000000008003bd8                . = ALIGN (0x4)

.ARM            0x0000000008003bd8        0x8
                0x0000000008003bd8                . = ALIGN (0x4)
                0x0000000008003bd8                __exidx_start = .
 *(.ARM.exidx*)
 .ARM.exidx     0x0000000008003bd8        0x8 c:/st/stm32cubeide_1.11.2/stm32cubeide/plugins/com.st.stm32cube.ide.mcu.externaltools.gnu-tools-for-stm32.10.3-2021.10.win32_1.0.200.202301161003/tools/bin/../lib/gcc/arm-none-eabi/10.3.1/thumb/v7e-m+fp/hard\libgcc.a(_udivmoddi4.o)
                0x0000000008003be0                __exidx_end = .
                0x0000000008003be0                . = ALIGN (0x4)

.rel.dyn        0x0000000008003be0        0x0
 .rel.iplt      0x0000000008003be0        0x0 c:/st/stm32cubeide_1.11.2/stm32cubeide/plugins/com.st.stm32cube.ide.mcu.externaltools.gnu-tools-for-stm32.10.3-2021.10.win32_1.0.200.202301161003/tools/bin/../lib/gcc/arm-none-eabi/10.3.1/thumb/v7e-m+fp/hard/crtbegin.o

.preinit_array  0x0000000008003be0        0x0
                0x0000000008003be0                . = ALIGN (0x4)
                0x0000000008003be0                PROVIDE (__preinit_array_start = .)
 *(.preinit_array*)
                0x0000000008003be0                PROVIDE (__preinit_array_end = .)
                0x0000000008003be0                . = ALIGN (0x4)

.init_array     0x0000000008003be0        0x4
                0x0000000008003be0                . = ALIGN (0x4)
                0x0000000008003be0                PROVIDE (__init_array_start = .)
 *(SORT_BY_NAME(.init_array.*))
 *(.init_array*)
 .init_array    0x0000000008003be0        0x4 c:/st/stm32cubeide_1.11.2/stm32cubeide/plugins/com.st.stm32cube.ide.mcu.externaltools.gnu-tools-for-stm32.10.3-2021.10.win32_1.0.200.202301161003/tools/bin/../lib/gcc/arm-none-eabi/10.3.1/thumb/v7e-m+fp/hard/crtbegin.o
                0x0000000008003be4                PROVIDE (__init_array_end = .)
                0x0000000008003be4                . = ALIGN (0x4)

.fini_array     0x0000000008003be4        0x4
                0x0000000008003be4                . = ALIGN (0x4)
                [!provide]                        PROVIDE (__fini_array_start = .)
 *(SORT_BY_NAME(.fini_array.*))
 *(.fini_array*)
 .fini_array    0x0000000008003be4        0x4 c:/st/stm32cubeide_1.11.2/stm32cubeide/plugins/com.st.stm32cube.ide.mcu.externaltools.gnu-tools-for-stm32.10.3-2021.10.win32_1.0.200.202301161003/tools/bin/../lib/gcc/arm-none-eabi/10.3.1/thumb/v7e-m+fp/hard/crtbegin.o
                [!provide]                        PROVIDE (__fini_array_end = .)
                0x0000000008003be8                . = ALIGN (0x4)
                0x0000000008003be8                _sidata = LOADADDR (.data)

.data           0x0000000020000000       0x18 load address 0x0000000008003be8
                0x0000000020000000                . = ALIGN (0x4)
                0x0000000020000000                _sdata = .
 *(.data)
 *(.data*)
 .data.xbyte    0x0000000020000000        0x4 ./Core/Src/freertos.o
                0x0000000020000000                xbyte
 .data.cmd      0x0000000020000004        0x4 ./Core/Src/stm32f4xx_it.o
                0x0000000020000004                cmd
 .data.SystemCoreClock
                0x0000000020000008        0x4 ./Core/Src/system_stm32f4xx.o
                0x0000000020000008                SystemCoreClock
 .data.uwTickPrio
                0x000000002000000c        0x4 ./Drivers/STM32F4xx_HAL_Driver/Src/stm32f4xx_hal.o
                0x000000002000000c                uwTickPrio
 .data.uwTickFreq
                0x0000000020000010        0x1 ./Drivers/STM32F4xx_HAL_Driver/Src/stm32f4xx_hal.o
                0x0000000020000010                uwTickFreq
 *fill*         0x0000000020000011        0x3 
 .data.uxCriticalNesting
                0x0000000020000014        0x4 ./Middlewares/Third_Party/FreeRTOS/Source/portable/GCC/ARM_CM4F/port.o
 *(.RamFunc)
 *(.RamFunc*)
                0x0000000020000018                . = ALIGN (0x4)
                0x0000000020000018                _edata = .
                0x0000000008003c00                _siccmram = LOADADDR (.ccmram)

.igot.plt       0x0000000020000018        0x0 load address 0x0000000008003c00
 .igot.plt      0x0000000020000018        0x0 c:/st/stm32cubeide_1.11.2/stm32cubeide/plugins/com.st.stm32cube.ide.mcu.externaltools.gnu-tools-for-stm32.10.3-2021.10.win32_1.0.200.202301161003/tools/bin/../lib/gcc/arm-none-eabi/10.3.1/thumb/v7e-m+fp/hard/crtbegin.o

.ccmram         0x0000000010000000        0x0 load address 0x0000000008003c00
                0x0000000010000000                . = ALIGN (0x4)
                0x0000000010000000                _sccmram = .
 *(.ccmram)
 *(.ccmram*)
                0x0000000010000000                . = ALIGN (0x4)
                0x0000000010000000                _eccmram = .
                0x0000000010000000                . = ALIGN (0x4)

.bss            0x0000000020000018      0xd50
                0x0000000020000018                _sbss = .
                0x0000000020000018                __bss_start__ = _sbss
 *(.bss)
 .bss           0x0000000020000018       0x1c c:/st/stm32cubeide_1.11.2/stm32cubeide/plugins/com.st.stm32cube.ide.mcu.externaltools.gnu-tools-for-stm32.10.3-2021.10.win32_1.0.200.202301161003/tools/bin/../lib/gcc/arm-none-eabi/10.3.1/thumb/v7e-m+fp/hard/crtbegin.o
 *(.bss*)
 .bss.receivedxbyte
                0x0000000020000034       0x40 ./Core/Src/freertos.o
                0x0000000020000034                receivedxbyte
 .bss.defaultTaskHandle
                0x0000000020000074        0x4 ./Core/Src/freertos.o
                0x0000000020000074                defaultTaskHandle
 .bss.defaultTaskBuffer
                0x0000000020000078      0x200 ./Core/Src/freertos.o
                0x0000000020000078                defaultTaskBuffer
 .bss.defaultTaskControlBlock
                0x0000000020000278       0x54 ./Core/Src/freertos.o
                0x0000000020000278                defaultTaskControlBlock
 .bss.CmdProcessingHandle
                0x00000000200002cc        0x4 ./Core/Src/freertos.o
                0x00000000200002cc                CmdProcessingHandle
 .bss.CmdProcessingBuffer
                0x00000000200002d0      0x400 ./Core/Src/freertos.o
                0x00000000200002d0                CmdProcessingBuffer
 .bss.CmdProcessingControlBlock
                0x00000000200006d0       0x54 ./Core/Src/freertos.o
                0x00000000200006d0                CmdProcessingControlBlock
 .bss.xIdleTaskTCBBuffer
                0x0000000020000724       0x54 ./Core/Src/freertos.o
 .bss.xIdleStack
                0x0000000020000778      0x200 ./Core/Src/freertos.o
 .bss.htim2     0x0000000020000978       0x48 ./Core/Src/stm32f4xx_hal_timebase_tim.o
                0x0000000020000978                htim2
 .bss.x         0x00000000200009c0        0x4 ./Core/Src/stm32f4xx_it.o
                0x00000000200009c0                x
 .bss.htim6     0x00000000200009c4       0x48 ./Core/Src/tim.o
                0x00000000200009c4                htim6
 .bss.uwTick    0x0000000020000a0c        0x4 ./Drivers/STM32F4xx_HAL_Driver/Src/stm32f4xx_hal.o
                0x0000000020000a0c                uwTick
 .bss.pxCurrentTCB
                0x0000000020000a10        0x4 ./Middlewares/Third_Party/FreeRTOS/Source/tasks.o
                0x0000000020000a10                pxCurrentTCB
 .bss.pxReadyTasksLists
                0x0000000020000a14       0x8c ./Middlewares/Third_Party/FreeRTOS/Source/tasks.o
 .bss.xDelayedTaskList1
                0x0000000020000aa0       0x14 ./Middlewares/Third_Party/FreeRTOS/Source/tasks.o
 .bss.xDelayedTaskList2
                0x0000000020000ab4       0x14 ./Middlewares/Third_Party/FreeRTOS/Source/tasks.o
 .bss.pxDelayedTaskList
                0x0000000020000ac8        0x4 ./Middlewares/Third_Party/FreeRTOS/Source/tasks.o
 .bss.pxOverflowDelayedTaskList
                0x0000000020000acc        0x4 ./Middlewares/Third_Party/FreeRTOS/Source/tasks.o
 .bss.xPendingReadyList
                0x0000000020000ad0       0x14 ./Middlewares/Third_Party/FreeRTOS/Source/tasks.o
 .bss.xTasksWaitingTermination
                0x0000000020000ae4       0x14 ./Middlewares/Third_Party/FreeRTOS/Source/tasks.o
 .bss.uxDeletedTasksWaitingCleanUp
                0x0000000020000af8        0x4 ./Middlewares/Third_Party/FreeRTOS/Source/tasks.o
 .bss.xSuspendedTaskList
                0x0000000020000afc       0x14 ./Middlewares/Third_Party/FreeRTOS/Source/tasks.o
 .bss.uxCurrentNumberOfTasks
                0x0000000020000b10        0x4 ./Middlewares/Third_Party/FreeRTOS/Source/tasks.o
 .bss.xTickCount
                0x0000000020000b14        0x4 ./Middlewares/Third_Party/FreeRTOS/Source/tasks.o
 .bss.uxTopReadyPriority
                0x0000000020000b18        0x4 ./Middlewares/Third_Party/FreeRTOS/Source/tasks.o
 .bss.xSchedulerRunning
                0x0000000020000b1c        0x4 ./Middlewares/Third_Party/FreeRTOS/Source/tasks.o
 .bss.xPendedTicks
                0x0000000020000b20        0x4 ./Middlewares/Third_Party/FreeRTOS/Source/tasks.o
 .bss.xYieldPending
                0x0000000020000b24        0x4 ./Middlewares/Third_Party/FreeRTOS/Source/tasks.o
 .bss.xNumOfOverflows
                0x0000000020000b28        0x4 ./Middlewares/Third_Party/FreeRTOS/Source/tasks.o
 .bss.uxTaskNumber
                0x0000000020000b2c        0x4 ./Middlewares/Third_Party/FreeRTOS/Source/tasks.o
 .bss.xNextTaskUnblockTime
                0x0000000020000b30        0x4 ./Middlewares/Third_Party/FreeRTOS/Source/tasks.o
 .bss.xIdleTaskHandle
                0x0000000020000b34        0x4 ./Middlewares/Third_Party/FreeRTOS/Source/tasks.o
 .bss.uxSchedulerSuspended
                0x0000000020000b38        0x4 ./Middlewares/Third_Party/FreeRTOS/Source/tasks.o
 .bss.ucMaxSysCallPriority
                0x0000000020000b3c        0x1 ./Middlewares/Third_Party/FreeRTOS/Source/portable/GCC/ARM_CM4F/port.o
 *fill*         0x0000000020000b3d        0x3 
 .bss.ulMaxPRIGROUPValue
                0x0000000020000b40        0x4 ./Middlewares/Third_Party/FreeRTOS/Source/portable/GCC/ARM_CM4F/port.o
 .bss.ucMessageBufferStorage
                0x0000000020000b44      0x200 ./user/streambuffer/cmd_buffer.o
 .bss.xMessageBufferStruct
                0x0000000020000d44       0x20 ./user/streambuffer/cmd_buffer.o
 .bss.xMessageBuffer
                0x0000000020000d64        0x4 ./user/streambuffer/cmd_buffer.o
 *(COMMON)
                0x0000000020000d68                . = ALIGN (0x4)
                0x0000000020000d68                _ebss = .
                0x0000000020000d68                __bss_end__ = _ebss

._user_heap_stack
                0x0000000020000d68     0x3000
                0x0000000020000d68                . = ALIGN (0x8)
                [!provide]                        PROVIDE (end = .)
                0x0000000020000d68                PROVIDE (_end = .)
                0x0000000020001d68                . = (. + _Min_Heap_Size)
 *fill*         0x0000000020000d68     0x1000 
                0x0000000020003d68                . = (. + _Min_Stack_Size)
 *fill*         0x0000000020001d68     0x2000 
                0x0000000020003d68                . = ALIGN (0x8)

/DISCARD/
 libc.a(*)
 libm.a(*)
 libgcc.a(*)

.ARM.attributes
                0x0000000000000000       0x30
 *(.ARM.attributes)
 .ARM.attributes
                0x0000000000000000       0x1e c:/st/stm32cubeide_1.11.2/stm32cubeide/plugins/com.st.stm32cube.ide.mcu.externaltools.gnu-tools-for-stm32.10.3-2021.10.win32_1.0.200.202301161003/tools/bin/../lib/gcc/arm-none-eabi/10.3.1/thumb/v7e-m+fp/hard/crti.o
 .ARM.attributes
                0x000000000000001e       0x34 c:/st/stm32cubeide_1.11.2/stm32cubeide/plugins/com.st.stm32cube.ide.mcu.externaltools.gnu-tools-for-stm32.10.3-2021.10.win32_1.0.200.202301161003/tools/bin/../lib/gcc/arm-none-eabi/10.3.1/thumb/v7e-m+fp/hard/crtbegin.o
 .ARM.attributes
                0x0000000000000052       0x34 ./Core/Src/freertos.o
 .ARM.attributes
                0x0000000000000086       0x34 ./Core/Src/gpio.o
 .ARM.attributes
                0x00000000000000ba       0x34 ./Core/Src/main.o
 .ARM.attributes
                0x00000000000000ee       0x34 ./Core/Src/stm32f4xx_hal_msp.o
 .ARM.attributes
                0x0000000000000122       0x34 ./Core/Src/stm32f4xx_hal_timebase_tim.o
 .ARM.attributes
                0x0000000000000156       0x34 ./Core/Src/stm32f4xx_it.o
 .ARM.attributes
                0x000000000000018a       0x34 ./Core/Src/system_stm32f4xx.o
 .ARM.attributes
                0x00000000000001be       0x34 ./Core/Src/tim.o
 .ARM.attributes
                0x00000000000001f2       0x21 ./Core/Startup/startup_stm32f407vetx.o
 .ARM.attributes
                0x0000000000000213       0x34 ./Drivers/STM32F4xx_HAL_Driver/Src/stm32f4xx_hal.o
 .ARM.attributes
                0x0000000000000247       0x34 ./Drivers/STM32F4xx_HAL_Driver/Src/stm32f4xx_hal_cortex.o
 .ARM.attributes
                0x000000000000027b       0x34 ./Drivers/STM32F4xx_HAL_Driver/Src/stm32f4xx_hal_rcc.o
 .ARM.attributes
                0x00000000000002af       0x34 ./Drivers/STM32F4xx_HAL_Driver/Src/stm32f4xx_hal_tim.o
 .ARM.attributes
                0x00000000000002e3       0x34 ./Drivers/STM32F4xx_HAL_Driver/Src/stm32f4xx_hal_tim_ex.o
 .ARM.attributes
                0x0000000000000317       0x34 ./Middlewares/Third_Party/FreeRTOS/Source/CMSIS_RTOS/cmsis_os.o
 .ARM.attributes
                0x000000000000034b       0x34 ./Middlewares/Third_Party/FreeRTOS/Source/list.o
 .ARM.attributes
                0x000000000000037f       0x34 ./Middlewares/Third_Party/FreeRTOS/Source/stream_buffer.o
 .ARM.attributes
                0x00000000000003b3       0x34 ./Middlewares/Third_Party/FreeRTOS/Source/tasks.o
 .ARM.attributes
                0x00000000000003e7       0x34 ./Middlewares/Third_Party/FreeRTOS/Source/portable/GCC/ARM_CM4F/port.o
 .ARM.attributes
                0x000000000000041b       0x34 ./user/streambuffer/cmd_buffer.o
 .ARM.attributes
                0x000000000000044f       0x34 c:/st/stm32cubeide_1.11.2/stm32cubeide/plugins/com.st.stm32cube.ide.mcu.externaltools.gnu-tools-for-stm32.10.3-2021.10.win32_1.0.200.202301161003/tools/bin/../lib/gcc/arm-none-eabi/10.3.1/../../../../arm-none-eabi/lib/thumb/v7e-m+fp/hard\libc_nano.a(lib_a-init.o)
 .ARM.attributes
                0x0000000000000483       0x34 c:/st/stm32cubeide_1.11.2/stm32cubeide/plugins/com.st.stm32cube.ide.mcu.externaltools.gnu-tools-for-stm32.10.3-2021.10.win32_1.0.200.202301161003/tools/bin/../lib/gcc/arm-none-eabi/10.3.1/../../../../arm-none-eabi/lib/thumb/v7e-m+fp/hard\libc_nano.a(lib_a-memcpy-stub.o)
 .ARM.attributes
                0x00000000000004b7       0x34 c:/st/stm32cubeide_1.11.2/stm32cubeide/plugins/com.st.stm32cube.ide.mcu.externaltools.gnu-tools-for-stm32.10.3-2021.10.win32_1.0.200.202301161003/tools/bin/../lib/gcc/arm-none-eabi/10.3.1/../../../../arm-none-eabi/lib/thumb/v7e-m+fp/hard\libc_nano.a(lib_a-memset.o)
 .ARM.attributes
                0x00000000000004eb       0x17 c:/st/stm32cubeide_1.11.2/stm32cubeide/plugins/com.st.stm32cube.ide.mcu.externaltools.gnu-tools-for-stm32.10.3-2021.10.win32_1.0.200.202301161003/tools/bin/../lib/gcc/arm-none-eabi/10.3.1/../../../../arm-none-eabi/lib/thumb/v7e-m+fp/hard\libc_nano.a(lib_a-strlen.o)
 .ARM.attributes
                0x0000000000000502       0x1e c:/st/stm32cubeide_1.11.2/stm32cubeide/plugins/com.st.stm32cube.ide.mcu.externaltools.gnu-tools-for-stm32.10.3-2021.10.win32_1.0.200.202301161003/tools/bin/../lib/gcc/arm-none-eabi/10.3.1/thumb/v7e-m+fp/hard\libgcc.a(_aeabi_uldivmod.o)
 .ARM.attributes
                0x0000000000000520       0x34 c:/st/stm32cubeide_1.11.2/stm32cubeide/plugins/com.st.stm32cube.ide.mcu.externaltools.gnu-tools-for-stm32.10.3-2021.10.win32_1.0.200.202301161003/tools/bin/../lib/gcc/arm-none-eabi/10.3.1/thumb/v7e-m+fp/hard\libgcc.a(_udivmoddi4.o)
 .ARM.attributes
                0x0000000000000554       0x1e c:/st/stm32cubeide_1.11.2/stm32cubeide/plugins/com.st.stm32cube.ide.mcu.externaltools.gnu-tools-for-stm32.10.3-2021.10.win32_1.0.200.202301161003/tools/bin/../lib/gcc/arm-none-eabi/10.3.1/thumb/v7e-m+fp/hard\libgcc.a(_dvmd_tls.o)
 .ARM.attributes
                0x0000000000000572       0x1e c:/st/stm32cubeide_1.11.2/stm32cubeide/plugins/com.st.stm32cube.ide.mcu.externaltools.gnu-tools-for-stm32.10.3-2021.10.win32_1.0.200.202301161003/tools/bin/../lib/gcc/arm-none-eabi/10.3.1/thumb/v7e-m+fp/hard/crtn.o
OUTPUT(FreeRtos_MessesgeBuffer.elf elf32-littlearm)
LOAD linker stubs
LOAD c:/st/stm32cubeide_1.11.2/stm32cubeide/plugins/com.st.stm32cube.ide.mcu.externaltools.gnu-tools-for-stm32.10.3-2021.10.win32_1.0.200.202301161003/tools/bin/../lib/gcc/arm-none-eabi/10.3.1/../../../../arm-none-eabi/lib/thumb/v7e-m+fp/hard\libc.a
LOAD c:/st/stm32cubeide_1.11.2/stm32cubeide/plugins/com.st.stm32cube.ide.mcu.externaltools.gnu-tools-for-stm32.10.3-2021.10.win32_1.0.200.202301161003/tools/bin/../lib/gcc/arm-none-eabi/10.3.1/../../../../arm-none-eabi/lib/thumb/v7e-m+fp/hard\libm.a
LOAD c:/st/stm32cubeide_1.11.2/stm32cubeide/plugins/com.st.stm32cube.ide.mcu.externaltools.gnu-tools-for-stm32.10.3-2021.10.win32_1.0.200.202301161003/tools/bin/../lib/gcc/arm-none-eabi/10.3.1/thumb/v7e-m+fp/hard\libgcc.a

.debug_info     0x0000000000000000     0xf76a
 .debug_info    0x0000000000000000      0x5fc ./Core/Src/freertos.o
 .debug_info    0x00000000000005fc      0x2a8 ./Core/Src/gpio.o
 .debug_info    0x00000000000008a4      0xba1 ./Core/Src/main.o
 .debug_info    0x0000000000001445      0x4f6 ./Core/Src/stm32f4xx_hal_msp.o
 .debug_info    0x000000000000193b      0xc4b ./Core/Src/stm32f4xx_hal_timebase_tim.o
 .debug_info    0x0000000000002586      0x78f ./Core/Src/stm32f4xx_it.o
 .debug_info    0x0000000000002d15      0x523 ./Core/Src/system_stm32f4xx.o
 .debug_info    0x0000000000003238      0xbdf ./Core/Src/tim.o
 .debug_info    0x0000000000003e17       0x22 ./Core/Startup/startup_stm32f407vetx.o
 .debug_info    0x0000000000003e39      0x97c ./Drivers/STM32F4xx_HAL_Driver/Src/stm32f4xx_hal.o
 .debug_info    0x00000000000047b5      0xe1b ./Drivers/STM32F4xx_HAL_Driver/Src/stm32f4xx_hal_cortex.o
 .debug_info    0x00000000000055d0      0x966 ./Drivers/STM32F4xx_HAL_Driver/Src/stm32f4xx_hal_rcc.o
 .debug_info    0x0000000000005f36     0x2bbe ./Drivers/STM32F4xx_HAL_Driver/Src/stm32f4xx_hal_tim.o
 .debug_info    0x0000000000008af4     0x15e0 ./Drivers/STM32F4xx_HAL_Driver/Src/stm32f4xx_hal_tim_ex.o
 .debug_info    0x000000000000a0d4     0x1b1f ./Middlewares/Third_Party/FreeRTOS/Source/CMSIS_RTOS/cmsis_os.o
 .debug_info    0x000000000000bbf3      0x2d1 ./Middlewares/Third_Party/FreeRTOS/Source/list.o
 .debug_info    0x000000000000bec4     0x131f ./Middlewares/Third_Party/FreeRTOS/Source/stream_buffer.o
 .debug_info    0x000000000000d1e3     0x1cb3 ./Middlewares/Third_Party/FreeRTOS/Source/tasks.o
 .debug_info    0x000000000000ee96      0x507 ./Middlewares/Third_Party/FreeRTOS/Source/portable/GCC/ARM_CM4F/port.o
 .debug_info    0x000000000000f39d      0x3cd ./user/streambuffer/cmd_buffer.o

.debug_abbrev   0x0000000000000000     0x2750
 .debug_abbrev  0x0000000000000000      0x1b6 ./Core/Src/freertos.o
 .debug_abbrev  0x00000000000001b6       0xd4 ./Core/Src/gpio.o
 .debug_abbrev  0x000000000000028a      0x22f ./Core/Src/main.o
 .debug_abbrev  0x00000000000004b9      0x115 ./Core/Src/stm32f4xx_hal_msp.o
 .debug_abbrev  0x00000000000005ce      0x1e6 ./Core/Src/stm32f4xx_hal_timebase_tim.o
 .debug_abbrev  0x00000000000007b4      0x1b7 ./Core/Src/stm32f4xx_it.o
 .debug_abbrev  0x000000000000096b      0x116 ./Core/Src/system_stm32f4xx.o
 .debug_abbrev  0x0000000000000a81      0x1e0 ./Core/Src/tim.o
 .debug_abbrev  0x0000000000000c61       0x12 ./Core/Startup/startup_stm32f407vetx.o
 .debug_abbrev  0x0000000000000c73      0x20d ./Drivers/STM32F4xx_HAL_Driver/Src/stm32f4xx_hal.o
 .debug_abbrev  0x0000000000000e80      0x316 ./Drivers/STM32F4xx_HAL_Driver/Src/stm32f4xx_hal_cortex.o
 .debug_abbrev  0x0000000000001196      0x2aa ./Drivers/STM32F4xx_HAL_Driver/Src/stm32f4xx_hal_rcc.o
 .debug_abbrev  0x0000000000001440      0x25d ./Drivers/STM32F4xx_HAL_Driver/Src/stm32f4xx_hal_tim.o
 .debug_abbrev  0x000000000000169d      0x265 ./Drivers/STM32F4xx_HAL_Driver/Src/stm32f4xx_hal_tim_ex.o
 .debug_abbrev  0x0000000000001902      0x386 ./Middlewares/Third_Party/FreeRTOS/Source/CMSIS_RTOS/cmsis_os.o
 .debug_abbrev  0x0000000000001c88       0xf2 ./Middlewares/Third_Party/FreeRTOS/Source/list.o
 .debug_abbrev  0x0000000000001d7a      0x2db ./Middlewares/Third_Party/FreeRTOS/Source/stream_buffer.o
 .debug_abbrev  0x0000000000002055      0x339 ./Middlewares/Third_Party/FreeRTOS/Source/tasks.o
 .debug_abbrev  0x000000000000238e      0x259 ./Middlewares/Third_Party/FreeRTOS/Source/portable/GCC/ARM_CM4F/port.o
 .debug_abbrev  0x00000000000025e7      0x169 ./user/streambuffer/cmd_buffer.o

.debug_aranges  0x0000000000000000      0xec8
 .debug_aranges
                0x0000000000000000       0x38 ./Core/Src/freertos.o
 .debug_aranges
                0x0000000000000038       0x20 ./Core/Src/gpio.o
 .debug_aranges
                0x0000000000000058       0x38 ./Core/Src/main.o
 .debug_aranges
                0x0000000000000090       0x20 ./Core/Src/stm32f4xx_hal_msp.o
 .debug_aranges
                0x00000000000000b0       0x30 ./Core/Src/stm32f4xx_hal_timebase_tim.o
 .debug_aranges
                0x00000000000000e0       0x58 ./Core/Src/stm32f4xx_it.o
 .debug_aranges
                0x0000000000000138       0x28 ./Core/Src/system_stm32f4xx.o
 .debug_aranges
                0x0000000000000160       0x30 ./Core/Src/tim.o
 .debug_aranges
                0x0000000000000190       0x28 ./Core/Startup/startup_stm32f407vetx.o
 .debug_aranges
                0x00000000000001b8       0xf0 ./Drivers/STM32F4xx_HAL_Driver/Src/stm32f4xx_hal.o
 .debug_aranges
                0x00000000000002a8      0x118 ./Drivers/STM32F4xx_HAL_Driver/Src/stm32f4xx_hal_cortex.o
 .debug_aranges
                0x00000000000003c0       0x88 ./Drivers/STM32F4xx_HAL_Driver/Src/stm32f4xx_hal_rcc.o
 .debug_aranges
                0x0000000000000448      0x3d0 ./Drivers/STM32F4xx_HAL_Driver/Src/stm32f4xx_hal_tim.o
 .debug_aranges
                0x0000000000000818      0x168 ./Drivers/STM32F4xx_HAL_Driver/Src/stm32f4xx_hal_tim_ex.o
 .debug_aranges
                0x0000000000000980      0x1d8 ./Middlewares/Third_Party/FreeRTOS/Source/CMSIS_RTOS/cmsis_os.o
 .debug_aranges
                0x0000000000000b58       0x40 ./Middlewares/Third_Party/FreeRTOS/Source/list.o
 .debug_aranges
                0x0000000000000b98       0xc0 ./Middlewares/Third_Party/FreeRTOS/Source/stream_buffer.o
 .debug_aranges
                0x0000000000000c58      0x1b0 ./Middlewares/Third_Party/FreeRTOS/Source/tasks.o
 .debug_aranges
                0x0000000000000e08       0x80 ./Middlewares/Third_Party/FreeRTOS/Source/portable/GCC/ARM_CM4F/port.o
 .debug_aranges
                0x0000000000000e88       0x40 ./user/streambuffer/cmd_buffer.o

.debug_ranges   0x0000000000000000      0xd90
 .debug_ranges  0x0000000000000000       0x28 ./Core/Src/freertos.o
 .debug_ranges  0x0000000000000028       0x10 ./Core/Src/gpio.o
 .debug_ranges  0x0000000000000038       0x28 ./Core/Src/main.o
 .debug_ranges  0x0000000000000060       0x10 ./Core/Src/stm32f4xx_hal_msp.o
 .debug_ranges  0x0000000000000070       0x20 ./Core/Src/stm32f4xx_hal_timebase_tim.o
 .debug_ranges  0x0000000000000090       0x48 ./Core/Src/stm32f4xx_it.o
 .debug_ranges  0x00000000000000d8       0x18 ./Core/Src/system_stm32f4xx.o
 .debug_ranges  0x00000000000000f0       0x20 ./Core/Src/tim.o
 .debug_ranges  0x0000000000000110       0x20 ./Core/Startup/startup_stm32f407vetx.o
 .debug_ranges  0x0000000000000130       0xe0 ./Drivers/STM32F4xx_HAL_Driver/Src/stm32f4xx_hal.o
 .debug_ranges  0x0000000000000210      0x108 ./Drivers/STM32F4xx_HAL_Driver/Src/stm32f4xx_hal_cortex.o
 .debug_ranges  0x0000000000000318       0x78 ./Drivers/STM32F4xx_HAL_Driver/Src/stm32f4xx_hal_rcc.o
 .debug_ranges  0x0000000000000390      0x3c0 ./Drivers/STM32F4xx_HAL_Driver/Src/stm32f4xx_hal_tim.o
 .debug_ranges  0x0000000000000750      0x158 ./Drivers/STM32F4xx_HAL_Driver/Src/stm32f4xx_hal_tim_ex.o
 .debug_ranges  0x00000000000008a8      0x1c8 ./Middlewares/Third_Party/FreeRTOS/Source/CMSIS_RTOS/cmsis_os.o
 .debug_ranges  0x0000000000000a70       0x30 ./Middlewares/Third_Party/FreeRTOS/Source/list.o
 .debug_ranges  0x0000000000000aa0       0xb0 ./Middlewares/Third_Party/FreeRTOS/Source/stream_buffer.o
 .debug_ranges  0x0000000000000b50      0x1a0 ./Middlewares/Third_Party/FreeRTOS/Source/tasks.o
 .debug_ranges  0x0000000000000cf0       0x70 ./Middlewares/Third_Party/FreeRTOS/Source/portable/GCC/ARM_CM4F/port.o
 .debug_ranges  0x0000000000000d60       0x30 ./user/streambuffer/cmd_buffer.o

.debug_macro    0x0000000000000000    0x22696
 .debug_macro   0x0000000000000000      0x35f ./Core/Src/freertos.o
 .debug_macro   0x000000000000035f      0xa78 ./Core/Src/freertos.o
 .debug_macro   0x0000000000000dd7      0x174 ./Core/Src/freertos.o
 .debug_macro   0x0000000000000f4b       0x22 ./Core/Src/freertos.o
 .debug_macro   0x0000000000000f6d       0x8e ./Core/Src/freertos.o
 .debug_macro   0x0000000000000ffb       0x51 ./Core/Src/freertos.o
 .debug_macro   0x000000000000104c      0x103 ./Core/Src/freertos.o
 .debug_macro   0x000000000000114f       0x6a ./Core/Src/freertos.o
 .debug_macro   0x00000000000011b9      0x1df ./Core/Src/freertos.o
 .debug_macro   0x0000000000001398       0xe3 ./Core/Src/freertos.o
 .debug_macro   0x000000000000147b      0x15a ./Core/Src/freertos.o
 .debug_macro   0x00000000000015d5       0xde ./Core/Src/freertos.o
 .debug_macro   0x00000000000016b3       0x1c ./Core/Src/freertos.o
 .debug_macro   0x00000000000016cf       0x26 ./Core/Src/freertos.o
 .debug_macro   0x00000000000016f5      0x504 ./Core/Src/freertos.o
 .debug_macro   0x0000000000001bf9       0xb5 ./Core/Src/freertos.o
 .debug_macro   0x0000000000001cae       0xaa ./Core/Src/freertos.o
 .debug_macro   0x0000000000001d58      0x295 ./Core/Src/freertos.o
 .debug_macro   0x0000000000001fed       0x2e ./Core/Src/freertos.o
 .debug_macro   0x000000000000201b       0x2f ./Core/Src/freertos.o
 .debug_macro   0x000000000000204a       0x1c ./Core/Src/freertos.o
 .debug_macro   0x0000000000002066       0x22 ./Core/Src/freertos.o
 .debug_macro   0x0000000000002088       0xd9 ./Core/Src/freertos.o
 .debug_macro   0x0000000000002161     0x102d ./Core/Src/freertos.o
 .debug_macro   0x000000000000318e      0x11f ./Core/Src/freertos.o
 .debug_macro   0x00000000000032ad    0x15e82 ./Core/Src/freertos.o
 .debug_macro   0x000000000001912f       0x6d ./Core/Src/freertos.o
 .debug_macro   0x000000000001919c     0x367e ./Core/Src/freertos.o
 .debug_macro   0x000000000001c81a       0x5c ./Core/Src/freertos.o
 .debug_macro   0x000000000001c876      0x96b ./Core/Src/freertos.o
 .debug_macro   0x000000000001d1e1      0x9fe ./Core/Src/freertos.o
 .debug_macro   0x000000000001dbdf      0x115 ./Core/Src/freertos.o
 .debug_macro   0x000000000001dcf4      0x13e ./Core/Src/freertos.o
 .debug_macro   0x000000000001de32       0xa5 ./Core/Src/freertos.o
 .debug_macro   0x000000000001ded7      0x174 ./Core/Src/freertos.o
 .debug_macro   0x000000000001e04b      0x287 ./Core/Src/freertos.o
 .debug_macro   0x000000000001e2d2       0x5f ./Core/Src/freertos.o
 .debug_macro   0x000000000001e331      0x236 ./Core/Src/freertos.o
 .debug_macro   0x000000000001e567      0x12c ./Core/Src/freertos.o
 .debug_macro   0x000000000001e693      0x21e ./Core/Src/freertos.o
 .debug_macro   0x000000000001e8b1       0x2e ./Core/Src/freertos.o
 .debug_macro   0x000000000001e8df      0x11a ./Core/Src/freertos.o
 .debug_macro   0x000000000001e9f9       0x7e ./Core/Src/freertos.o
 .debug_macro   0x000000000001ea77       0x89 ./Core/Src/freertos.o
 .debug_macro   0x000000000001eb00      0x8e6 ./Core/Src/freertos.o
 .debug_macro   0x000000000001f3e6       0x47 ./Core/Src/freertos.o
 .debug_macro   0x000000000001f42d      0x12d ./Core/Src/freertos.o
 .debug_macro   0x000000000001f55a       0x91 ./Core/Src/freertos.o
 .debug_macro   0x000000000001f5eb       0x86 ./Core/Src/freertos.o
 .debug_macro   0x000000000001f671       0x63 ./Core/Src/freertos.o
 .debug_macro   0x000000000001f6d4       0x19 ./Core/Src/freertos.o
 .debug_macro   0x000000000001f6ed       0xf2 ./Core/Src/freertos.o
 .debug_macro   0x000000000001f7df       0x52 ./Core/Src/freertos.o
 .debug_macro   0x000000000001f831       0x1e ./Core/Src/freertos.o
 .debug_macro   0x000000000001f84f       0x3c ./Core/Src/freertos.o
 .debug_macro   0x000000000001f88b       0x34 ./Core/Src/freertos.o
 .debug_macro   0x000000000001f8bf       0x16 ./Core/Src/freertos.o
 .debug_macro   0x000000000001f8d5       0x43 ./Core/Src/freertos.o
 .debug_macro   0x000000000001f918       0x34 ./Core/Src/freertos.o
 .debug_macro   0x000000000001f94c       0x10 ./Core/Src/freertos.o
 .debug_macro   0x000000000001f95c       0x58 ./Core/Src/freertos.o
 .debug_macro   0x000000000001f9b4       0x71 ./Core/Src/freertos.o
 .debug_macro   0x000000000001fa25       0x1c ./Core/Src/freertos.o
 .debug_macro   0x000000000001fa41      0x12a ./Core/Src/freertos.o
 .debug_macro   0x000000000001fb6b      0x341 ./Core/Src/freertos.o
 .debug_macro   0x000000000001feac       0x10 ./Core/Src/freertos.o
 .debug_macro   0x000000000001febc       0x35 ./Core/Src/freertos.o
 .debug_macro   0x000000000001fef1       0x20 ./Core/Src/freertos.o
 .debug_macro   0x000000000001ff11      0x1d8 ./Core/Src/gpio.o
 .debug_macro   0x00000000000200e9      0x299 ./Core/Src/main.o
 .debug_macro   0x0000000000020382       0xe3 ./Core/Src/main.o
 .debug_macro   0x0000000000020465      0x1ce ./Core/Src/stm32f4xx_hal_msp.o
 .debug_macro   0x0000000000020633      0x1c4 ./Core/Src/stm32f4xx_hal_timebase_tim.o
 .debug_macro   0x00000000000207f7      0x363 ./Core/Src/stm32f4xx_it.o
 .debug_macro   0x0000000000020b5a      0x1c4 ./Core/Src/system_stm32f4xx.o
 .debug_macro   0x0000000000020d1e      0x1d8 ./Core/Src/tim.o
 .debug_macro   0x0000000000020ef6      0x224 ./Drivers/STM32F4xx_HAL_Driver/Src/stm32f4xx_hal.o
 .debug_macro   0x000000000002111a      0x1c4 ./Drivers/STM32F4xx_HAL_Driver/Src/stm32f4xx_hal_cortex.o
 .debug_macro   0x00000000000212de      0x1e8 ./Drivers/STM32F4xx_HAL_Driver/Src/stm32f4xx_hal_rcc.o
 .debug_macro   0x00000000000214c6      0x1c5 ./Drivers/STM32F4xx_HAL_Driver/Src/stm32f4xx_hal_tim.o
 .debug_macro   0x000000000002168b      0x1c4 ./Drivers/STM32F4xx_HAL_Driver/Src/stm32f4xx_hal_tim_ex.o
 .debug_macro   0x000000000002184f      0x1fe ./Middlewares/Third_Party/FreeRTOS/Source/CMSIS_RTOS/cmsis_os.o
 .debug_macro   0x0000000000021a4d       0xc7 ./Middlewares/Third_Party/FreeRTOS/Source/CMSIS_RTOS/cmsis_os.o
 .debug_macro   0x0000000000021b14      0x187 ./Middlewares/Third_Party/FreeRTOS/Source/list.o
 .debug_macro   0x0000000000021c9b      0x1e0 ./Middlewares/Third_Party/FreeRTOS/Source/stream_buffer.o
 .debug_macro   0x0000000000021e7b       0x18 ./Middlewares/Third_Party/FreeRTOS/Source/stream_buffer.o
 .debug_macro   0x0000000000021e93      0x279 ./Middlewares/Third_Party/FreeRTOS/Source/tasks.o
 .debug_macro   0x000000000002210c       0x10 ./Middlewares/Third_Party/FreeRTOS/Source/tasks.o
 .debug_macro   0x000000000002211c      0x196 ./Middlewares/Third_Party/FreeRTOS/Source/portable/GCC/ARM_CM4F/port.o
 .debug_macro   0x00000000000222b2      0x377 ./user/streambuffer/cmd_buffer.o
 .debug_macro   0x0000000000022629       0x6d ./user/streambuffer/cmd_buffer.o

.debug_line     0x0000000000000000    0x104a7
 .debug_line    0x0000000000000000      0xa20 ./Core/Src/freertos.o
 .debug_line    0x0000000000000a20      0x6a8 ./Core/Src/gpio.o
 .debug_line    0x00000000000010c8      0x8c9 ./Core/Src/main.o
 .debug_line    0x0000000000001991      0x6ac ./Core/Src/stm32f4xx_hal_msp.o
 .debug_line    0x000000000000203d      0x727 ./Core/Src/stm32f4xx_hal_timebase_tim.o
 .debug_line    0x0000000000002764      0xa74 ./Core/Src/stm32f4xx_it.o
 .debug_line    0x00000000000031d8      0x72d ./Core/Src/system_stm32f4xx.o
 .debug_line    0x0000000000003905      0x706 ./Core/Src/tim.o
 .debug_line    0x000000000000400b       0x88 ./Core/Startup/startup_stm32f407vetx.o
 .debug_line    0x0000000000004093      0x993 ./Drivers/STM32F4xx_HAL_Driver/Src/stm32f4xx_hal.o
 .debug_line    0x0000000000004a26      0xc42 ./Drivers/STM32F4xx_HAL_Driver/Src/stm32f4xx_hal_cortex.o
 .debug_line    0x0000000000005668      0xd0f ./Drivers/STM32F4xx_HAL_Driver/Src/stm32f4xx_hal_rcc.o
 .debug_line    0x0000000000006377     0x3687 ./Drivers/STM32F4xx_HAL_Driver/Src/stm32f4xx_hal_tim.o
 .debug_line    0x00000000000099fe     0x1990 ./Drivers/STM32F4xx_HAL_Driver/Src/stm32f4xx_hal_tim_ex.o
 .debug_line    0x000000000000b38e     0x1084 ./Middlewares/Third_Party/FreeRTOS/Source/CMSIS_RTOS/cmsis_os.o
 .debug_line    0x000000000000c412      0x707 ./Middlewares/Third_Party/FreeRTOS/Source/list.o
 .debug_line    0x000000000000cb19      0xf02 ./Middlewares/Third_Party/FreeRTOS/Source/stream_buffer.o
 .debug_line    0x000000000000da1b     0x1898 ./Middlewares/Third_Party/FreeRTOS/Source/tasks.o
 .debug_line    0x000000000000f2b3      0x7ac ./Middlewares/Third_Party/FreeRTOS/Source/portable/GCC/ARM_CM4F/port.o
 .debug_line    0x000000000000fa5f      0xa48 ./user/streambuffer/cmd_buffer.o

.debug_str      0x0000000000000000    0xd10b9
 .debug_str     0x0000000000000000    0xca5aa ./Core/Src/freertos.o
                                      0xca89c (size before relaxing)
 .debug_str     0x00000000000ca5aa      0x12a ./Core/Src/gpio.o
                                      0xc19e9 (size before relaxing)
 .debug_str     0x00000000000ca6d4      0x6b6 ./Core/Src/main.o
                                      0xc7ecb (size before relaxing)
 .debug_str     0x00000000000cad8a      0x51c ./Core/Src/stm32f4xx_hal_msp.o
                                      0xc1ef6 (size before relaxing)
 .debug_str     0x00000000000cb2a6      0x121 ./Core/Src/stm32f4xx_hal_timebase_tim.o
                                      0xc2590 (size before relaxing)
 .debug_str     0x00000000000cb3c7       0xe4 ./Core/Src/stm32f4xx_it.o
                                      0xca9c1 (size before relaxing)
 .debug_str     0x00000000000cb4ab       0xdb ./Core/Src/system_stm32f4xx.o
                                      0xc1a99 (size before relaxing)
 .debug_str     0x00000000000cb586       0xd1 ./Core/Src/tim.o
                                      0xc2545 (size before relaxing)
 .debug_str     0x00000000000cb657       0x36 ./Core/Startup/startup_stm32f407vetx.o
                                         0x6a (size before relaxing)
 .debug_str     0x00000000000cb68d      0x5d3 ./Drivers/STM32F4xx_HAL_Driver/Src/stm32f4xx_hal.o
                                      0xc261d (size before relaxing)
 .debug_str     0x00000000000cbc60      0x31d ./Drivers/STM32F4xx_HAL_Driver/Src/stm32f4xx_hal_cortex.o
                                      0xc2350 (size before relaxing)
 .debug_str     0x00000000000cbf7d      0x273 ./Drivers/STM32F4xx_HAL_Driver/Src/stm32f4xx_hal_rcc.o
                                      0xc1ecd (size before relaxing)
 .debug_str     0x00000000000cc1f0      0xe3d ./Drivers/STM32F4xx_HAL_Driver/Src/stm32f4xx_hal_tim.o
                                      0xc2e13 (size before relaxing)
 .debug_str     0x00000000000cd02d      0x493 ./Drivers/STM32F4xx_HAL_Driver/Src/stm32f4xx_hal_tim_ex.o
                                      0xc262f (size before relaxing)
 .debug_str     0x00000000000cd4c0      0xa3e ./Middlewares/Third_Party/FreeRTOS/Source/CMSIS_RTOS/cmsis_os.o
                                       0xe036 (size before relaxing)
 .debug_str     0x00000000000cdefe      0x20f ./Middlewares/Third_Party/FreeRTOS/Source/list.o
                                       0xa668 (size before relaxing)
 .debug_str     0x00000000000ce10d      0xdd8 ./Middlewares/Third_Party/FreeRTOS/Source/stream_buffer.o
                                       0xbae5 (size before relaxing)
 .debug_str     0x00000000000ceee5     0x100e ./Middlewares/Third_Party/FreeRTOS/Source/tasks.o
                                       0xc96f (size before relaxing)
 .debug_str     0x00000000000cfef3      0x783 ./Middlewares/Third_Party/FreeRTOS/Source/portable/GCC/ARM_CM4F/port.o
                                       0x85d5 (size before relaxing)
 .debug_str     0x00000000000d0676      0xa43 ./user/streambuffer/cmd_buffer.o
                                      0xcb0d4 (size before relaxing)

.comment        0x0000000000000000       0x50
 .comment       0x0000000000000000       0x50 ./Core/Src/freertos.o
                                         0x51 (size before relaxing)
 .comment       0x0000000000000050       0x51 ./Core/Src/gpio.o
 .comment       0x0000000000000050       0x51 ./Core/Src/main.o
 .comment       0x0000000000000050       0x51 ./Core/Src/stm32f4xx_hal_msp.o
 .comment       0x0000000000000050       0x51 ./Core/Src/stm32f4xx_hal_timebase_tim.o
 .comment       0x0000000000000050       0x51 ./Core/Src/stm32f4xx_it.o
 .comment       0x0000000000000050       0x51 ./Core/Src/system_stm32f4xx.o
 .comment       0x0000000000000050       0x51 ./Core/Src/tim.o
 .comment       0x0000000000000050       0x51 ./Drivers/STM32F4xx_HAL_Driver/Src/stm32f4xx_hal.o
 .comment       0x0000000000000050       0x51 ./Drivers/STM32F4xx_HAL_Driver/Src/stm32f4xx_hal_cortex.o
 .comment       0x0000000000000050       0x51 ./Drivers/STM32F4xx_HAL_Driver/Src/stm32f4xx_hal_rcc.o
 .comment       0x0000000000000050       0x51 ./Drivers/STM32F4xx_HAL_Driver/Src/stm32f4xx_hal_tim.o
 .comment       0x0000000000000050       0x51 ./Drivers/STM32F4xx_HAL_Driver/Src/stm32f4xx_hal_tim_ex.o
 .comment       0x0000000000000050       0x51 ./Middlewares/Third_Party/FreeRTOS/Source/CMSIS_RTOS/cmsis_os.o
 .comment       0x0000000000000050       0x51 ./Middlewares/Third_Party/FreeRTOS/Source/list.o
 .comment       0x0000000000000050       0x51 ./Middlewares/Third_Party/FreeRTOS/Source/stream_buffer.o
 .comment       0x0000000000000050       0x51 ./Middlewares/Third_Party/FreeRTOS/Source/tasks.o
 .comment       0x0000000000000050       0x51 ./Middlewares/Third_Party/FreeRTOS/Source/portable/GCC/ARM_CM4F/port.o
 .comment       0x0000000000000050       0x51 ./user/streambuffer/cmd_buffer.o

.debug_frame    0x0000000000000000     0x3c6c
 .debug_frame   0x0000000000000000       0xa0 ./Core/Src/freertos.o
 .debug_frame   0x00000000000000a0       0x38 ./Core/Src/gpio.o
 .debug_frame   0x00000000000000d8       0x8c ./Core/Src/main.o
 .debug_frame   0x0000000000000164       0x34 ./Core/Src/stm32f4xx_hal_msp.o
 .debug_frame   0x0000000000000198       0x74 ./Core/Src/stm32f4xx_hal_timebase_tim.o
 .debug_frame   0x000000000000020c       0xe4 ./Core/Src/stm32f4xx_it.o
 .debug_frame   0x00000000000002f0       0x58 ./Core/Src/system_stm32f4xx.o
 .debug_frame   0x0000000000000348       0x7c ./Core/Src/tim.o
 .debug_frame   0x00000000000003c4      0x374 ./Drivers/STM32F4xx_HAL_Driver/Src/stm32f4xx_hal.o
 .debug_frame   0x0000000000000738      0x498 ./Drivers/STM32F4xx_HAL_Driver/Src/stm32f4xx_hal_cortex.o
 .debug_frame   0x0000000000000bd0      0x1f4 ./Drivers/STM32F4xx_HAL_Driver/Src/stm32f4xx_hal_rcc.o
 .debug_frame   0x0000000000000dc4     0x11c4 ./Drivers/STM32F4xx_HAL_Driver/Src/stm32f4xx_hal_tim.o
 .debug_frame   0x0000000000001f88      0x638 ./Drivers/STM32F4xx_HAL_Driver/Src/stm32f4xx_hal_tim_ex.o
 .debug_frame   0x00000000000025c0      0x810 ./Middlewares/Third_Party/FreeRTOS/Source/CMSIS_RTOS/cmsis_os.o
 .debug_frame   0x0000000000002dd0       0xd8 ./Middlewares/Third_Party/FreeRTOS/Source/list.o
 .debug_frame   0x0000000000002ea8      0x328 ./Middlewares/Third_Party/FreeRTOS/Source/stream_buffer.o
 .debug_frame   0x00000000000031d0      0x758 ./Middlewares/Third_Party/FreeRTOS/Source/tasks.o
 .debug_frame   0x0000000000003928      0x1a8 ./Middlewares/Third_Party/FreeRTOS/Source/portable/GCC/ARM_CM4F/port.o
 .debug_frame   0x0000000000003ad0       0xc8 ./user/streambuffer/cmd_buffer.o
 .debug_frame   0x0000000000003b98       0x2c c:/st/stm32cubeide_1.11.2/stm32cubeide/plugins/com.st.stm32cube.ide.mcu.externaltools.gnu-tools-for-stm32.10.3-2021.10.win32_1.0.200.202301161003/tools/bin/../lib/gcc/arm-none-eabi/10.3.1/../../../../arm-none-eabi/lib/thumb/v7e-m+fp/hard\libc_nano.a(lib_a-init.o)
 .debug_frame   0x0000000000003bc4       0x28 c:/st/stm32cubeide_1.11.2/stm32cubeide/plugins/com.st.stm32cube.ide.mcu.externaltools.gnu-tools-for-stm32.10.3-2021.10.win32_1.0.200.202301161003/tools/bin/../lib/gcc/arm-none-eabi/10.3.1/../../../../arm-none-eabi/lib/thumb/v7e-m+fp/hard\libc_nano.a(lib_a-memcpy-stub.o)
 .debug_frame   0x0000000000003bec       0x20 c:/st/stm32cubeide_1.11.2/stm32cubeide/plugins/com.st.stm32cube.ide.mcu.externaltools.gnu-tools-for-stm32.10.3-2021.10.win32_1.0.200.202301161003/tools/bin/../lib/gcc/arm-none-eabi/10.3.1/../../../../arm-none-eabi/lib/thumb/v7e-m+fp/hard\libc_nano.a(lib_a-memset.o)
 .debug_frame   0x0000000000003c0c       0x2c c:/st/stm32cubeide_1.11.2/stm32cubeide/plugins/com.st.stm32cube.ide.mcu.externaltools.gnu-tools-for-stm32.10.3-2021.10.win32_1.0.200.202301161003/tools/bin/../lib/gcc/arm-none-eabi/10.3.1/thumb/v7e-m+fp/hard\libgcc.a(_aeabi_uldivmod.o)
 .debug_frame   0x0000000000003c38       0x34 c:/st/stm32cubeide_1.11.2/stm32cubeide/plugins/com.st.stm32cube.ide.mcu.externaltools.gnu-tools-for-stm32.10.3-2021.10.win32_1.0.200.202301161003/tools/bin/../lib/gcc/arm-none-eabi/10.3.1/thumb/v7e-m+fp/hard\libgcc.a(_udivmoddi4.o)
