20:11:02 **** Incremental Build of configuration Debug for project Advance_Freertos_001 ****
make -j8 all 
arm-none-eabi-gcc "../Core/Src/freertos.c" -mcpu=cortex-m4 -std=gnu11 -g3 -DDEBUG -DUSE_HAL_DRIVER -DSTM32F407xx -c -I../Core/Inc -I../Drivers/STM32F4xx_HAL_Driver/Inc -I../Drivers/STM32F4xx_HAL_Driver/Inc/Legacy -I../Drivers/CMSIS/Device/ST/STM32F4xx/Include -I../Drivers/CMSIS/Include -I../Middlewares/Third_Party/FreeRTOS/Source/include -I../Middlewares/Third_Party/FreeRTOS/Source/CMSIS_RTOS -I../Middlewares/Third_Party/FreeRTOS/Source/portable/GCC/ARM_CM4F -O0 -ffunction-sections -fdata-sections -Wall -fstack-usage -fcyclomatic-complexity -MMD -MP -MF"Core/Src/freertos.d" -MT"Core/Src/freertos.o" --specs=nano.specs -mfpu=fpv4-sp-d16 -mfloat-abi=hard -mthumb -o "Core/Src/freertos.o"
arm-none-eabi-gcc -o "Advance_Freertos_001.elf" @"objects.list"   -mcpu=cortex-m4 -T"E:\c\c embedded stm32\Advance_Freertos_001\STM32F407VETX_FLASH.ld" --specs=nosys.specs -Wl,-Map="Advance_Freertos_001.map" -Wl,--gc-sections -static --specs=nano.specs -mfpu=fpv4-sp-d16 -mfloat-abi=hard -mthumb -Wl,--start-group -lc -lm -Wl,--end-group
Finished building target: Advance_Freertos_001.elf
 
arm-none-eabi-size   Advance_Freertos_001.elf 
arm-none-eabi-objdump -h -S  Advance_Freertos_001.elf  > "Advance_Freertos_001.list"
   text	   data	    bss	    dec	    hex	filename
  16968	     28	  28772	  45768	   b2c8	Advance_Freertos_001.elf
Finished building: default.size.stdout
 
Finished building: Advance_Freertos_001.list
 

20:11:03 Build Finished. 0 errors, 0 warnings. (took 1s.285ms)

