11:40:25 **** Incremental Build of configuration Debug for project I2C-LOOP ****
make -j8 all 
arm-none-eabi-gcc "../Core/Src/main.c" -mcpu=cortex-m4 -std=gnu11 -g3 -DDEBUG -DUSE_HAL_DRIVER -DSTM32F407xx -c -I../Core/Inc -I../Drivers/STM32F4xx_HAL_Driver/Inc -I../Drivers/STM32F4xx_HAL_Driver/Inc/Legacy -I../Drivers/CMSIS/Device/ST/STM32F4xx/Include -I../Drivers/CMSIS/Include -O0 -ffunction-sections -fdata-sections -Wall -fstack-usage -fcyclomatic-complexity -MMD -MP -MF"Core/Src/main.d" -MT"Core/Src/main.o" --specs=nano.specs -mfpu=fpv4-sp-d16 -mfloat-abi=hard -mthumb -o "Core/Src/main.o"
../Core/Src/main.c: In function 'main':
../Core/Src/main.c:99:21: warning: unused variable 'st' [-Wunused-variable]
   99 |   HAL_StatusTypeDef st;
      |                     ^~
arm-none-eabi-gcc -o "I2C-LOOP.elf" @"objects.list"   -mcpu=cortex-m4 -T"E:\c\c embedded stm32\I2C-LOOP\STM32F407VETX_FLASH.ld" --specs=nosys.specs -Wl,-Map="I2C-LOOP.map" -Wl,--gc-sections -static --specs=nano.specs -mfpu=fpv4-sp-d16 -mfloat-abi=hard -mthumb -Wl,--start-group -lc -lm -Wl,--end-group
Finished building target: I2C-LOOP.elf
 
arm-none-eabi-size   I2C-LOOP.elf 
arm-none-eabi-objdump -h -S  I2C-LOOP.elf  > "I2C-LOOP.list"
   text	   data	    bss	    dec	    hex	filename
  16128	     20	   1740	  17888	   45e0	I2C-LOOP.elf
Finished building: default.size.stdout
 
Finished building: I2C-LOOP.list
 

11:40:25 Build Finished. 0 errors, 1 warnings. (took 807ms)

