22:42:49 **** Incremental Build of configuration Debug for project Macro_bitfields ****
make -j8 all 
arm-none-eabi-gcc "../Src/main.c" -mcpu=cortex-m4 -std=gnu11 -g3 -DDEBUG -DSTM32 -DSTM32F4 -DSTM32F407VETx -c -I../Inc -O0 -ffunction-sections -fdata-sections -Wall -fstack-usage -fcyclomatic-complexity -MMD -MP -MF"Src/main.d" -MT"Src/main.o" --specs=nano.specs -mfpu=fpv4-sp-d16 -mfloat-abi=hard -mthumb -o "Src/main.o"
arm-none-eabi-gcc -o "Macro_bitfields.elf" @"objects.list"   -mcpu=cortex-m4 -T"E:\c\c embedded stm32\Macro_bitfields\STM32F407VETX_FLASH.ld" --specs=nosys.specs -Wl,-Map="Macro_bitfields.map" -Wl,--gc-sections -static --specs=nano.specs -mfpu=fpv4-sp-d16 -mfloat-abi=hard -mthumb -Wl,--start-group -lc -lm -Wl,--end-group
Finished building target: Macro_bitfields.elf
 
arm-none-eabi-size   Macro_bitfields.elf 
arm-none-eabi-objdump -h -S  Macro_bitfields.elf  > "Macro_bitfields.list"
   text	   data	    bss	    dec	    hex	filename
    752	      8	   1568	   2328	    918	Macro_bitfields.elf
Finished building: default.size.stdout
 
Finished building: Macro_bitfields.list
 

22:42:49 Build Finished. 0 errors, 0 warnings. (took 405ms)

