21:03:40 **** Incremental Build of configuration Debug for project ModBus ****
make -j8 all 
arm-none-eabi-gcc "../Core/Src/stm32f4xx_it.c" -mcpu=cortex-m4 -std=gnu11 -g3 -DDEBUG -DUSE_HAL_DRIVER -DSTM32F407xx -c -I../Core/Inc -I../Middlewares/modbus/rtu -I../Middlewares/modbus/include -I../Middlewares/modbus/port -I../Drivers/STM32F4xx_HAL_Driver/Inc -I../Drivers/STM32F4xx_HAL_Driver/Inc/Legacy -I../Drivers/CMSIS/Device/ST/STM32F4xx/Include -I../Drivers/CMSIS/Include -I../Middlewares/Third_Party/FreeRTOS/Source/include -I../Middlewares/Third_Party/FreeRTOS/Source/CMSIS_RTOS -I../Middlewares/Third_Party/FreeRTOS/Source/portable/GCC/ARM_CM4F -O0 -ffunction-sections -fdata-sections -Wall -fstack-usage -fcyclomatic-complexity -MMD -MP -MF"Core/Src/stm32f4xx_it.d" -MT"Core/Src/stm32f4xx_it.o" --specs=nano.specs -mfpu=fpv4-sp-d16 -mfloat-abi=hard -mthumb -o "Core/Src/stm32f4xx_it.o"
arm-none-eabi-gcc -o "ModBus.elf" @"objects.list"   -mcpu=cortex-m4 -T"E:\c\c embedded stm32\ModBus\STM32F407VETX_FLASH.ld" --specs=nosys.specs -Wl,-Map="ModBus.map" -Wl,--gc-sections -static --specs=nano.specs -mfpu=fpv4-sp-d16 -mfloat-abi=hard -mthumb -Wl,--start-group -lc -lm -Wl,--end-group
Finished building target: ModBus.elf
 
arm-none-eabi-size   ModBus.elf 
arm-none-eabi-objdump -h -S  ModBus.elf  > "ModBus.list"
   text	   data	    bss	    dec	    hex	filename
  17972	     24	  18096	  36092	   8cfc	ModBus.elf
Finished building: default.size.stdout
 
Finished building: ModBus.list
 

21:03:42 Build Finished. 0 errors, 0 warnings. (took 1s.98ms)

