09:27:40 **** Incremental Build of configuration Debug for project timer_basic ****
make -j8 all 
arm-none-eabi-gcc "../Core/Src/stm32f4xx_it.c" -mcpu=cortex-m4 -std=gnu11 -g3 -DDEBUG -DUSE_HAL_DRIVER -DSTM32F407xx -DUSE_FULL_LL_DRIVER -c -I../Core/Inc -I../Drivers/STM32F4xx_HAL_Driver/Inc -I../Drivers/STM32F4xx_HAL_Driver/Inc/Legacy -I../Drivers/CMSIS/Device/ST/STM32F4xx/Include -I../Drivers/CMSIS/Include -O0 -ffunction-sections -fdata-sections -Wall -fstack-usage -fcyclomatic-complexity -MMD -MP -MF"Core/Src/stm32f4xx_it.d" -MT"Core/Src/stm32f4xx_it.o" --specs=nano.specs -mfpu=fpv4-sp-d16 -mfloat-abi=hard -mthumb -o "Core/Src/stm32f4xx_it.o"
arm-none-eabi-gcc -o "timer_basic.elf" @"objects.list"   -mcpu=cortex-m4 -T"E:\c\c embedded stm32\timer_basic\STM32F407VETX_FLASH.ld" --specs=nosys.specs -Wl,-Map="timer_basic.map" -Wl,--gc-sections -static --specs=nano.specs -mfpu=fpv4-sp-d16 -mfloat-abi=hard -mthumb -Wl,--start-group -lc -lm -Wl,--end-group
Finished building target: timer_basic.elf
 
arm-none-eabi-size   timer_basic.elf 
arm-none-eabi-objdump -h -S  timer_basic.elf  > "timer_basic.list"
   text	   data	    bss	    dec	    hex	filename
   8616	     20	   1572	  10208	   27e0	timer_basic.elf
Finished building: default.size.stdout
 
Finished building: timer_basic.list
 

09:27:43 Build Finished. 0 errors, 0 warnings. (took 3s.508ms)

