16:05:41 **** Incremental Build of configuration Debug for project volatile ****
make -j8 all 
arm-none-eabi-gcc "../Src/main.c" -mcpu=cortex-m4 -std=gnu11 -g3 -DDEBUG -DSTM32 -DSTM32F4 -DSTM32F407VETx -c -I../Inc -O1 -ffunction-sections -fdata-sections -Wall -fstack-usage -fcyclomatic-complexity -MMD -MP -MF"Src/main.d" -MT"Src/main.o" --specs=nano.specs -mfpu=fpv4-sp-d16 -mfloat-abi=hard -mthumb -o "Src/main.o"
arm-none-eabi-gcc -o "volatile.elf" @"objects.list"   -mcpu=cortex-m4 -T"E:\c\c embedded stm32\volatile\STM32F407VETX_FLASH.ld" --specs=nosys.specs -Wl,-Map="volatile.map" -Wl,--gc-sections -static --specs=nano.specs -mfpu=fpv4-sp-d16 -mfloat-abi=hard -mthumb -Wl,--start-group -lc -lm -Wl,--end-group
Finished building target: volatile.elf
 
arm-none-eabi-size   volatile.elf 
arm-none-eabi-objdump -h -S  volatile.elf  > "volatile.list"
   text	   data	    bss	    dec	    hex	filename
    712	      8	   1576	   2296	    8f8	volatile.elf
Finished building: default.size.stdout
 
Finished building: volatile.list
 

16:05:42 Build Finished. 0 errors, 0 warnings. (took 357ms)

